Archive member included to satisfy reference by file (symbol)

C:\Users\student\wbudowane-\Lib_CMSISv1p30_LPC17xx\Debug\libCMSISv1p30_LPC17xx.a(system_LPC17xx.o)
                              ./src/cr_startup_lpc17.o (SystemInit)
C:\Users\student\wbudowane-\Lib_MCU\Debug\libLib_MCU.a(lpc17xx_dac.o)
                              ./src/main.o (DAC_Init)
C:\Users\student\wbudowane-\Lib_MCU\Debug\libLib_MCU.a(lpc17xx_gpio.o)
                              ./src/main.o (GPIO_SetDir)
C:\Users\student\wbudowane-\Lib_MCU\Debug\libLib_MCU.a(lpc17xx_pinsel.o)
                              ./src/main.o (PINSEL_ConfigPin)
C:\Users\student\wbudowane-\Lib_MCU\Debug\libLib_MCU.a(lpc17xx_timer.o)
                              ./src/main.o (Timer0_us_Wait)
C:\Users\student\wbudowane-\Lib_MCU\Debug\libLib_MCU.a(lpc17xx_clkpwr.o)
                              C:\Users\student\wbudowane-\Lib_MCU\Debug\libLib_MCU.a(lpc17xx_timer.o) (CLKPWR_SetPCLKDiv)
c:/nxp/mcuxpressoide_11.9.1_2170/ide/plugins/com.nxp.mcuxpresso.tools.win32_11.9.1.202402080819/tools/bin/../lib/gcc/arm-none-eabi/12.3.1/thumb/v7-m/nofp\libgcc.a(_aeabi_uldivmod.o)
                              C:\Users\student\wbudowane-\Lib_CMSISv1p30_LPC17xx\Debug\libCMSISv1p30_LPC17xx.a(system_LPC17xx.o) (__aeabi_uldivmod)
c:/nxp/mcuxpressoide_11.9.1_2170/ide/plugins/com.nxp.mcuxpresso.tools.win32_11.9.1.202402080819/tools/bin/../lib/gcc/arm-none-eabi/12.3.1/thumb/v7-m/nofp\libgcc.a(_udivmoddi4.o)
                              c:/nxp/mcuxpressoide_11.9.1_2170/ide/plugins/com.nxp.mcuxpresso.tools.win32_11.9.1.202402080819/tools/bin/../lib/gcc/arm-none-eabi/12.3.1/thumb/v7-m/nofp\libgcc.a(_aeabi_uldivmod.o) (__udivmoddi4)
c:/nxp/mcuxpressoide_11.9.1_2170/ide/plugins/com.nxp.mcuxpresso.tools.win32_11.9.1.202402080819/tools/bin/../lib/gcc/arm-none-eabi/12.3.1/thumb/v7-m/nofp\libgcc.a(_dvmd_tls.o)
                              c:/nxp/mcuxpressoide_11.9.1_2170/ide/plugins/com.nxp.mcuxpresso.tools.win32_11.9.1.202402080819/tools/bin/../lib/gcc/arm-none-eabi/12.3.1/thumb/v7-m/nofp\libgcc.a(_aeabi_uldivmod.o) (__aeabi_ldiv0)

Discarded input sections

 .group         0x00000000        0xc ./src/cr_startup_lpc17.o
 .group         0x00000000        0xc ./src/cr_startup_lpc17.o
 .group         0x00000000        0xc ./src/cr_startup_lpc17.o
 .group         0x00000000        0xc ./src/cr_startup_lpc17.o
 .group         0x00000000        0xc ./src/cr_startup_lpc17.o
 .group         0x00000000        0xc ./src/cr_startup_lpc17.o
 .group         0x00000000        0xc ./src/cr_startup_lpc17.o
 .text          0x00000000        0x0 ./src/cr_startup_lpc17.o
 .data          0x00000000        0x0 ./src/cr_startup_lpc17.o
 .bss           0x00000000        0x0 ./src/cr_startup_lpc17.o
 .group         0x00000000        0xc ./src/main.o
 .group         0x00000000        0xc ./src/main.o
 .group         0x00000000        0xc ./src/main.o
 .group         0x00000000        0xc ./src/main.o
 .group         0x00000000        0xc ./src/main.o
 .group         0x00000000        0xc ./src/main.o
 .group         0x00000000        0xc ./src/main.o
 .group         0x00000000        0xc ./src/main.o
 .group         0x00000000        0xc ./src/main.o
 .group         0x00000000        0xc ./src/main.o
 .group         0x00000000        0xc ./src/main.o
 .group         0x00000000        0xc ./src/main.o
 .group         0x00000000        0xc ./src/main.o
 .group         0x00000000        0xc ./src/main.o
 .group         0x00000000        0xc ./src/main.o
 .group         0x00000000        0xc ./src/main.o
 .group         0x00000000        0xc ./src/main.o
 .text          0x00000000        0x0 ./src/main.o
 .data          0x00000000        0x0 ./src/main.o
 .bss           0x00000000        0x0 ./src/main.o
 .debug_macro   0x00000000      0xab4 ./src/main.o
 .debug_macro   0x00000000       0x22 ./src/main.o
 .debug_macro   0x00000000       0x8e ./src/main.o
 .debug_macro   0x00000000       0x51 ./src/main.o
 .debug_macro   0x00000000      0x103 ./src/main.o
 .debug_macro   0x00000000       0x6a ./src/main.o
 .debug_macro   0x00000000      0x1df ./src/main.o
 .group         0x00000000        0xc C:\Users\student\wbudowane-\Lib_CMSISv1p30_LPC17xx\Debug\libCMSISv1p30_LPC17xx.a(system_LPC17xx.o)
 .group         0x00000000        0xc C:\Users\student\wbudowane-\Lib_CMSISv1p30_LPC17xx\Debug\libCMSISv1p30_LPC17xx.a(system_LPC17xx.o)
 .group         0x00000000        0xc C:\Users\student\wbudowane-\Lib_CMSISv1p30_LPC17xx\Debug\libCMSISv1p30_LPC17xx.a(system_LPC17xx.o)
 .group         0x00000000        0xc C:\Users\student\wbudowane-\Lib_CMSISv1p30_LPC17xx\Debug\libCMSISv1p30_LPC17xx.a(system_LPC17xx.o)
 .group         0x00000000        0xc C:\Users\student\wbudowane-\Lib_CMSISv1p30_LPC17xx\Debug\libCMSISv1p30_LPC17xx.a(system_LPC17xx.o)
 .group         0x00000000        0xc C:\Users\student\wbudowane-\Lib_CMSISv1p30_LPC17xx\Debug\libCMSISv1p30_LPC17xx.a(system_LPC17xx.o)
 .group         0x00000000        0xc C:\Users\student\wbudowane-\Lib_CMSISv1p30_LPC17xx\Debug\libCMSISv1p30_LPC17xx.a(system_LPC17xx.o)
 .text          0x00000000        0x0 C:\Users\student\wbudowane-\Lib_CMSISv1p30_LPC17xx\Debug\libCMSISv1p30_LPC17xx.a(system_LPC17xx.o)
 .bss           0x00000000        0x0 C:\Users\student\wbudowane-\Lib_CMSISv1p30_LPC17xx\Debug\libCMSISv1p30_LPC17xx.a(system_LPC17xx.o)
 .text.SystemCoreClockUpdate
                0x00000000      0x2e8 C:\Users\student\wbudowane-\Lib_CMSISv1p30_LPC17xx\Debug\libCMSISv1p30_LPC17xx.a(system_LPC17xx.o)
 .debug_macro   0x00000000       0x1c C:\Users\student\wbudowane-\Lib_CMSISv1p30_LPC17xx\Debug\libCMSISv1p30_LPC17xx.a(system_LPC17xx.o)
 .debug_macro   0x00000000      0x2c7 C:\Users\student\wbudowane-\Lib_CMSISv1p30_LPC17xx\Debug\libCMSISv1p30_LPC17xx.a(system_LPC17xx.o)
 .group         0x00000000        0xc C:\Users\student\wbudowane-\Lib_MCU\Debug\libLib_MCU.a(lpc17xx_dac.o)
 .group         0x00000000        0xc C:\Users\student\wbudowane-\Lib_MCU\Debug\libLib_MCU.a(lpc17xx_dac.o)
 .group         0x00000000        0xc C:\Users\student\wbudowane-\Lib_MCU\Debug\libLib_MCU.a(lpc17xx_dac.o)
 .group         0x00000000        0xc C:\Users\student\wbudowane-\Lib_MCU\Debug\libLib_MCU.a(lpc17xx_dac.o)
 .group         0x00000000        0xc C:\Users\student\wbudowane-\Lib_MCU\Debug\libLib_MCU.a(lpc17xx_dac.o)
 .group         0x00000000        0xc C:\Users\student\wbudowane-\Lib_MCU\Debug\libLib_MCU.a(lpc17xx_dac.o)
 .group         0x00000000        0xc C:\Users\student\wbudowane-\Lib_MCU\Debug\libLib_MCU.a(lpc17xx_dac.o)
 .group         0x00000000        0xc C:\Users\student\wbudowane-\Lib_MCU\Debug\libLib_MCU.a(lpc17xx_dac.o)
 .group         0x00000000        0xc C:\Users\student\wbudowane-\Lib_MCU\Debug\libLib_MCU.a(lpc17xx_dac.o)
 .group         0x00000000        0xc C:\Users\student\wbudowane-\Lib_MCU\Debug\libLib_MCU.a(lpc17xx_dac.o)
 .group         0x00000000        0xc C:\Users\student\wbudowane-\Lib_MCU\Debug\libLib_MCU.a(lpc17xx_dac.o)
 .group         0x00000000        0xc C:\Users\student\wbudowane-\Lib_MCU\Debug\libLib_MCU.a(lpc17xx_dac.o)
 .text          0x00000000        0x0 C:\Users\student\wbudowane-\Lib_MCU\Debug\libLib_MCU.a(lpc17xx_dac.o)
 .data          0x00000000        0x0 C:\Users\student\wbudowane-\Lib_MCU\Debug\libLib_MCU.a(lpc17xx_dac.o)
 .bss           0x00000000        0x0 C:\Users\student\wbudowane-\Lib_MCU\Debug\libLib_MCU.a(lpc17xx_dac.o)
 .text.DAC_ConfigDAConverterControl
                0x00000000       0x74 C:\Users\student\wbudowane-\Lib_MCU\Debug\libLib_MCU.a(lpc17xx_dac.o)
 .text.DAC_SetDMATimeOut
                0x00000000       0x34 C:\Users\student\wbudowane-\Lib_MCU\Debug\libLib_MCU.a(lpc17xx_dac.o)
 .debug_macro   0x00000000      0xaae C:\Users\student\wbudowane-\Lib_MCU\Debug\libLib_MCU.a(lpc17xx_dac.o)
 .debug_macro   0x00000000       0x1c C:\Users\student\wbudowane-\Lib_MCU\Debug\libLib_MCU.a(lpc17xx_dac.o)
 .debug_macro   0x00000000       0x22 C:\Users\student\wbudowane-\Lib_MCU\Debug\libLib_MCU.a(lpc17xx_dac.o)
 .debug_macro   0x00000000       0x10 C:\Users\student\wbudowane-\Lib_MCU\Debug\libLib_MCU.a(lpc17xx_dac.o)
 .debug_macro   0x00000000      0x12e C:\Users\student\wbudowane-\Lib_MCU\Debug\libLib_MCU.a(lpc17xx_dac.o)
 .debug_macro   0x00000000      0x5b3 C:\Users\student\wbudowane-\Lib_MCU\Debug\libLib_MCU.a(lpc17xx_dac.o)
 .debug_macro   0x00000000      0x7b7 C:\Users\student\wbudowane-\Lib_MCU\Debug\libLib_MCU.a(lpc17xx_dac.o)
 .debug_macro   0x00000000      0x2c7 C:\Users\student\wbudowane-\Lib_MCU\Debug\libLib_MCU.a(lpc17xx_dac.o)
 .debug_macro   0x00000000       0x64 C:\Users\student\wbudowane-\Lib_MCU\Debug\libLib_MCU.a(lpc17xx_dac.o)
 .group         0x00000000        0xc C:\Users\student\wbudowane-\Lib_MCU\Debug\libLib_MCU.a(lpc17xx_gpio.o)
 .group         0x00000000        0xc C:\Users\student\wbudowane-\Lib_MCU\Debug\libLib_MCU.a(lpc17xx_gpio.o)
 .group         0x00000000        0xc C:\Users\student\wbudowane-\Lib_MCU\Debug\libLib_MCU.a(lpc17xx_gpio.o)
 .group         0x00000000        0xc C:\Users\student\wbudowane-\Lib_MCU\Debug\libLib_MCU.a(lpc17xx_gpio.o)
 .group         0x00000000        0xc C:\Users\student\wbudowane-\Lib_MCU\Debug\libLib_MCU.a(lpc17xx_gpio.o)
 .group         0x00000000        0xc C:\Users\student\wbudowane-\Lib_MCU\Debug\libLib_MCU.a(lpc17xx_gpio.o)
 .group         0x00000000        0xc C:\Users\student\wbudowane-\Lib_MCU\Debug\libLib_MCU.a(lpc17xx_gpio.o)
 .group         0x00000000        0xc C:\Users\student\wbudowane-\Lib_MCU\Debug\libLib_MCU.a(lpc17xx_gpio.o)
 .group         0x00000000        0xc C:\Users\student\wbudowane-\Lib_MCU\Debug\libLib_MCU.a(lpc17xx_gpio.o)
 .group         0x00000000        0xc C:\Users\student\wbudowane-\Lib_MCU\Debug\libLib_MCU.a(lpc17xx_gpio.o)
 .group         0x00000000        0xc C:\Users\student\wbudowane-\Lib_MCU\Debug\libLib_MCU.a(lpc17xx_gpio.o)
 .text          0x00000000        0x0 C:\Users\student\wbudowane-\Lib_MCU\Debug\libLib_MCU.a(lpc17xx_gpio.o)
 .data          0x00000000        0x0 C:\Users\student\wbudowane-\Lib_MCU\Debug\libLib_MCU.a(lpc17xx_gpio.o)
 .bss           0x00000000        0x0 C:\Users\student\wbudowane-\Lib_MCU\Debug\libLib_MCU.a(lpc17xx_gpio.o)
 .text.FIO_HalfWordGetPointer
                0x00000000       0x70 C:\Users\student\wbudowane-\Lib_MCU\Debug\libLib_MCU.a(lpc17xx_gpio.o)
 .text.FIO_ByteGetPointer
                0x00000000       0x70 C:\Users\student\wbudowane-\Lib_MCU\Debug\libLib_MCU.a(lpc17xx_gpio.o)
 .text.GPIO_SetValue
                0x00000000       0x2a C:\Users\student\wbudowane-\Lib_MCU\Debug\libLib_MCU.a(lpc17xx_gpio.o)
 .text.GPIO_ReadValue
                0x00000000       0x2a C:\Users\student\wbudowane-\Lib_MCU\Debug\libLib_MCU.a(lpc17xx_gpio.o)
 .text.GPIO_IntCmd
                0x00000000       0x70 C:\Users\student\wbudowane-\Lib_MCU\Debug\libLib_MCU.a(lpc17xx_gpio.o)
 .text.GPIO_GetIntStatus
                0x00000000       0xa0 C:\Users\student\wbudowane-\Lib_MCU\Debug\libLib_MCU.a(lpc17xx_gpio.o)
 .text.GPIO_ClearInt
                0x00000000       0x38 C:\Users\student\wbudowane-\Lib_MCU\Debug\libLib_MCU.a(lpc17xx_gpio.o)
 .text.FIO_SetDir
                0x00000000       0x24 C:\Users\student\wbudowane-\Lib_MCU\Debug\libLib_MCU.a(lpc17xx_gpio.o)
 .text.FIO_SetValue
                0x00000000       0x1e C:\Users\student\wbudowane-\Lib_MCU\Debug\libLib_MCU.a(lpc17xx_gpio.o)
 .text.FIO_ClearValue
                0x00000000       0x1e C:\Users\student\wbudowane-\Lib_MCU\Debug\libLib_MCU.a(lpc17xx_gpio.o)
 .text.FIO_ReadValue
                0x00000000       0x1c C:\Users\student\wbudowane-\Lib_MCU\Debug\libLib_MCU.a(lpc17xx_gpio.o)
 .text.FIO_IntCmd
                0x00000000       0x24 C:\Users\student\wbudowane-\Lib_MCU\Debug\libLib_MCU.a(lpc17xx_gpio.o)
 .text.FIO_GetIntStatus
                0x00000000       0x26 C:\Users\student\wbudowane-\Lib_MCU\Debug\libLib_MCU.a(lpc17xx_gpio.o)
 .text.FIO_ClearInt
                0x00000000       0x1e C:\Users\student\wbudowane-\Lib_MCU\Debug\libLib_MCU.a(lpc17xx_gpio.o)
 .text.FIO_SetMask
                0x00000000       0x4a C:\Users\student\wbudowane-\Lib_MCU\Debug\libLib_MCU.a(lpc17xx_gpio.o)
 .text.FIO_HalfWordSetDir
                0x00000000       0xa2 C:\Users\student\wbudowane-\Lib_MCU\Debug\libLib_MCU.a(lpc17xx_gpio.o)
 .text.FIO_HalfWordSetMask
                0x00000000       0xa2 C:\Users\student\wbudowane-\Lib_MCU\Debug\libLib_MCU.a(lpc17xx_gpio.o)
 .text.FIO_HalfWordSetValue
                0x00000000       0x3e C:\Users\student\wbudowane-\Lib_MCU\Debug\libLib_MCU.a(lpc17xx_gpio.o)
 .text.FIO_HalfWordClearValue
                0x00000000       0x3e C:\Users\student\wbudowane-\Lib_MCU\Debug\libLib_MCU.a(lpc17xx_gpio.o)
 .text.FIO_HalfWordReadValue
                0x00000000       0x40 C:\Users\student\wbudowane-\Lib_MCU\Debug\libLib_MCU.a(lpc17xx_gpio.o)
 .text.FIO_ByteSetDir
                0x00000000       0x7c C:\Users\student\wbudowane-\Lib_MCU\Debug\libLib_MCU.a(lpc17xx_gpio.o)
 .text.FIO_ByteSetMask
                0x00000000       0x88 C:\Users\student\wbudowane-\Lib_MCU\Debug\libLib_MCU.a(lpc17xx_gpio.o)
 .text.FIO_ByteSetValue
                0x00000000       0x3a C:\Users\student\wbudowane-\Lib_MCU\Debug\libLib_MCU.a(lpc17xx_gpio.o)
 .text.FIO_ByteClearValue
                0x00000000       0x3a C:\Users\student\wbudowane-\Lib_MCU\Debug\libLib_MCU.a(lpc17xx_gpio.o)
 .text.FIO_ByteReadValue
                0x00000000       0x3c C:\Users\student\wbudowane-\Lib_MCU\Debug\libLib_MCU.a(lpc17xx_gpio.o)
 .debug_macro   0x00000000      0xaae C:\Users\student\wbudowane-\Lib_MCU\Debug\libLib_MCU.a(lpc17xx_gpio.o)
 .debug_macro   0x00000000       0x1c C:\Users\student\wbudowane-\Lib_MCU\Debug\libLib_MCU.a(lpc17xx_gpio.o)
 .debug_macro   0x00000000       0x22 C:\Users\student\wbudowane-\Lib_MCU\Debug\libLib_MCU.a(lpc17xx_gpio.o)
 .debug_macro   0x00000000       0x10 C:\Users\student\wbudowane-\Lib_MCU\Debug\libLib_MCU.a(lpc17xx_gpio.o)
 .debug_macro   0x00000000      0x12e C:\Users\student\wbudowane-\Lib_MCU\Debug\libLib_MCU.a(lpc17xx_gpio.o)
 .debug_macro   0x00000000      0x5b3 C:\Users\student\wbudowane-\Lib_MCU\Debug\libLib_MCU.a(lpc17xx_gpio.o)
 .debug_macro   0x00000000      0x7b7 C:\Users\student\wbudowane-\Lib_MCU\Debug\libLib_MCU.a(lpc17xx_gpio.o)
 .debug_macro   0x00000000      0x2c7 C:\Users\student\wbudowane-\Lib_MCU\Debug\libLib_MCU.a(lpc17xx_gpio.o)
 .debug_macro   0x00000000       0x64 C:\Users\student\wbudowane-\Lib_MCU\Debug\libLib_MCU.a(lpc17xx_gpio.o)
 .debug_macro   0x00000000       0xda C:\Users\student\wbudowane-\Lib_MCU\Debug\libLib_MCU.a(lpc17xx_gpio.o)
 .group         0x00000000        0xc C:\Users\student\wbudowane-\Lib_MCU\Debug\libLib_MCU.a(lpc17xx_pinsel.o)
 .group         0x00000000        0xc C:\Users\student\wbudowane-\Lib_MCU\Debug\libLib_MCU.a(lpc17xx_pinsel.o)
 .group         0x00000000        0xc C:\Users\student\wbudowane-\Lib_MCU\Debug\libLib_MCU.a(lpc17xx_pinsel.o)
 .group         0x00000000        0xc C:\Users\student\wbudowane-\Lib_MCU\Debug\libLib_MCU.a(lpc17xx_pinsel.o)
 .group         0x00000000        0xc C:\Users\student\wbudowane-\Lib_MCU\Debug\libLib_MCU.a(lpc17xx_pinsel.o)
 .group         0x00000000        0xc C:\Users\student\wbudowane-\Lib_MCU\Debug\libLib_MCU.a(lpc17xx_pinsel.o)
 .group         0x00000000        0xc C:\Users\student\wbudowane-\Lib_MCU\Debug\libLib_MCU.a(lpc17xx_pinsel.o)
 .group         0x00000000        0xc C:\Users\student\wbudowane-\Lib_MCU\Debug\libLib_MCU.a(lpc17xx_pinsel.o)
 .group         0x00000000        0xc C:\Users\student\wbudowane-\Lib_MCU\Debug\libLib_MCU.a(lpc17xx_pinsel.o)
 .group         0x00000000        0xc C:\Users\student\wbudowane-\Lib_MCU\Debug\libLib_MCU.a(lpc17xx_pinsel.o)
 .text          0x00000000        0x0 C:\Users\student\wbudowane-\Lib_MCU\Debug\libLib_MCU.a(lpc17xx_pinsel.o)
 .data          0x00000000        0x0 C:\Users\student\wbudowane-\Lib_MCU\Debug\libLib_MCU.a(lpc17xx_pinsel.o)
 .bss           0x00000000        0x0 C:\Users\student\wbudowane-\Lib_MCU\Debug\libLib_MCU.a(lpc17xx_pinsel.o)
 .text.PINSEL_ConfigTraceFunc
                0x00000000       0x40 C:\Users\student\wbudowane-\Lib_MCU\Debug\libLib_MCU.a(lpc17xx_pinsel.o)
 .text.PINSEL_SetI2C0Pins
                0x00000000       0x38 C:\Users\student\wbudowane-\Lib_MCU\Debug\libLib_MCU.a(lpc17xx_pinsel.o)
 .debug_macro   0x00000000      0xaae C:\Users\student\wbudowane-\Lib_MCU\Debug\libLib_MCU.a(lpc17xx_pinsel.o)
 .debug_macro   0x00000000       0x1c C:\Users\student\wbudowane-\Lib_MCU\Debug\libLib_MCU.a(lpc17xx_pinsel.o)
 .debug_macro   0x00000000       0x22 C:\Users\student\wbudowane-\Lib_MCU\Debug\libLib_MCU.a(lpc17xx_pinsel.o)
 .debug_macro   0x00000000       0x10 C:\Users\student\wbudowane-\Lib_MCU\Debug\libLib_MCU.a(lpc17xx_pinsel.o)
 .debug_macro   0x00000000      0x12e C:\Users\student\wbudowane-\Lib_MCU\Debug\libLib_MCU.a(lpc17xx_pinsel.o)
 .debug_macro   0x00000000      0x5b3 C:\Users\student\wbudowane-\Lib_MCU\Debug\libLib_MCU.a(lpc17xx_pinsel.o)
 .debug_macro   0x00000000      0x7b7 C:\Users\student\wbudowane-\Lib_MCU\Debug\libLib_MCU.a(lpc17xx_pinsel.o)
 .debug_macro   0x00000000      0x2c7 C:\Users\student\wbudowane-\Lib_MCU\Debug\libLib_MCU.a(lpc17xx_pinsel.o)
 .debug_macro   0x00000000       0x64 C:\Users\student\wbudowane-\Lib_MCU\Debug\libLib_MCU.a(lpc17xx_pinsel.o)
 .debug_macro   0x00000000      0x140 C:\Users\student\wbudowane-\Lib_MCU\Debug\libLib_MCU.a(lpc17xx_pinsel.o)
 .group         0x00000000        0xc C:\Users\student\wbudowane-\Lib_MCU\Debug\libLib_MCU.a(lpc17xx_timer.o)
 .group         0x00000000        0xc C:\Users\student\wbudowane-\Lib_MCU\Debug\libLib_MCU.a(lpc17xx_timer.o)
 .group         0x00000000        0xc C:\Users\student\wbudowane-\Lib_MCU\Debug\libLib_MCU.a(lpc17xx_timer.o)
 .group         0x00000000        0xc C:\Users\student\wbudowane-\Lib_MCU\Debug\libLib_MCU.a(lpc17xx_timer.o)
 .group         0x00000000        0xc C:\Users\student\wbudowane-\Lib_MCU\Debug\libLib_MCU.a(lpc17xx_timer.o)
 .group         0x00000000        0xc C:\Users\student\wbudowane-\Lib_MCU\Debug\libLib_MCU.a(lpc17xx_timer.o)
 .group         0x00000000        0xc C:\Users\student\wbudowane-\Lib_MCU\Debug\libLib_MCU.a(lpc17xx_timer.o)
 .group         0x00000000        0xc C:\Users\student\wbudowane-\Lib_MCU\Debug\libLib_MCU.a(lpc17xx_timer.o)
 .group         0x00000000        0xc C:\Users\student\wbudowane-\Lib_MCU\Debug\libLib_MCU.a(lpc17xx_timer.o)
 .group         0x00000000        0xc C:\Users\student\wbudowane-\Lib_MCU\Debug\libLib_MCU.a(lpc17xx_timer.o)
 .group         0x00000000        0xc C:\Users\student\wbudowane-\Lib_MCU\Debug\libLib_MCU.a(lpc17xx_timer.o)
 .group         0x00000000        0xc C:\Users\student\wbudowane-\Lib_MCU\Debug\libLib_MCU.a(lpc17xx_timer.o)
 .group         0x00000000        0xc C:\Users\student\wbudowane-\Lib_MCU\Debug\libLib_MCU.a(lpc17xx_timer.o)
 .text          0x00000000        0x0 C:\Users\student\wbudowane-\Lib_MCU\Debug\libLib_MCU.a(lpc17xx_timer.o)
 .data          0x00000000        0x0 C:\Users\student\wbudowane-\Lib_MCU\Debug\libLib_MCU.a(lpc17xx_timer.o)
 .bss           0x00000000        0x0 C:\Users\student\wbudowane-\Lib_MCU\Debug\libLib_MCU.a(lpc17xx_timer.o)
 .text.TIM_GetIntCaptureStatus
                0x00000000       0x9c C:\Users\student\wbudowane-\Lib_MCU\Debug\libLib_MCU.a(lpc17xx_timer.o)
 .text.TIM_ClearIntCapturePending
                0x00000000       0x88 C:\Users\student\wbudowane-\Lib_MCU\Debug\libLib_MCU.a(lpc17xx_timer.o)
 .text.TIM_ConfigStructInit
                0x00000000       0x38 C:\Users\student\wbudowane-\Lib_MCU\Debug\libLib_MCU.a(lpc17xx_timer.o)
 .text.TIM_DeInit
                0x00000000       0x9c C:\Users\student\wbudowane-\Lib_MCU\Debug\libLib_MCU.a(lpc17xx_timer.o)
 .text.TIM_ResetCounter
                0x00000000       0x64 C:\Users\student\wbudowane-\Lib_MCU\Debug\libLib_MCU.a(lpc17xx_timer.o)
 .text.TIM_UpdateMatchValue
                0x00000000       0x90 C:\Users\student\wbudowane-\Lib_MCU\Debug\libLib_MCU.a(lpc17xx_timer.o)
 .text.TIM_ConfigCapture
                0x00000000       0xdc C:\Users\student\wbudowane-\Lib_MCU\Debug\libLib_MCU.a(lpc17xx_timer.o)
 .text.TIM_GetCaptureValue
                0x00000000       0x74 C:\Users\student\wbudowane-\Lib_MCU\Debug\libLib_MCU.a(lpc17xx_timer.o)
 .text.Timer0_Wait
                0x00000000       0x76 C:\Users\student\wbudowane-\Lib_MCU\Debug\libLib_MCU.a(lpc17xx_timer.o)
 .debug_macro   0x00000000      0xaae C:\Users\student\wbudowane-\Lib_MCU\Debug\libLib_MCU.a(lpc17xx_timer.o)
 .debug_macro   0x00000000       0x1c C:\Users\student\wbudowane-\Lib_MCU\Debug\libLib_MCU.a(lpc17xx_timer.o)
 .debug_macro   0x00000000       0x22 C:\Users\student\wbudowane-\Lib_MCU\Debug\libLib_MCU.a(lpc17xx_timer.o)
 .debug_macro   0x00000000       0x10 C:\Users\student\wbudowane-\Lib_MCU\Debug\libLib_MCU.a(lpc17xx_timer.o)
 .debug_macro   0x00000000      0x12e C:\Users\student\wbudowane-\Lib_MCU\Debug\libLib_MCU.a(lpc17xx_timer.o)
 .debug_macro   0x00000000      0x5b3 C:\Users\student\wbudowane-\Lib_MCU\Debug\libLib_MCU.a(lpc17xx_timer.o)
 .debug_macro   0x00000000      0x7b7 C:\Users\student\wbudowane-\Lib_MCU\Debug\libLib_MCU.a(lpc17xx_timer.o)
 .debug_macro   0x00000000      0x2c7 C:\Users\student\wbudowane-\Lib_MCU\Debug\libLib_MCU.a(lpc17xx_timer.o)
 .debug_macro   0x00000000       0x64 C:\Users\student\wbudowane-\Lib_MCU\Debug\libLib_MCU.a(lpc17xx_timer.o)
 .debug_macro   0x00000000      0x2fa C:\Users\student\wbudowane-\Lib_MCU\Debug\libLib_MCU.a(lpc17xx_timer.o)
 .debug_macro   0x00000000       0xda C:\Users\student\wbudowane-\Lib_MCU\Debug\libLib_MCU.a(lpc17xx_timer.o)
 .group         0x00000000        0xc C:\Users\student\wbudowane-\Lib_MCU\Debug\libLib_MCU.a(lpc17xx_clkpwr.o)
 .group         0x00000000        0xc C:\Users\student\wbudowane-\Lib_MCU\Debug\libLib_MCU.a(lpc17xx_clkpwr.o)
 .group         0x00000000        0xc C:\Users\student\wbudowane-\Lib_MCU\Debug\libLib_MCU.a(lpc17xx_clkpwr.o)
 .group         0x00000000        0xc C:\Users\student\wbudowane-\Lib_MCU\Debug\libLib_MCU.a(lpc17xx_clkpwr.o)
 .group         0x00000000        0xc C:\Users\student\wbudowane-\Lib_MCU\Debug\libLib_MCU.a(lpc17xx_clkpwr.o)
 .group         0x00000000        0xc C:\Users\student\wbudowane-\Lib_MCU\Debug\libLib_MCU.a(lpc17xx_clkpwr.o)
 .group         0x00000000        0xc C:\Users\student\wbudowane-\Lib_MCU\Debug\libLib_MCU.a(lpc17xx_clkpwr.o)
 .group         0x00000000        0xc C:\Users\student\wbudowane-\Lib_MCU\Debug\libLib_MCU.a(lpc17xx_clkpwr.o)
 .group         0x00000000        0xc C:\Users\student\wbudowane-\Lib_MCU\Debug\libLib_MCU.a(lpc17xx_clkpwr.o)
 .group         0x00000000        0xc C:\Users\student\wbudowane-\Lib_MCU\Debug\libLib_MCU.a(lpc17xx_clkpwr.o)
 .text          0x00000000        0x0 C:\Users\student\wbudowane-\Lib_MCU\Debug\libLib_MCU.a(lpc17xx_clkpwr.o)
 .data          0x00000000        0x0 C:\Users\student\wbudowane-\Lib_MCU\Debug\libLib_MCU.a(lpc17xx_clkpwr.o)
 .bss           0x00000000        0x0 C:\Users\student\wbudowane-\Lib_MCU\Debug\libLib_MCU.a(lpc17xx_clkpwr.o)
 .text.__WFI    0x00000000        0xe C:\Users\student\wbudowane-\Lib_MCU\Debug\libLib_MCU.a(lpc17xx_clkpwr.o)
 .text.CLKPWR_Sleep
                0x00000000       0x18 C:\Users\student\wbudowane-\Lib_MCU\Debug\libLib_MCU.a(lpc17xx_clkpwr.o)
 .text.CLKPWR_DeepSleep
                0x00000000       0x24 C:\Users\student\wbudowane-\Lib_MCU\Debug\libLib_MCU.a(lpc17xx_clkpwr.o)
 .text.CLKPWR_PowerDown
                0x00000000       0x24 C:\Users\student\wbudowane-\Lib_MCU\Debug\libLib_MCU.a(lpc17xx_clkpwr.o)
 .text.CLKPWR_DeepPowerDown
                0x00000000       0x24 C:\Users\student\wbudowane-\Lib_MCU\Debug\libLib_MCU.a(lpc17xx_clkpwr.o)
 .debug_macro   0x00000000      0xaae C:\Users\student\wbudowane-\Lib_MCU\Debug\libLib_MCU.a(lpc17xx_clkpwr.o)
 .debug_macro   0x00000000       0x1c C:\Users\student\wbudowane-\Lib_MCU\Debug\libLib_MCU.a(lpc17xx_clkpwr.o)
 .debug_macro   0x00000000       0x22 C:\Users\student\wbudowane-\Lib_MCU\Debug\libLib_MCU.a(lpc17xx_clkpwr.o)
 .debug_macro   0x00000000       0x10 C:\Users\student\wbudowane-\Lib_MCU\Debug\libLib_MCU.a(lpc17xx_clkpwr.o)
 .debug_macro   0x00000000      0x12e C:\Users\student\wbudowane-\Lib_MCU\Debug\libLib_MCU.a(lpc17xx_clkpwr.o)
 .debug_macro   0x00000000      0x5b3 C:\Users\student\wbudowane-\Lib_MCU\Debug\libLib_MCU.a(lpc17xx_clkpwr.o)
 .debug_macro   0x00000000      0x7b7 C:\Users\student\wbudowane-\Lib_MCU\Debug\libLib_MCU.a(lpc17xx_clkpwr.o)
 .debug_macro   0x00000000      0x2c7 C:\Users\student\wbudowane-\Lib_MCU\Debug\libLib_MCU.a(lpc17xx_clkpwr.o)
 .debug_macro   0x00000000       0x64 C:\Users\student\wbudowane-\Lib_MCU\Debug\libLib_MCU.a(lpc17xx_clkpwr.o)
 .data          0x00000000        0x0 c:/nxp/mcuxpressoide_11.9.1_2170/ide/plugins/com.nxp.mcuxpresso.tools.win32_11.9.1.202402080819/tools/bin/../lib/gcc/arm-none-eabi/12.3.1/thumb/v7-m/nofp\libgcc.a(_aeabi_uldivmod.o)
 .bss           0x00000000        0x0 c:/nxp/mcuxpressoide_11.9.1_2170/ide/plugins/com.nxp.mcuxpresso.tools.win32_11.9.1.202402080819/tools/bin/../lib/gcc/arm-none-eabi/12.3.1/thumb/v7-m/nofp\libgcc.a(_aeabi_uldivmod.o)
 .text          0x00000000        0x0 c:/nxp/mcuxpressoide_11.9.1_2170/ide/plugins/com.nxp.mcuxpresso.tools.win32_11.9.1.202402080819/tools/bin/../lib/gcc/arm-none-eabi/12.3.1/thumb/v7-m/nofp\libgcc.a(_udivmoddi4.o)
 .data          0x00000000        0x0 c:/nxp/mcuxpressoide_11.9.1_2170/ide/plugins/com.nxp.mcuxpresso.tools.win32_11.9.1.202402080819/tools/bin/../lib/gcc/arm-none-eabi/12.3.1/thumb/v7-m/nofp\libgcc.a(_udivmoddi4.o)
 .bss           0x00000000        0x0 c:/nxp/mcuxpressoide_11.9.1_2170/ide/plugins/com.nxp.mcuxpresso.tools.win32_11.9.1.202402080819/tools/bin/../lib/gcc/arm-none-eabi/12.3.1/thumb/v7-m/nofp\libgcc.a(_udivmoddi4.o)
 .ARM.extab.text.__udivmoddi4
                0x00000000        0x0 c:/nxp/mcuxpressoide_11.9.1_2170/ide/plugins/com.nxp.mcuxpresso.tools.win32_11.9.1.202402080819/tools/bin/../lib/gcc/arm-none-eabi/12.3.1/thumb/v7-m/nofp\libgcc.a(_udivmoddi4.o)
 .data          0x00000000        0x0 c:/nxp/mcuxpressoide_11.9.1_2170/ide/plugins/com.nxp.mcuxpresso.tools.win32_11.9.1.202402080819/tools/bin/../lib/gcc/arm-none-eabi/12.3.1/thumb/v7-m/nofp\libgcc.a(_dvmd_tls.o)
 .bss           0x00000000        0x0 c:/nxp/mcuxpressoide_11.9.1_2170/ide/plugins/com.nxp.mcuxpresso.tools.win32_11.9.1.202402080819/tools/bin/../lib/gcc/arm-none-eabi/12.3.1/thumb/v7-m/nofp\libgcc.a(_dvmd_tls.o)

Memory Configuration

Name             Origin             Length             Attributes
MFlash512        0x00000000         0x00080000         xr
RamLoc32         0x10000000         0x00008000         xrw
RamAHB32         0x2007c000         0x00008000         xrw
*default*        0x00000000         0xffffffff

Linker script and memory map

LOAD ./src/cr_startup_lpc17.o
LOAD ./src/main.o
LOAD C:\Users\student\wbudowane-\Lib_CMSISv1p30_LPC17xx\Debug\libCMSISv1p30_LPC17xx.a
LOAD C:\Users\student\wbudowane-\Lib_EaBaseBoard\Debug\libLib_EaBaseBoard.a
LOAD C:\Users\student\wbudowane-\Lib_MCU\Debug\libLib_MCU.a
START GROUP
LOAD c:/nxp/mcuxpressoide_11.9.1_2170/ide/plugins/com.nxp.mcuxpresso.tools.win32_11.9.1.202402080819/tools/bin/../lib/gcc/arm-none-eabi/12.3.1/thumb/v7-m/nofp\libgcc.a
LOAD c:/nxp/mcuxpressoide_11.9.1_2170/ide/plugins/com.nxp.mcuxpresso.tools.win32_11.9.1.202402080819/tools/bin/../lib/gcc/arm-none-eabi/12.3.1/thumb/v7-m/nofp\libc.a
LOAD c:/nxp/mcuxpressoide_11.9.1_2170/ide/plugins/com.nxp.mcuxpresso.tools.win32_11.9.1.202402080819/tools/bin/../lib/gcc/arm-none-eabi/12.3.1/thumb/v7-m/nofp\libm.a
LOAD c:/nxp/mcuxpressoide_11.9.1_2170/ide/plugins/com.nxp.mcuxpresso.tools.win32_11.9.1.202402080819/tools/bin/../lib/gcc/arm-none-eabi/12.3.1/../../../../arm-none-eabi/lib/thumb/v7-m/nofp\libcr_newlib_semihost.a
END GROUP
                0x00000000                        __base_MFlash512 = 0x0
                0x00000000                        __base_Flash = 0x0
                0x00080000                        __top_MFlash512 = 0x80000
                0x00080000                        __top_Flash = 0x80000
                0x10000000                        __base_RamLoc32 = 0x10000000
                0x10000000                        __base_RAM = 0x10000000
                0x10008000                        __top_RamLoc32 = 0x10008000
                0x10008000                        __top_RAM = 0x10008000
                0x2007c000                        __base_RamAHB32 = 0x2007c000
                0x2007c000                        __base_RAM2 = 0x2007c000
                0x20084000                        __top_RamAHB32 = 0x20084000
                0x20084000                        __top_RAM2 = 0x20084000

.text           0x00000000     0x12a4
 FILL mask 0xff
                0x00000000                        __vectors_start__ = ABSOLUTE (.)
 *(.isr_vector)
 .isr_vector    0x00000000       0xcc ./src/cr_startup_lpc17.o
                0x00000000                g_pfnVectors
                0x000000cc                        . = ALIGN (0x4)
                0x000000cc                        __section_table_start = .
                0x000000cc                        __data_section_table = .
                0x000000cc        0x4 LONG 0x12ac LOADADDR (.data)
                0x000000d0        0x4 LONG 0x10000000 ADDR (.data)
                0x000000d4        0x4 LONG 0x4 SIZEOF (.data)
                0x000000d8        0x4 LONG 0x12ac LOADADDR (.data_RAM2)
                0x000000dc        0x4 LONG 0x2007c000 ADDR (.data_RAM2)
                0x000000e0        0x4 LONG 0x0 SIZEOF (.data_RAM2)
                0x000000e4                        __data_section_table_end = .
                0x000000e4                        __bss_section_table = .
                0x000000e4        0x4 LONG 0x10000004 ADDR (.bss)
                0x000000e8        0x4 LONG 0x0 SIZEOF (.bss)
                0x000000ec        0x4 LONG 0x2007c000 ADDR (.bss_RAM2)
                0x000000f0        0x4 LONG 0x0 SIZEOF (.bss_RAM2)
                0x000000f4                        __bss_section_table_end = .
                0x000000f4                        __section_table_end = .
 *(.after_vectors*)
 *(.text*)
 .text.ResetISR
                0x000000f4       0x5c ./src/cr_startup_lpc17.o
                0x000000f4                ResetISR
 .text.NMI_Handler
                0x00000150        0x8 ./src/cr_startup_lpc17.o
                0x00000150                NMI_Handler
 .text.HardFault_Handler
                0x00000158        0x8 ./src/cr_startup_lpc17.o
                0x00000158                HardFault_Handler
 .text.MemManage_Handler
                0x00000160        0x8 ./src/cr_startup_lpc17.o
                0x00000160                MemManage_Handler
 .text.BusFault_Handler
                0x00000168        0x8 ./src/cr_startup_lpc17.o
                0x00000168                BusFault_Handler
 .text.UsageFault_Handler
                0x00000170        0x8 ./src/cr_startup_lpc17.o
                0x00000170                UsageFault_Handler
 .text.SVCall_Handler
                0x00000178        0x8 ./src/cr_startup_lpc17.o
                0x00000178                SVCall_Handler
 .text.DebugMon_Handler
                0x00000180        0x8 ./src/cr_startup_lpc17.o
                0x00000180                DebugMon_Handler
 .text.PendSV_Handler
                0x00000188        0x8 ./src/cr_startup_lpc17.o
                0x00000188                PendSV_Handler
 .text.SysTick_Handler
                0x00000190        0x8 ./src/cr_startup_lpc17.o
                0x00000190                SysTick_Handler
 .text.IntDefaultHandler
                0x00000198        0x8 ./src/cr_startup_lpc17.o
                0x00000198                TIMER2_IRQHandler
                0x00000198                RIT_IRQHandler
                0x00000198                I2C0_IRQHandler
                0x00000198                USBActivity_IRQHandler
                0x00000198                PWM1_IRQHandler
                0x00000198                I2C1_IRQHandler
                0x00000198                EINT2_IRQHandler
                0x00000198                UART1_IRQHandler
                0x00000198                EINT3_IRQHandler
                0x00000198                CANActivity_IRQHandler
                0x00000198                TIMER3_IRQHandler
                0x00000198                UART0_IRQHandler
                0x00000198                IntDefaultHandler
                0x00000198                PLL0_IRQHandler
                0x00000198                CAN_IRQHandler
                0x00000198                PLL1_IRQHandler
                0x00000198                SSP0_IRQHandler
                0x00000198                I2S_IRQHandler
                0x00000198                I2C2_IRQHandler
                0x00000198                RTC_IRQHandler
                0x00000198                TIMER0_IRQHandler
                0x00000198                SPI_IRQHandler
                0x00000198                EINT1_IRQHandler
                0x00000198                TIMER1_IRQHandler
                0x00000198                UART2_IRQHandler
                0x00000198                ADC_IRQHandler
                0x00000198                SSP1_IRQHandler
                0x00000198                USB_IRQHandler
                0x00000198                BOD_IRQHandler
                0x00000198                WDT_IRQHandler
                0x00000198                QEI_IRQHandler
                0x00000198                EINT0_IRQHandler
                0x00000198                DMA_IRQHandler
                0x00000198                UART3_IRQHandler
                0x00000198                MCPWM_IRQHandler
                0x00000198                ENET_IRQHandler
 .text.main     0x000001a0      0x198 ./src/main.o
                0x000001a0                main
 .text.check_failed
                0x00000338        0xe ./src/main.o
                0x00000338                check_failed
 *fill*         0x00000346        0x2 ff
 .text.SystemInit
                0x00000348      0x140 C:\Users\student\wbudowane-\Lib_CMSISv1p30_LPC17xx\Debug\libCMSISv1p30_LPC17xx.a(system_LPC17xx.o)
                0x00000348                SystemInit
 .text.DAC_Init
                0x00000488       0x30 C:\Users\student\wbudowane-\Lib_MCU\Debug\libLib_MCU.a(lpc17xx_dac.o)
                0x00000488                DAC_Init
 .text.DAC_UpdateValue
                0x000004b8       0x48 C:\Users\student\wbudowane-\Lib_MCU\Debug\libLib_MCU.a(lpc17xx_dac.o)
                0x000004b8                DAC_UpdateValue
 .text.DAC_SetBias
                0x00000500       0x48 C:\Users\student\wbudowane-\Lib_MCU\Debug\libLib_MCU.a(lpc17xx_dac.o)
                0x00000500                DAC_SetBias
 .text.GPIO_GetPointer
                0x00000548       0x70 C:\Users\student\wbudowane-\Lib_MCU\Debug\libLib_MCU.a(lpc17xx_gpio.o)
 .text.GPIO_SetDir
                0x000005b8       0x4a C:\Users\student\wbudowane-\Lib_MCU\Debug\libLib_MCU.a(lpc17xx_gpio.o)
                0x000005b8                GPIO_SetDir
 .text.GPIO_ClearValue
                0x00000602       0x2a C:\Users\student\wbudowane-\Lib_MCU\Debug\libLib_MCU.a(lpc17xx_gpio.o)
                0x00000602                GPIO_ClearValue
 .text.set_PinFunc
                0x0000062c       0x80 C:\Users\student\wbudowane-\Lib_MCU\Debug\libLib_MCU.a(lpc17xx_pinsel.o)
 .text.set_ResistorMode
                0x000006ac       0x80 C:\Users\student\wbudowane-\Lib_MCU\Debug\libLib_MCU.a(lpc17xx_pinsel.o)
 .text.set_OpenDrainMode
                0x0000072c       0x68 C:\Users\student\wbudowane-\Lib_MCU\Debug\libLib_MCU.a(lpc17xx_pinsel.o)
 .text.PINSEL_ConfigPin
                0x00000794       0x46 C:\Users\student\wbudowane-\Lib_MCU\Debug\libLib_MCU.a(lpc17xx_pinsel.o)
                0x00000794                PINSEL_ConfigPin
 *fill*         0x000007da        0x2 ff
 .text.getPClock
                0x000007dc       0x58 C:\Users\student\wbudowane-\Lib_MCU\Debug\libLib_MCU.a(lpc17xx_timer.o)
 .text.converUSecToVal
                0x00000834       0x64 C:\Users\student\wbudowane-\Lib_MCU\Debug\libLib_MCU.a(lpc17xx_timer.o)
 .text.converPtrToTimeNum
                0x00000898       0x5c C:\Users\student\wbudowane-\Lib_MCU\Debug\libLib_MCU.a(lpc17xx_timer.o)
 .text.TIM_GetIntStatus
                0x000008f4       0x98 C:\Users\student\wbudowane-\Lib_MCU\Debug\libLib_MCU.a(lpc17xx_timer.o)
                0x000008f4                TIM_GetIntStatus
 .text.TIM_ClearIntPending
                0x0000098c       0x88 C:\Users\student\wbudowane-\Lib_MCU\Debug\libLib_MCU.a(lpc17xx_timer.o)
                0x0000098c                TIM_ClearIntPending
 .text.TIM_Init
                0x00000a14      0x184 C:\Users\student\wbudowane-\Lib_MCU\Debug\libLib_MCU.a(lpc17xx_timer.o)
                0x00000a14                TIM_Init
 .text.TIM_Cmd  0x00000b98       0x70 C:\Users\student\wbudowane-\Lib_MCU\Debug\libLib_MCU.a(lpc17xx_timer.o)
                0x00000b98                TIM_Cmd
 .text.TIM_ConfigMatch
                0x00000c08      0x188 C:\Users\student\wbudowane-\Lib_MCU\Debug\libLib_MCU.a(lpc17xx_timer.o)
                0x00000c08                TIM_ConfigMatch
 .text.Timer0_us_Wait
                0x00000d90       0x74 C:\Users\student\wbudowane-\Lib_MCU\Debug\libLib_MCU.a(lpc17xx_timer.o)
                0x00000d90                Timer0_us_Wait
 .text.CLKPWR_SetPCLKDiv
                0x00000e04       0x90 C:\Users\student\wbudowane-\Lib_MCU\Debug\libLib_MCU.a(lpc17xx_clkpwr.o)
                0x00000e04                CLKPWR_SetPCLKDiv
 .text.CLKPWR_GetPCLKSEL
                0x00000e94       0x48 C:\Users\student\wbudowane-\Lib_MCU\Debug\libLib_MCU.a(lpc17xx_clkpwr.o)
                0x00000e94                CLKPWR_GetPCLKSEL
 .text.CLKPWR_GetPCLK
                0x00000edc       0x64 C:\Users\student\wbudowane-\Lib_MCU\Debug\libLib_MCU.a(lpc17xx_clkpwr.o)
                0x00000edc                CLKPWR_GetPCLK
 .text.CLKPWR_ConfigPPWR
                0x00000f40       0x58 C:\Users\student\wbudowane-\Lib_MCU\Debug\libLib_MCU.a(lpc17xx_clkpwr.o)
                0x00000f40                CLKPWR_ConfigPPWR
 .text          0x00000f98       0x30 c:/nxp/mcuxpressoide_11.9.1_2170/ide/plugins/com.nxp.mcuxpresso.tools.win32_11.9.1.202402080819/tools/bin/../lib/gcc/arm-none-eabi/12.3.1/thumb/v7-m/nofp\libgcc.a(_aeabi_uldivmod.o)
                0x00000f98                __aeabi_uldivmod
 .text.__udivmoddi4
                0x00000fc8      0x2b8 c:/nxp/mcuxpressoide_11.9.1_2170/ide/plugins/com.nxp.mcuxpresso.tools.win32_11.9.1.202402080819/tools/bin/../lib/gcc/arm-none-eabi/12.3.1/thumb/v7-m/nofp\libgcc.a(_udivmoddi4.o)
                0x00000fc8                __udivmoddi4
 .text          0x00001280        0x4 c:/nxp/mcuxpressoide_11.9.1_2170/ide/plugins/com.nxp.mcuxpresso.tools.win32_11.9.1.202402080819/tools/bin/../lib/gcc/arm-none-eabi/12.3.1/thumb/v7-m/nofp\libgcc.a(_dvmd_tls.o)
                0x00001280                __aeabi_idiv0
                0x00001280                __aeabi_ldiv0
 *(.rodata .rodata.* .constdata .constdata.*)
 .rodata.str1.4
                0x00001284        0xe C:\Users\student\wbudowane-\Lib_MCU\Debug\libLib_MCU.a(lpc17xx_dac.o)
 *fill*         0x00001292        0x2 ff
 .rodata.str1.4
                0x00001294       0x10 C:\Users\student\wbudowane-\Lib_MCU\Debug\libLib_MCU.a(lpc17xx_timer.o)
                0x000012a4                        . = ALIGN (0x4)

.glue_7         0x000012a4        0x0
 .glue_7        0x000012a4        0x0 linker stubs

.glue_7t        0x000012a4        0x0
 .glue_7t       0x000012a4        0x0 linker stubs

.vfp11_veneer   0x000012a4        0x0
 .vfp11_veneer  0x000012a4        0x0 linker stubs

.v4_bx          0x000012a4        0x0
 .v4_bx         0x000012a4        0x0 linker stubs

.iplt           0x000012a4        0x0
 .iplt          0x000012a4        0x0 ./src/cr_startup_lpc17.o

.ARM.extab
 *(.ARM.extab* .gnu.linkonce.armextab.*)

.ARM.exidx      0x000012a4        0x8
                0x000012a4                        __exidx_start = .
 *(.ARM.exidx* .gnu.linkonce.armexidx.*)
 .ARM.exidx.text.__udivmoddi4
                0x000012a4        0x8 c:/nxp/mcuxpressoide_11.9.1_2170/ide/plugins/com.nxp.mcuxpresso.tools.win32_11.9.1.202402080819/tools/bin/../lib/gcc/arm-none-eabi/12.3.1/thumb/v7-m/nofp\libgcc.a(_udivmoddi4.o)
                0x000012ac                        __exidx_end = .
                0x000012ac                        _etext = .

.rel.dyn        0x000012ac        0x0
 .rel.iplt      0x000012ac        0x0 ./src/cr_startup_lpc17.o

.data_RAM2      0x2007c000        0x0 load address 0x000012ac
 FILL mask 0xff
                [!provide]                        PROVIDE (__start_data_RAM2 = .)
                [!provide]                        PROVIDE (__start_data_RamAHB32 = .)
 *(.ramfunc.$RAM2)
 *(.ramfunc.$RamAHB32)
 *(.data.$RAM2)
 *(.data.$RamAHB32)
 *(.data.$RAM2.*)
 *(.data.$RamAHB32.*)
                0x2007c000                        . = ALIGN (0x4)
                [!provide]                        PROVIDE (__end_data_RAM2 = .)
                [!provide]                        PROVIDE (__end_data_RamAHB32 = .)

.uninit_RESERVED
                0x10000000        0x0
                0x10000000                        _start_uninit_RESERVED = .
 *(.bss.$RESERVED*)
                0x10000000                        . = ALIGN (0x4)
                0x10000000                        _end_uninit_RESERVED = .

.data           0x10000000        0x4 load address 0x000012ac
 FILL mask 0xff
                0x10000000                        _data = .
                [!provide]                        PROVIDE (__start_data_RAM = .)
                [!provide]                        PROVIDE (__start_data_RamLoc32 = .)
 *(vtable)
 *(.ramfunc*)
 *(CodeQuickAccess)
 *(DataQuickAccess)
 *(RamFunction)
 *(.data*)
 .data          0x10000000        0x4 C:\Users\student\wbudowane-\Lib_CMSISv1p30_LPC17xx\Debug\libCMSISv1p30_LPC17xx.a(system_LPC17xx.o)
                0x10000000                SystemCoreClock
                0x10000004                        . = ALIGN (0x4)
                0x10000004                        _edata = .
                [!provide]                        PROVIDE (__end_data_RAM = .)
                [!provide]                        PROVIDE (__end_data_RamLoc32 = .)

.igot.plt       0x10000004        0x0 load address 0x000012b0
 .igot.plt      0x10000004        0x0 ./src/cr_startup_lpc17.o

.bss_RAM2       0x2007c000        0x0
                [!provide]                        PROVIDE (__start_bss_RAM2 = .)
                [!provide]                        PROVIDE (__start_bss_RamAHB32 = .)
 *(.bss.$RAM2)
 *(.bss.$RamAHB32)
 *(.bss.$RAM2.*)
 *(.bss.$RamAHB32.*)
                0x2007c000                        . = ALIGN ((. != 0x0)?0x4:0x1)
                [!provide]                        PROVIDE (__end_bss_RAM2 = .)
                [!provide]                        PROVIDE (__end_bss_RamAHB32 = .)

.bss            0x10000004        0x0
                0x10000004                        _bss = .
                [!provide]                        PROVIDE (__start_bss_RAM = .)
                [!provide]                        PROVIDE (__start_bss_RamLoc32 = .)
 *(.bss*)
 *(COMMON)
                0x10000004                        . = ALIGN (0x4)
                0x10000004                        _ebss = .
                [!provide]                        PROVIDE (__end_bss_RAM = .)
                [!provide]                        PROVIDE (__end_bss_RamLoc32 = .)
                [!provide]                        PROVIDE (end = .)

.noinit_RAM2    0x2007c000        0x0
                [!provide]                        PROVIDE (__start_noinit_RAM2 = .)
                [!provide]                        PROVIDE (__start_noinit_RamAHB32 = .)
 *(.noinit.$RAM2)
 *(.noinit.$RamAHB32)
 *(.noinit.$RAM2.*)
 *(.noinit.$RamAHB32.*)
                0x2007c000                        . = ALIGN (0x4)
                [!provide]                        PROVIDE (__end_noinit_RAM2 = .)
                [!provide]                        PROVIDE (__end_noinit_RamAHB32 = .)

.noinit         0x10000004        0x0
                0x10000004                        _noinit = .
                [!provide]                        PROVIDE (__start_noinit_RAM = .)
                [!provide]                        PROVIDE (__start_noinit_RamLoc32 = .)
 *(.noinit*)
                0x10000004                        . = ALIGN (0x4)
                0x10000004                        _end_noinit = .
                [!provide]                        PROVIDE (__end_noinit_RAM = .)
                [!provide]                        PROVIDE (__end_noinit_RamLoc32 = .)
                [!provide]                        PROVIDE (_pvHeapStart = DEFINED (__user_heap_base)?__user_heap_base:.)
                0x10008000                        PROVIDE (_vStackTop = DEFINED (__user_stack_top)?__user_stack_top:(__top_RamLoc32 - 0x0))
                [!provide]                        PROVIDE (__valid_user_code_checksum = (0x0 - ((((((_vStackTop + (ResetISR + 0x1)) + (NMI_Handler + 0x1)) + (HardFault_Handler + 0x1)) + (DEFINED (MemManage_Handler)?MemManage_Handler:0x0 + 0x1)) + (DEFINED (BusFault_Handler)?BusFault_Handler:0x0 + 0x1)) + (DEFINED (UsageFault_Handler)?UsageFault_Handler:0x0 + 0x1))))
                0x00000000                        _image_start = LOADADDR (.text)
                0x000012b0                        _image_end = (LOADADDR (.data) + SIZEOF (.data))
                0x000012b0                        _image_size = (_image_end - _image_start)
OUTPUT(speaker_wav.axf elf32-littlearm)
LOAD linker stubs

.debug_info     0x00000000     0x2bc5
 .debug_info    0x00000000      0x1f7 ./src/cr_startup_lpc17.o
 .debug_info    0x000001f7      0x2b9 ./src/main.o
 .debug_info    0x000004b0      0x2fb C:\Users\student\wbudowane-\Lib_CMSISv1p30_LPC17xx\Debug\libCMSISv1p30_LPC17xx.a(system_LPC17xx.o)
 .debug_info    0x000007ab      0x27a C:\Users\student\wbudowane-\Lib_MCU\Debug\libLib_MCU.a(lpc17xx_dac.o)
 .debug_info    0x00000a25      0xdc4 C:\Users\student\wbudowane-\Lib_MCU\Debug\libLib_MCU.a(lpc17xx_gpio.o)
 .debug_info    0x000017e9      0x477 C:\Users\student\wbudowane-\Lib_MCU\Debug\libLib_MCU.a(lpc17xx_pinsel.o)
 .debug_info    0x00001c60      0x985 C:\Users\student\wbudowane-\Lib_MCU\Debug\libLib_MCU.a(lpc17xx_timer.o)
 .debug_info    0x000025e5      0x5e0 C:\Users\student\wbudowane-\Lib_MCU\Debug\libLib_MCU.a(lpc17xx_clkpwr.o)

.debug_abbrev   0x00000000      0xc4f
 .debug_abbrev  0x00000000       0xec ./src/cr_startup_lpc17.o
 .debug_abbrev  0x000000ec      0x15f ./src/main.o
 .debug_abbrev  0x0000024b       0xf4 C:\Users\student\wbudowane-\Lib_CMSISv1p30_LPC17xx\Debug\libCMSISv1p30_LPC17xx.a(system_LPC17xx.o)
 .debug_abbrev  0x0000033f      0x12b C:\Users\student\wbudowane-\Lib_MCU\Debug\libLib_MCU.a(lpc17xx_dac.o)
 .debug_abbrev  0x0000046a      0x239 C:\Users\student\wbudowane-\Lib_MCU\Debug\libLib_MCU.a(lpc17xx_gpio.o)
 .debug_abbrev  0x000006a3      0x164 C:\Users\student\wbudowane-\Lib_MCU\Debug\libLib_MCU.a(lpc17xx_pinsel.o)
 .debug_abbrev  0x00000807      0x273 C:\Users\student\wbudowane-\Lib_MCU\Debug\libLib_MCU.a(lpc17xx_timer.o)
 .debug_abbrev  0x00000a7a      0x1d5 C:\Users\student\wbudowane-\Lib_MCU\Debug\libLib_MCU.a(lpc17xx_clkpwr.o)

.debug_aranges  0x00000000      0x348
 .debug_aranges
                0x00000000       0x70 ./src/cr_startup_lpc17.o
 .debug_aranges
                0x00000070       0x28 ./src/main.o
 .debug_aranges
                0x00000098       0x28 C:\Users\student\wbudowane-\Lib_CMSISv1p30_LPC17xx\Debug\libCMSISv1p30_LPC17xx.a(system_LPC17xx.o)
 .debug_aranges
                0x000000c0       0x40 C:\Users\student\wbudowane-\Lib_MCU\Debug\libLib_MCU.a(lpc17xx_dac.o)
 .debug_aranges
                0x00000100       0xf8 C:\Users\student\wbudowane-\Lib_MCU\Debug\libLib_MCU.a(lpc17xx_gpio.o)
 .debug_aranges
                0x000001f8       0x48 C:\Users\student\wbudowane-\Lib_MCU\Debug\libLib_MCU.a(lpc17xx_pinsel.o)
 .debug_aranges
                0x00000240       0xa8 C:\Users\student\wbudowane-\Lib_MCU\Debug\libLib_MCU.a(lpc17xx_timer.o)
 .debug_aranges
                0x000002e8       0x60 C:\Users\student\wbudowane-\Lib_MCU\Debug\libLib_MCU.a(lpc17xx_clkpwr.o)

.debug_ranges   0x00000000      0x2c8
 .debug_ranges  0x00000000       0x60 ./src/cr_startup_lpc17.o
 .debug_ranges  0x00000060       0x18 ./src/main.o
 .debug_ranges  0x00000078       0x18 C:\Users\student\wbudowane-\Lib_CMSISv1p30_LPC17xx\Debug\libCMSISv1p30_LPC17xx.a(system_LPC17xx.o)
 .debug_ranges  0x00000090       0x30 C:\Users\student\wbudowane-\Lib_MCU\Debug\libLib_MCU.a(lpc17xx_dac.o)
 .debug_ranges  0x000000c0       0xe8 C:\Users\student\wbudowane-\Lib_MCU\Debug\libLib_MCU.a(lpc17xx_gpio.o)
 .debug_ranges  0x000001a8       0x38 C:\Users\student\wbudowane-\Lib_MCU\Debug\libLib_MCU.a(lpc17xx_pinsel.o)
 .debug_ranges  0x000001e0       0x98 C:\Users\student\wbudowane-\Lib_MCU\Debug\libLib_MCU.a(lpc17xx_timer.o)
 .debug_ranges  0x00000278       0x50 C:\Users\student\wbudowane-\Lib_MCU\Debug\libLib_MCU.a(lpc17xx_clkpwr.o)

.debug_macro    0x00000000     0x47df
 .debug_macro   0x00000000       0x79 ./src/cr_startup_lpc17.o
 .debug_macro   0x00000079      0xab4 ./src/cr_startup_lpc17.o
 .debug_macro   0x00000b2d       0x22 ./src/cr_startup_lpc17.o
 .debug_macro   0x00000b4f       0x8e ./src/cr_startup_lpc17.o
 .debug_macro   0x00000bdd       0x51 ./src/cr_startup_lpc17.o
 .debug_macro   0x00000c2e      0x103 ./src/cr_startup_lpc17.o
 .debug_macro   0x00000d31       0x6a ./src/cr_startup_lpc17.o
 .debug_macro   0x00000d9b      0x1df ./src/cr_startup_lpc17.o
 .debug_macro   0x00000f7a       0xc5 ./src/main.o
 .debug_macro   0x0000103f       0x1c ./src/main.o
 .debug_macro   0x0000105b       0x22 ./src/main.o
 .debug_macro   0x0000107d      0x7b7 ./src/main.o
 .debug_macro   0x00001834      0x2c7 ./src/main.o
 .debug_macro   0x00001afb       0x64 ./src/main.o
 .debug_macro   0x00001b5f      0x140 ./src/main.o
 .debug_macro   0x00001c9f       0x46 ./src/main.o
 .debug_macro   0x00001ce5      0x33f ./src/main.o
 .debug_macro   0x00002024       0x40 ./src/main.o
 .debug_macro   0x00002064       0xed ./src/main.o
 .debug_macro   0x00002151      0x113 C:\Users\student\wbudowane-\Lib_CMSISv1p30_LPC17xx\Debug\libCMSISv1p30_LPC17xx.a(system_LPC17xx.o)
 .debug_macro   0x00002264      0xaae C:\Users\student\wbudowane-\Lib_CMSISv1p30_LPC17xx\Debug\libCMSISv1p30_LPC17xx.a(system_LPC17xx.o)
 .debug_macro   0x00002d12       0x10 C:\Users\student\wbudowane-\Lib_CMSISv1p30_LPC17xx\Debug\libCMSISv1p30_LPC17xx.a(system_LPC17xx.o)
 .debug_macro   0x00002d22      0x12e C:\Users\student\wbudowane-\Lib_CMSISv1p30_LPC17xx\Debug\libCMSISv1p30_LPC17xx.a(system_LPC17xx.o)
 .debug_macro   0x00002e50      0x5b3 C:\Users\student\wbudowane-\Lib_CMSISv1p30_LPC17xx\Debug\libCMSISv1p30_LPC17xx.a(system_LPC17xx.o)
 .debug_macro   0x00003403      0x7d5 C:\Users\student\wbudowane-\Lib_CMSISv1p30_LPC17xx\Debug\libCMSISv1p30_LPC17xx.a(system_LPC17xx.o)
 .debug_macro   0x00003bd8       0x8c C:\Users\student\wbudowane-\Lib_MCU\Debug\libLib_MCU.a(lpc17xx_dac.o)
 .debug_macro   0x00003c64       0x3a C:\Users\student\wbudowane-\Lib_MCU\Debug\libLib_MCU.a(lpc17xx_dac.o)
 .debug_macro   0x00003c9e      0x2fa C:\Users\student\wbudowane-\Lib_MCU\Debug\libLib_MCU.a(lpc17xx_dac.o)
 .debug_macro   0x00003f98       0xda C:\Users\student\wbudowane-\Lib_MCU\Debug\libLib_MCU.a(lpc17xx_dac.o)
 .debug_macro   0x00004072       0x83 C:\Users\student\wbudowane-\Lib_MCU\Debug\libLib_MCU.a(lpc17xx_gpio.o)
 .debug_macro   0x000040f5       0x40 C:\Users\student\wbudowane-\Lib_MCU\Debug\libLib_MCU.a(lpc17xx_gpio.o)
 .debug_macro   0x00004135       0x7a C:\Users\student\wbudowane-\Lib_MCU\Debug\libLib_MCU.a(lpc17xx_pinsel.o)
 .debug_macro   0x000041af       0x95 C:\Users\student\wbudowane-\Lib_MCU\Debug\libLib_MCU.a(lpc17xx_timer.o)
 .debug_macro   0x00004244       0xe7 C:\Users\student\wbudowane-\Lib_MCU\Debug\libLib_MCU.a(lpc17xx_timer.o)
 .debug_macro   0x0000432b      0x146 C:\Users\student\wbudowane-\Lib_MCU\Debug\libLib_MCU.a(lpc17xx_timer.o)
 .debug_macro   0x00004471       0x7a C:\Users\student\wbudowane-\Lib_MCU\Debug\libLib_MCU.a(lpc17xx_clkpwr.o)
 .debug_macro   0x000044eb      0x2f4 C:\Users\student\wbudowane-\Lib_MCU\Debug\libLib_MCU.a(lpc17xx_clkpwr.o)

.debug_line     0x00000000     0x267d
 .debug_line    0x00000000      0x435 ./src/cr_startup_lpc17.o
 .debug_line    0x00000435      0x489 ./src/main.o
 .debug_line    0x000008be      0x3ef C:\Users\student\wbudowane-\Lib_CMSISv1p30_LPC17xx\Debug\libCMSISv1p30_LPC17xx.a(system_LPC17xx.o)
 .debug_line    0x00000cad      0x32e C:\Users\student\wbudowane-\Lib_MCU\Debug\libLib_MCU.a(lpc17xx_dac.o)
 .debug_line    0x00000fdb      0x732 C:\Users\student\wbudowane-\Lib_MCU\Debug\libLib_MCU.a(lpc17xx_gpio.o)
 .debug_line    0x0000170d      0x359 C:\Users\student\wbudowane-\Lib_MCU\Debug\libLib_MCU.a(lpc17xx_pinsel.o)
 .debug_line    0x00001a66      0x84b C:\Users\student\wbudowane-\Lib_MCU\Debug\libLib_MCU.a(lpc17xx_timer.o)
 .debug_line    0x000022b1      0x3cc C:\Users\student\wbudowane-\Lib_MCU\Debug\libLib_MCU.a(lpc17xx_clkpwr.o)

.debug_str      0x00000000     0xe19e
 .debug_str     0x00000000     0x3ce1 ./src/cr_startup_lpc17.o
                               0x3e3c (size before relaxing)
 .debug_str     0x00003ce1     0x69f9 ./src/main.o
                               0xa6fe (size before relaxing)
 .debug_str     0x0000a6da     0x1aa5 C:\Users\student\wbudowane-\Lib_CMSISv1p30_LPC17xx\Debug\libCMSISv1p30_LPC17xx.a(system_LPC17xx.o)
                               0x884d (size before relaxing)
 .debug_str     0x0000c17f     0x1473 C:\Users\student\wbudowane-\Lib_MCU\Debug\libLib_MCU.a(lpc17xx_dac.o)
                               0x9bfc (size before relaxing)
 .debug_str     0x0000d5f2      0x427 C:\Users\student\wbudowane-\Lib_MCU\Debug\libLib_MCU.a(lpc17xx_gpio.o)
                               0x8dab (size before relaxing)
 .debug_str     0x0000da19      0x1fa C:\Users\student\wbudowane-\Lib_MCU\Debug\libLib_MCU.a(lpc17xx_pinsel.o)
                               0x8cd2 (size before relaxing)
 .debug_str     0x0000dc13      0x4a5 C:\Users\student\wbudowane-\Lib_MCU\Debug\libLib_MCU.a(lpc17xx_timer.o)
                               0xaa8b (size before relaxing)
 .debug_str     0x0000e0b8       0xe6 C:\Users\student\wbudowane-\Lib_MCU\Debug\libLib_MCU.a(lpc17xx_clkpwr.o)
                               0x9a41 (size before relaxing)

.comment        0x00000000       0x45
 .comment       0x00000000       0x45 ./src/cr_startup_lpc17.o
                                 0x46 (size before relaxing)
 .comment       0x00000045       0x46 ./src/main.o
 .comment       0x00000045       0x46 C:\Users\student\wbudowane-\Lib_CMSISv1p30_LPC17xx\Debug\libCMSISv1p30_LPC17xx.a(system_LPC17xx.o)
 .comment       0x00000045       0x46 C:\Users\student\wbudowane-\Lib_MCU\Debug\libLib_MCU.a(lpc17xx_dac.o)
 .comment       0x00000045       0x46 C:\Users\student\wbudowane-\Lib_MCU\Debug\libLib_MCU.a(lpc17xx_gpio.o)
 .comment       0x00000045       0x46 C:\Users\student\wbudowane-\Lib_MCU\Debug\libLib_MCU.a(lpc17xx_pinsel.o)
 .comment       0x00000045       0x46 C:\Users\student\wbudowane-\Lib_MCU\Debug\libLib_MCU.a(lpc17xx_timer.o)
 .comment       0x00000045       0x46 C:\Users\student\wbudowane-\Lib_MCU\Debug\libLib_MCU.a(lpc17xx_clkpwr.o)

.ARM.attributes
                0x00000000       0x2d
 .ARM.attributes
                0x00000000       0x2d ./src/cr_startup_lpc17.o
 .ARM.attributes
                0x0000002d       0x2d ./src/main.o
 .ARM.attributes
                0x0000005a       0x2d C:\Users\student\wbudowane-\Lib_CMSISv1p30_LPC17xx\Debug\libCMSISv1p30_LPC17xx.a(system_LPC17xx.o)
 .ARM.attributes
                0x00000087       0x2d C:\Users\student\wbudowane-\Lib_MCU\Debug\libLib_MCU.a(lpc17xx_dac.o)
 .ARM.attributes
                0x000000b4       0x2d C:\Users\student\wbudowane-\Lib_MCU\Debug\libLib_MCU.a(lpc17xx_gpio.o)
 .ARM.attributes
                0x000000e1       0x2d C:\Users\student\wbudowane-\Lib_MCU\Debug\libLib_MCU.a(lpc17xx_pinsel.o)
 .ARM.attributes
                0x0000010e       0x2d C:\Users\student\wbudowane-\Lib_MCU\Debug\libLib_MCU.a(lpc17xx_timer.o)
 .ARM.attributes
                0x0000013b       0x2d C:\Users\student\wbudowane-\Lib_MCU\Debug\libLib_MCU.a(lpc17xx_clkpwr.o)
 .ARM.attributes
                0x00000168       0x1d c:/nxp/mcuxpressoide_11.9.1_2170/ide/plugins/com.nxp.mcuxpresso.tools.win32_11.9.1.202402080819/tools/bin/../lib/gcc/arm-none-eabi/12.3.1/thumb/v7-m/nofp\libgcc.a(_aeabi_uldivmod.o)
 .ARM.attributes
                0x00000185       0x2d c:/nxp/mcuxpressoide_11.9.1_2170/ide/plugins/com.nxp.mcuxpresso.tools.win32_11.9.1.202402080819/tools/bin/../lib/gcc/arm-none-eabi/12.3.1/thumb/v7-m/nofp\libgcc.a(_udivmoddi4.o)
 .ARM.attributes
                0x000001b2       0x1d c:/nxp/mcuxpressoide_11.9.1_2170/ide/plugins/com.nxp.mcuxpresso.tools.win32_11.9.1.202402080819/tools/bin/../lib/gcc/arm-none-eabi/12.3.1/thumb/v7-m/nofp\libgcc.a(_dvmd_tls.o)

.debug_frame    0x00000000      0xc04
 .debug_frame   0x00000000      0x120 ./src/cr_startup_lpc17.o
 .debug_frame   0x00000120       0x50 ./src/main.o
 .debug_frame   0x00000170       0x64 C:\Users\student\wbudowane-\Lib_CMSISv1p30_LPC17xx\Debug\libCMSISv1p30_LPC17xx.a(system_LPC17xx.o)
 .debug_frame   0x000001d4       0xc4 C:\Users\student\wbudowane-\Lib_MCU\Debug\libLib_MCU.a(lpc17xx_dac.o)
 .debug_frame   0x00000298      0x428 C:\Users\student\wbudowane-\Lib_MCU\Debug\libLib_MCU.a(lpc17xx_gpio.o)
 .debug_frame   0x000006c0       0xfc C:\Users\student\wbudowane-\Lib_MCU\Debug\libLib_MCU.a(lpc17xx_pinsel.o)
 .debug_frame   0x000007bc      0x2ac C:\Users\student\wbudowane-\Lib_MCU\Debug\libLib_MCU.a(lpc17xx_timer.o)
 .debug_frame   0x00000a68      0x13c C:\Users\student\wbudowane-\Lib_MCU\Debug\libLib_MCU.a(lpc17xx_clkpwr.o)
 .debug_frame   0x00000ba4       0x2c c:/nxp/mcuxpressoide_11.9.1_2170/ide/plugins/com.nxp.mcuxpresso.tools.win32_11.9.1.202402080819/tools/bin/../lib/gcc/arm-none-eabi/12.3.1/thumb/v7-m/nofp\libgcc.a(_aeabi_uldivmod.o)
 .debug_frame   0x00000bd0       0x34 c:/nxp/mcuxpressoide_11.9.1_2170/ide/plugins/com.nxp.mcuxpresso.tools.win32_11.9.1.202402080819/tools/bin/../lib/gcc/arm-none-eabi/12.3.1/thumb/v7-m/nofp\libgcc.a(_udivmoddi4.o)

.debug_line_str
                0x00000000       0xd1
 .debug_line_str
                0x00000000       0xc5 c:/nxp/mcuxpressoide_11.9.1_2170/ide/plugins/com.nxp.mcuxpresso.tools.win32_11.9.1.202402080819/tools/bin/../lib/gcc/arm-none-eabi/12.3.1/thumb/v7-m/nofp\libgcc.a(_aeabi_uldivmod.o)
 .debug_line_str
                0x000000c5        0xc c:/nxp/mcuxpressoide_11.9.1_2170/ide/plugins/com.nxp.mcuxpresso.tools.win32_11.9.1.202402080819/tools/bin/../lib/gcc/arm-none-eabi/12.3.1/thumb/v7-m/nofp\libgcc.a(_dvmd_tls.o)
                                 0xc9 (size before relaxing)
