Archive member included to satisfy reference by file (symbol)

C:\Users\student\Desktop\basic\lpc17xx_xpr_bb_140609(1)\Lib_CMSISv1p30_LPC17xx\Debug\libCMSISv1p30_LPC17xx.a(system_LPC17xx.o)
                              ./src/main.o (SystemCoreClock)
C:\Users\student\Desktop\basic\lpc17xx_xpr_bb_140609(1)\Lib_EaBaseBoard\Debug\libLib_EaBaseBoard.a(joystick.o)
                              ./src/main.o (joystick_init)
C:\Users\student\Desktop\basic\lpc17xx_xpr_bb_140609(1)\Lib_EaBaseBoard\Debug\libLib_EaBaseBoard.a(oled.o)
                              ./src/screenManagment.o (oled_init)
C:\Users\student\Desktop\basic\lpc17xx_xpr_bb_140609(1)\Lib_EaBaseBoard\Debug\libLib_EaBaseBoard.a(pca9532.o)
                              ./src/main.o (pca9532_init)
C:\Users\student\Desktop\basic\lpc17xx_xpr_bb_140609(1)\Lib_EaBaseBoard\Debug\libLib_EaBaseBoard.a(temp.o)
                              ./src/main.o (temp_init)
C:\Users\student\Desktop\basic\lpc17xx_xpr_bb_140609(1)\Lib_EaBaseBoard\Debug\libLib_EaBaseBoard.a(font5x7.o)
                              C:\Users\student\Desktop\basic\lpc17xx_xpr_bb_140609(1)\Lib_EaBaseBoard\Debug\libLib_EaBaseBoard.a(oled.o) (font5x7)
C:\Users\student\Desktop\basic\lpc17xx_xpr_bb_140609(1)\Lib_MCU\Debug\libLib_MCU.a(lpc17xx_gpio.o)
                              C:\Users\student\Desktop\basic\lpc17xx_xpr_bb_140609(1)\Lib_EaBaseBoard\Debug\libLib_EaBaseBoard.a(joystick.o) (GPIO_SetDir)
C:\Users\student\Desktop\basic\lpc17xx_xpr_bb_140609(1)\Lib_MCU\Debug\libLib_MCU.a(lpc17xx_i2c.o)
                              ./src/main.o (I2C_Init)
C:\Users\student\Desktop\basic\lpc17xx_xpr_bb_140609(1)\Lib_MCU\Debug\libLib_MCU.a(lpc17xx_pinsel.o)
                              ./src/main.o (PINSEL_ConfigPin)
C:\Users\student\Desktop\basic\lpc17xx_xpr_bb_140609(1)\Lib_MCU\Debug\libLib_MCU.a(lpc17xx_rtc.o)
                              ./src/myRtc.o (RTC_Init)
C:\Users\student\Desktop\basic\lpc17xx_xpr_bb_140609(1)\Lib_MCU\Debug\libLib_MCU.a(lpc17xx_ssp.o)
                              ./src/main.o (SSP_Init)
C:\Users\student\Desktop\basic\lpc17xx_xpr_bb_140609(1)\Lib_MCU\Debug\libLib_MCU.a(lpc17xx_timer.o)
                              ./src/main.o (Timer0_Wait)
C:\Users\student\Desktop\basic\lpc17xx_xpr_bb_140609(1)\Lib_MCU\Debug\libLib_MCU.a(lpc17xx_clkpwr.o)
                              C:\Users\student\Desktop\basic\lpc17xx_xpr_bb_140609(1)\Lib_MCU\Debug\libLib_MCU.a(lpc17xx_i2c.o) (CLKPWR_SetPCLKDiv)
c:/nxp/mcuxpressoide_11.9.1_2170/ide/plugins/com.nxp.mcuxpresso.tools.win32_11.9.1.202402080819/tools/bin/../lib/gcc/arm-none-eabi/12.3.1/thumb/v7-m/nofp\libgcc.a(_aeabi_uldivmod.o)
                              C:\Users\student\Desktop\basic\lpc17xx_xpr_bb_140609(1)\Lib_CMSISv1p30_LPC17xx\Debug\libCMSISv1p30_LPC17xx.a(system_LPC17xx.o) (__aeabi_uldivmod)
c:/nxp/mcuxpressoide_11.9.1_2170/ide/plugins/com.nxp.mcuxpresso.tools.win32_11.9.1.202402080819/tools/bin/../lib/gcc/arm-none-eabi/12.3.1/thumb/v7-m/nofp\libgcc.a(_udivmoddi4.o)
                              c:/nxp/mcuxpressoide_11.9.1_2170/ide/plugins/com.nxp.mcuxpresso.tools.win32_11.9.1.202402080819/tools/bin/../lib/gcc/arm-none-eabi/12.3.1/thumb/v7-m/nofp\libgcc.a(_aeabi_uldivmod.o) (__udivmoddi4)
c:/nxp/mcuxpressoide_11.9.1_2170/ide/plugins/com.nxp.mcuxpresso.tools.win32_11.9.1.202402080819/tools/bin/../lib/gcc/arm-none-eabi/12.3.1/thumb/v7-m/nofp\libgcc.a(_dvmd_tls.o)
                              c:/nxp/mcuxpressoide_11.9.1_2170/ide/plugins/com.nxp.mcuxpresso.tools.win32_11.9.1.202402080819/tools/bin/../lib/gcc/arm-none-eabi/12.3.1/thumb/v7-m/nofp\libgcc.a(_aeabi_uldivmod.o) (__aeabi_ldiv0)
c:/nxp/mcuxpressoide_11.9.1_2170/ide/plugins/com.nxp.mcuxpresso.tools.win32_11.9.1.202402080819/tools/bin/../lib/gcc/arm-none-eabi/12.3.1/thumb/v7-m/nofp\libc.a(libc_a-sprintf.o)
                              ./src/screenManagment.o (sprintf)
c:/nxp/mcuxpressoide_11.9.1_2170/ide/plugins/com.nxp.mcuxpresso.tools.win32_11.9.1.202402080819/tools/bin/../lib/gcc/arm-none-eabi/12.3.1/thumb/v7-m/nofp\libc.a(libc_a-memset.o)
                              C:\Users\student\Desktop\basic\lpc17xx_xpr_bb_140609(1)\Lib_EaBaseBoard\Debug\libLib_EaBaseBoard.a(oled.o) (memset)
c:/nxp/mcuxpressoide_11.9.1_2170/ide/plugins/com.nxp.mcuxpresso.tools.win32_11.9.1.202402080819/tools/bin/../lib/gcc/arm-none-eabi/12.3.1/thumb/v7-m/nofp\libc.a(libc_a-impure.o)
                              c:/nxp/mcuxpressoide_11.9.1_2170/ide/plugins/com.nxp.mcuxpresso.tools.win32_11.9.1.202402080819/tools/bin/../lib/gcc/arm-none-eabi/12.3.1/thumb/v7-m/nofp\libc.a(libc_a-sprintf.o) (_impure_ptr)
c:/nxp/mcuxpressoide_11.9.1_2170/ide/plugins/com.nxp.mcuxpresso.tools.win32_11.9.1.202402080819/tools/bin/../lib/gcc/arm-none-eabi/12.3.1/thumb/v7-m/nofp\libc.a(libc_a-svfprintf.o)
[...]
Memory Configuration

Name             Origin             Length             Attributes
MFlash512        0x00000000         0x00080000         xr
RamLoc32         0x10000000         0x00008000         xrw
RamAHB32         0x2007c000         0x00008000         xrw
*default*        0x00000000         0xffffffff

Linker script and memory map

LOAD ./src/cr_startup_lpc17.o
LOAD ./src/ledStrips.o
LOAD ./src/main.o
LOAD ./src/myRtc.o
LOAD ./src/screenManagment.o
LOAD C:\Users\student\Desktop\basic\lpc17xx_xpr_bb_140609(1)\Lib_CMSISv1p30_LPC17xx\Debug\libCMSISv1p30_LPC17xx.a
LOAD C:\Users\student\Desktop\basic\lpc17xx_xpr_bb_140609(1)\Lib_EaBaseBoard\Debug\libLib_EaBaseBoard.a
LOAD C:\Users\student\Desktop\basic\lpc17xx_xpr_bb_140609(1)\Lib_MCU\Debug\libLib_MCU.a
START GROUP
LOAD c:/nxp/mcuxpressoide_11.9.1_2170/ide/plugins/com.nxp.mcuxpresso.tools.win32_11.9.1.202402080819/tools/bin/../lib/gcc/arm-none-eabi/12.3.1/thumb/v7-m/nofp\libgcc.a
LOAD c:/nxp/mcuxpressoide_11.9.1_2170/ide/plugins/com.nxp.mcuxpresso.tools.win32_11.9.1.202402080819/tools/bin/../lib/gcc/arm-none-eabi/12.3.1/thumb/v7-m/nofp\libc.a
LOAD c:/nxp/mcuxpressoide_11.9.1_2170/ide/plugins/com.nxp.mcuxpresso.tools.win32_11.9.1.202402080819/tools/bin/../lib/gcc/arm-none-eabi/12.3.1/thumb/v7-m/nofp\libm.a
LOAD c:/nxp/mcuxpressoide_11.9.1_2170/ide/plugins/com.nxp.mcuxpresso.tools.win32_11.9.1.202402080819/tools/bin/../lib/gcc/arm-none-eabi/12.3.1/../../../../arm-none-eabi/lib/thumb/v7-m/nofp\libcr_newlib_semihost.a
END GROUP
                0x00000000                        __base_MFlash512 = 0x0
                0x00000000                        __base_Flash = 0x0
                0x00080000                        __top_MFlash512 = 0x80000
                0x00080000                        __top_Flash = 0x80000
                0x10000000                        __base_RamLoc32 = 0x10000000
                0x10000000                        __base_RAM = 0x10000000
                0x10008000                        __top_RamLoc32 = 0x10008000
                0x10008000                        __top_RAM = 0x10008000
                0x2007c000                        __base_RamAHB32 = 0x2007c000
                0x2007c000                        __base_RAM2 = 0x2007c000
                0x20084000                        __top_RamAHB32 = 0x20084000
                0x20084000                        __top_RAM2 = 0x20084000

.text           0x00000000     0xa5a0
 FILL mask 0xff
                0x00000000                        __vectors_start__ = ABSOLUTE (.)
 *(.isr_vector)
 .isr_vector    0x00000000       0xcc ./src/cr_startup_lpc17.o
                0x00000000                g_pfnVectors
                0x000000cc                        . = ALIGN (0x4)
                0x000000cc                        __section_table_start = .
                0x000000cc                        __data_section_table = .
                0x000000cc        0x4 LONG 0xa5a8 LOADADDR (.data)
                0x000000d0        0x4 LONG 0x10000000 ADDR (.data)
                0x000000d4        0x4 LONG 0x6b0 SIZEOF (.data)
                0x000000d8        0x4 LONG 0xa5a8 LOADADDR (.data_RAM2)
                0x000000dc        0x4 LONG 0x2007c000 ADDR (.data_RAM2)
                0x000000e0        0x4 LONG 0x0 SIZEOF (.data_RAM2)
                0x000000e4                        __data_section_table_end = .
                0x000000e4                        __bss_section_table = .
                0x000000e4        0x4 LONG 0x100006b0 ADDR (.bss)
                0x000000e8        0x4 LONG 0x508 SIZEOF (.bss)
                0x000000ec        0x4 LONG 0x2007c000 ADDR (.bss_RAM2)
                0x000000f0        0x4 LONG 0x0 SIZEOF (.bss_RAM2)
                0x000000f4                        __bss_section_table_end = .
                0x000000f4                        __section_table_end = .
 *(.after_vectors*)
 *(.text*)
 .text.ResetISR
                0x000000f4       0x5c ./src/cr_startup_lpc17.o
                0x000000f4                ResetISR
 .text.NMI_Handler
                0x00000150        0x8 ./src/cr_startup_lpc17.o
                0x00000150                NMI_Handler
 .text.HardFault_Handler
                0x00000158        0x8 ./src/cr_startup_lpc17.o
                0x00000158                HardFault_Handler
 .text.MemManage_Handler
                0x00000160        0x8 ./src/cr_startup_lpc17.o
                0x00000160                MemManage_Handler
 .text.BusFault_Handler
                0x00000168        0x8 ./src/cr_startup_lpc17.o
                0x00000168                BusFault_Handler
 .text.UsageFault_Handler
                0x00000170        0x8 ./src/cr_startup_lpc17.o
                0x00000170                UsageFault_Handler
 .text.SVCall_Handler
                0x00000178        0x8 ./src/cr_startup_lpc17.o
                0x00000178                SVCall_Handler
 .text.DebugMon_Handler
                0x00000180        0x8 ./src/cr_startup_lpc17.o
                0x00000180                DebugMon_Handler
 .text.PendSV_Handler
                0x00000188        0x8 ./src/cr_startup_lpc17.o
                0x00000188                PendSV_Handler
 .text.IntDefaultHandler
                0x00000190        0x8 ./src/cr_startup_lpc17.o
                0x00000190                TIMER2_IRQHandler
                0x00000190                RIT_IRQHandler
                0x00000190                I2C0_IRQHandler
                0x00000190                USBActivity_IRQHandler
                0x00000190                PWM1_IRQHandler
                0x00000190                I2C1_IRQHandler
                0x00000190                EINT2_IRQHandler
                0x00000190                UART1_IRQHandler
                0x00000190                EINT3_IRQHandler
                0x00000190                CANActivity_IRQHandler
                0x00000190                TIMER3_IRQHandler
                0x00000190                UART0_IRQHandler
                0x00000190                IntDefaultHandler
                0x00000190                PLL0_IRQHandler
                0x00000190                CAN_IRQHandler
                0x00000190                PLL1_IRQHandler
                0x00000190                SSP0_IRQHandler
                0x00000190                I2S_IRQHandler
                0x00000190                I2C2_IRQHandler
                0x00000190                RTC_IRQHandler
                0x00000190                TIMER0_IRQHandler
                0x00000190                SPI_IRQHandler
                0x00000190                EINT1_IRQHandler
                0x00000190                TIMER1_IRQHandler
                0x00000190                UART2_IRQHandler
                0x00000190                ADC_IRQHandler
                0x00000190                SSP1_IRQHandler
                0x00000190                USB_IRQHandler
                0x00000190                BOD_IRQHandler
                0x00000190                WDT_IRQHandler
                0x00000190                QEI_IRQHandler
                0x00000190                EINT0_IRQHandler
                0x00000190                DMA_IRQHandler
                0x00000190                UART3_IRQHandler
                0x00000190                MCPWM_IRQHandler
                0x00000190                ENET_IRQHandler
 .text.manageLedStrips
                0x00000198       0xf8 ./src/ledStrips.o
                0x00000198                manageLedStrips
 .text.NVIC_SetPriority
                0x00000290       0x54 ./src/main.o
 .text.SysTick_Config
                0x000002e4       0x44 ./src/main.o
 .text.SysTick_Handler
                0x00000328       0x1c ./src/main.o
                0x00000328                SysTick_Handler
 .text.getTicks
                0x00000344       0x14 ./src/main.o
 .text.init_ssp
                0x00000358       0x78 ./src/main.o
 .text.I2CRead  0x000003d0       0x50 ./src/main.o
                0x000003d0                I2CRead
 .text.lm75_read
                0x00000420       0x28 ./src/main.o
                0x00000420                lm75_read
 .text.main     0x00000448      0x130 ./src/main.o
                0x00000448                main
 .text.check_failed
                0x00000578        0xe ./src/main.o
                0x00000578                check_failed
 *fill*         0x00000586        0x2 ff
 .text.rtc_init
                0x00000588       0x1c ./src/myRtc.o
                0x00000588                rtc_init
 .text.rtc_set_time
                0x000005a4       0x38 ./src/myRtc.o
                0x000005a4                rtc_set_time
 .text.rtc_get_time
                0x000005dc       0x1c ./src/myRtc.o
                0x000005dc                rtc_get_time
 .text.oled_start
                0x000005f8       0x40 ./src/screenManagment.o
                0x000005f8                oled_start
 .text.oled_show_temp1
                0x00000638       0x5c ./src/screenManagment.o
                0x00000638                oled_show_temp1
 .text.oled_show_temp2
                0x00000694       0x3c ./src/screenManagment.o
                0x00000694                oled_show_temp2
 .text.oled_show_timer
                0x000006d0       0x44 ./src/screenManagment.o
                0x000006d0                oled_show_timer
 .text.oled_show_clock
                0x00000714       0x68 ./src/screenManagment.o
                0x00000714                oled_show_clock
 .text.SystemInit
                0x0000077c      0x140 C:\Users\student\Desktop\basic\lpc17xx_xpr_bb_140609(1)\Lib_CMSISv1p30_LPC17xx\Debug\libCMSISv1p30_LPC17xx.a(system_LPC17xx.o)
                0x0000077c                SystemInit
 .text.joystick_init
                0x000008bc       0x1e C:\Users\student\Desktop\basic\lpc17xx_xpr_bb_140609(1)\Lib_EaBaseBoard\Debug\libLib_EaBaseBoard.a(joystick.o)
                0x000008bc                joystick_init
 *fill*         0x000008da        0x2 ff
 .text.writeCommand
                0x000008dc       0x48 C:\Users\student\Desktop\basic\lpc17xx_xpr_bb_140609(1)\Lib_EaBaseBoard\Debug\libLib_EaBaseBoard.a(oled.o)
 .text.writeData
                0x00000924       0x48 C:\Users\student\Desktop\basic\lpc17xx_xpr_bb_140609(1)\Lib_EaBaseBoard\Debug\libLib_EaBaseBoard.a(oled.o)
 .text.writeDataLen
                0x0000096c       0x78 C:\Users\student\Desktop\basic\lpc17xx_xpr_bb_140609(1)\Lib_EaBaseBoard\Debug\libLib_EaBaseBoard.a(oled.o)
 .text.runInitSequence
                0x000009e4       0xd4 C:\Users\student\Desktop\basic\lpc17xx_xpr_bb_140609(1)\Lib_EaBaseBoard\Debug\libLib_EaBaseBoard.a(oled.o)
 .text.oled_init
                0x00000ab8       0x74 C:\Users\student\Desktop\basic\lpc17xx_xpr_bb_140609(1)\Lib_EaBaseBoard\Debug\libLib_EaBaseBoard.a(oled.o)
                0x00000ab8                oled_init
 .text.oled_putPixel
                0x00000b2c      0x150 C:\Users\student\Desktop\basic\lpc17xx_xpr_bb_140609(1)\Lib_EaBaseBoard\Debug\libLib_EaBaseBoard.a(oled.o)
                0x00000b2c                oled_putPixel
 .text.oled_clearScreen
                0x00000c7c       0x64 C:\Users\student\Desktop\basic\lpc17xx_xpr_bb_140609(1)\Lib_EaBaseBoard\Debug\libLib_EaBaseBoard.a(oled.o)
                0x00000c7c                oled_clearScreen
 .text.oled_putChar
                0x00000ce0       0xd8 C:\Users\student\Desktop\basic\lpc17xx_xpr_bb_140609(1)\Lib_EaBaseBoard\Debug\libLib_EaBaseBoard.a(oled.o)
                0x00000ce0                oled_putChar
 .text.oled_putString
                0x00000db8       0x52 C:\Users\student\Desktop\basic\lpc17xx_xpr_bb_140609(1)\Lib_EaBaseBoard\Debug\libLib_EaBaseBoard.a(oled.o)
                0x00000db8                oled_putString
 *fill*         0x00000e0a        0x2 ff
 .text.I2CWrite
                0x00000e0c       0x50 C:\Users\student\Desktop\basic\lpc17xx_xpr_bb_140609(1)\Lib_EaBaseBoard\Debug\libLib_EaBaseBoard.a(pca9532.o)
 .text.setLsStates
                0x00000e5c       0xa6 C:\Users\student\Desktop\basic\lpc17xx_xpr_bb_140609(1)\Lib_EaBaseBoard\Debug\libLib_EaBaseBoard.a(pca9532.o)
 *fill*         0x00000f02        0x2 ff
 .text.setLeds  0x00000f04       0x70 C:\Users\student\Desktop\basic\lpc17xx_xpr_bb_140609(1)\Lib_EaBaseBoard\Debug\libLib_EaBaseBoard.a(pca9532.o)
 .text.pca9532_init
                0x00000f74        0xc C:\Users\student\Desktop\basic\lpc17xx_xpr_bb_140609(1)\Lib_EaBaseBoard\Debug\libLib_EaBaseBoard.a(pca9532.o)
                0x00000f74                pca9532_init
 .text.pca9532_setLeds
                0x00000f80       0x80 C:\Users\student\Desktop\basic\lpc17xx_xpr_bb_140609(1)\Lib_EaBaseBoard\Debug\libLib_EaBaseBoard.a(pca9532.o)
                0x00000f80                pca9532_setLeds
 .text.temp_init
                0x00001000       0x24 C:\Users\student\Desktop\basic\lpc17xx_xpr_bb_140609(1)\Lib_EaBaseBoard\Debug\libLib_EaBaseBoard.a(temp.o)
                0x00001000                temp_init
 .text.temp_read
                0x00001024       0xf0 C:\Users\student\Desktop\basic\lpc17xx_xpr_bb_140609(1)\Lib_EaBaseBoard\Debug\libLib_EaBaseBoard.a(temp.o)
                0x00001024                temp_read
 .text.GPIO_GetPointer
                0x00001114       0x70 C:\Users\student\Desktop\basic\lpc17xx_xpr_bb_140609(1)\Lib_MCU\Debug\libLib_MCU.a(lpc17xx_gpio.o)
 .text.GPIO_SetDir
                0x00001184       0x4a C:\Users\student\Desktop\basic\lpc17xx_xpr_bb_140609(1)\Lib_MCU\Debug\libLib_MCU.a(lpc17xx_gpio.o)
                0x00001184                GPIO_SetDir
 .text.GPIO_SetValue
                0x000011ce       0x2a C:\Users\student\Desktop\basic\lpc17xx_xpr_bb_140609(1)\Lib_MCU\Debug\libLib_MCU.a(lpc17xx_gpio.o)
                0x000011ce                GPIO_SetValue
 .text.GPIO_ClearValue
                0x000011f8       0x2a C:\Users\student\Desktop\basic\lpc17xx_xpr_bb_140609(1)\Lib_MCU\Debug\libLib_MCU.a(lpc17xx_gpio.o)
                0x000011f8                GPIO_ClearValue
 .text.GPIO_ReadValue
                0x00001222       0x2a C:\Users\student\Desktop\basic\lpc17xx_xpr_bb_140609(1)\Lib_MCU\Debug\libLib_MCU.a(lpc17xx_gpio.o)
                0x00001222                GPIO_ReadValue
 .text.NVIC_EnableIRQ
                0x0000124c       0x30 C:\Users\student\Desktop\basic\lpc17xx_xpr_bb_140609(1)\Lib_MCU\Debug\libLib_MCU.a(lpc17xx_i2c.o)
 .text.NVIC_DisableIRQ
                0x0000127c       0x34 C:\Users\student\Desktop\basic\lpc17xx_xpr_bb_140609(1)\Lib_MCU\Debug\libLib_MCU.a(lpc17xx_i2c.o)
 .text.I2C_getNum
                0x000012b0       0x48 C:\Users\student\Desktop\basic\lpc17xx_xpr_bb_140609(1)\Lib_MCU\Debug\libLib_MCU.a(lpc17xx_i2c.o)
 .text.I2C_Start
                0x000012f8       0x3a C:\Users\student\Desktop\basic\lpc17xx_xpr_bb_140609(1)\Lib_MCU\Debug\libLib_MCU.a(lpc17xx_i2c.o)
 .text.I2C_Stop
                0x00001332       0x30 C:\Users\student\Desktop\basic\lpc17xx_xpr_bb_140609(1)\Lib_MCU\Debug\libLib_MCU.a(lpc17xx_i2c.o)
 .text.I2C_SendByte
                0x00001362       0x4a C:\Users\student\Desktop\basic\lpc17xx_xpr_bb_140609(1)\Lib_MCU\Debug\libLib_MCU.a(lpc17xx_i2c.o)
 .text.I2C_GetByte
                0x000013ac       0x52 C:\Users\student\Desktop\basic\lpc17xx_xpr_bb_140609(1)\Lib_MCU\Debug\libLib_MCU.a(lpc17xx_i2c.o)
 *fill*         0x000013fe        0x2 ff
 .text.I2C_SetClock
                0x00001400       0xa4 C:\Users\student\Desktop\basic\lpc17xx_xpr_bb_140609(1)\Lib_MCU\Debug\libLib_MCU.a(lpc17xx_i2c.o)
 .text.I2C_Init
                0x000014a4       0xa4 C:\Users\student\Desktop\basic\lpc17xx_xpr_bb_140609(1)\Lib_MCU\Debug\libLib_MCU.a(lpc17xx_i2c.o)
                0x000014a4                I2C_Init
 .text.I2C_Cmd  0x00001548       0x70 C:\Users\student\Desktop\basic\lpc17xx_xpr_bb_140609(1)\Lib_MCU\Debug\libLib_MCU.a(lpc17xx_i2c.o)
                0x00001548                I2C_Cmd
 .text.I2C_IntCmd
                0x000015b8       0x88 C:\Users\student\Desktop\basic\lpc17xx_xpr_bb_140609(1)\Lib_MCU\Debug\libLib_MCU.a(lpc17xx_i2c.o)
                0x000015b8                I2C_IntCmd
 .text.I2C_MasterTransferData
                0x00001640      0x2e8 C:\Users\student\Desktop\basic\lpc17xx_xpr_bb_140609(1)\Lib_MCU\Debug\libLib_MCU.a(lpc17xx_i2c.o)
                0x00001640                I2C_MasterTransferData
 .text.set_PinFunc
                0x00001928       0x80 C:\Users\student\Desktop\basic\lpc17xx_xpr_bb_140609(1)\Lib_MCU\Debug\libLib_MCU.a(lpc17xx_pinsel.o)
 .text.set_ResistorMode
                0x000019a8       0x80 C:\Users\student\Desktop\basic\lpc17xx_xpr_bb_140609(1)\Lib_MCU\Debug\libLib_MCU.a(lpc17xx_pinsel.o)
 .text.set_OpenDrainMode
                0x00001a28       0x68 C:\Users\student\Desktop\basic\lpc17xx_xpr_bb_140609(1)\Lib_MCU\Debug\libLib_MCU.a(lpc17xx_pinsel.o)
 .text.PINSEL_ConfigPin
                0x00001a90       0x46 C:\Users\student\Desktop\basic\lpc17xx_xpr_bb_140609(1)\Lib_MCU\Debug\libLib_MCU.a(lpc17xx_pinsel.o)
                0x00001a90                PINSEL_ConfigPin
 *fill*         0x00001ad6        0x2 ff
 .text.RTC_Init
                0x00001ad8       0x50 C:\Users\student\Desktop\basic\lpc17xx_xpr_bb_140609(1)\Lib_MCU\Debug\libLib_MCU.a(lpc17xx_rtc.o)
                0x00001ad8                RTC_Init
 .text.RTC_Cmd  0x00001b28       0x68 C:\Users\student\Desktop\basic\lpc17xx_xpr_bb_140609(1)\Lib_MCU\Debug\libLib_MCU.a(lpc17xx_rtc.o)
                0x00001b28                RTC_Cmd
 .text.RTC_SetFullTime
                0x00001b90       0xb8 C:\Users\student\Desktop\basic\lpc17xx_xpr_bb_140609(1)\Lib_MCU\Debug\libLib_MCU.a(lpc17xx_rtc.o)
                0x00001b90                RTC_SetFullTime
 .text.RTC_GetFullTime
                0x00001c48       0xa8 C:\Users\student\Desktop\basic\lpc17xx_xpr_bb_140609(1)\Lib_MCU\Debug\libLib_MCU.a(lpc17xx_rtc.o)
                0x00001c48                RTC_GetFullTime
 .text.setSSPclock
                0x00001cf0       0xc4 C:\Users\student\Desktop\basic\lpc17xx_xpr_bb_140609(1)\Lib_MCU\Debug\libLib_MCU.a(lpc17xx_ssp.o)
 .text.SSP_Init
                0x00001db4       0x9c C:\Users\student\Desktop\basic\lpc17xx_xpr_bb_140609(1)\Lib_MCU\Debug\libLib_MCU.a(lpc17xx_ssp.o)
                0x00001db4                SSP_Init
 .text.SSP_GetDataSize
                0x00001e50       0x40 C:\Users\student\Desktop\basic\lpc17xx_xpr_bb_140609(1)\Lib_MCU\Debug\libLib_MCU.a(lpc17xx_ssp.o)
                0x00001e50                SSP_GetDataSize
 .text.SSP_ConfigStructInit
                0x00001e90       0x3c C:\Users\student\Desktop\basic\lpc17xx_xpr_bb_140609(1)\Lib_MCU\Debug\libLib_MCU.a(lpc17xx_ssp.o)
                0x00001e90                SSP_ConfigStructInit
 .text.SSP_Cmd  0x00001ecc       0x6c C:\Users\student\Desktop\basic\lpc17xx_xpr_bb_140609(1)\Lib_MCU\Debug\libLib_MCU.a(lpc17xx_ssp.o)
                0x00001ecc                SSP_Cmd
 .text.SSP_SendData
                0x00001f38       0x40 C:\Users\student\Desktop\basic\lpc17xx_xpr_bb_140609(1)\Lib_MCU\Debug\libLib_MCU.a(lpc17xx_ssp.o)
                0x00001f38                SSP_SendData
 .text.SSP_ReceiveData
                0x00001f78       0x3c C:\Users\student\Desktop\basic\lpc17xx_xpr_bb_140609(1)\Lib_MCU\Debug\libLib_MCU.a(lpc17xx_ssp.o)
                0x00001f78                SSP_ReceiveData
 .text.SSP_ReadWrite
                0x00001fb4      0x34a C:\Users\student\Desktop\basic\lpc17xx_xpr_bb_140609(1)\Lib_MCU\Debug\libLib_MCU.a(lpc17xx_ssp.o)
                0x00001fb4                SSP_ReadWrite
 *fill*         0x000022fe        0x2 ff
 .text.getPClock
                0x00002300       0x58 C:\Users\student\Desktop\basic\lpc17xx_xpr_bb_140609(1)\Lib_MCU\Debug\libLib_MCU.a(lpc17xx_timer.o)
 .text.converUSecToVal
                0x00002358       0x64 C:\Users\student\Desktop\basic\lpc17xx_xpr_bb_140609(1)\Lib_MCU\Debug\libLib_MCU.a(lpc17xx_timer.o)
 .text.converPtrToTimeNum
                0x000023bc       0x5c C:\Users\student\Desktop\basic\lpc17xx_xpr_bb_140609(1)\Lib_MCU\Debug\libLib_MCU.a(lpc17xx_timer.o)
 .text.TIM_GetIntStatus
                0x00002418       0x98 C:\Users\student\Desktop\basic\lpc17xx_xpr_bb_140609(1)\Lib_MCU\Debug\libLib_MCU.a(lpc17xx_timer.o)
                0x00002418                TIM_GetIntStatus
 .text.TIM_ClearIntPending
                0x000024b0       0x88 C:\Users\student\Desktop\basic\lpc17xx_xpr_bb_140609(1)\Lib_MCU\Debug\libLib_MCU.a(lpc17xx_timer.o)
                0x000024b0                TIM_ClearIntPending
 .text.TIM_Init
                0x00002538      0x184 C:\Users\student\Desktop\basic\lpc17xx_xpr_bb_140609(1)\Lib_MCU\Debug\libLib_MCU.a(lpc17xx_timer.o)
                0x00002538                TIM_Init
 .text.TIM_Cmd  0x000026bc       0x70 C:\Users\student\Desktop\basic\lpc17xx_xpr_bb_140609(1)\Lib_MCU\Debug\libLib_MCU.a(lpc17xx_timer.o)
                0x000026bc                TIM_Cmd
 .text.TIM_ConfigMatch
                0x0000272c      0x188 C:\Users\student\Desktop\basic\lpc17xx_xpr_bb_140609(1)\Lib_MCU\Debug\libLib_MCU.a(lpc17xx_timer.o)
                0x0000272c                TIM_ConfigMatch
 .text.Timer0_Wait
                0x000028b4       0x76 C:\Users\student\Desktop\basic\lpc17xx_xpr_bb_140609(1)\Lib_MCU\Debug\libLib_MCU.a(lpc17xx_timer.o)
                0x000028b4                Timer0_Wait
 *fill*         0x0000292a        0x2 ff
 .text.CLKPWR_SetPCLKDiv
                0x0000292c       0x90 C:\Users\student\Desktop\basic\lpc17xx_xpr_bb_140609(1)\Lib_MCU\Debug\libLib_MCU.a(lpc17xx_clkpwr.o)
                0x0000292c                CLKPWR_SetPCLKDiv
 .text.CLKPWR_GetPCLKSEL
                0x000029bc       0x48 C:\Users\student\Desktop\basic\lpc17xx_xpr_bb_140609(1)\Lib_MCU\Debug\libLib_MCU.a(lpc17xx_clkpwr.o)
                0x000029bc                CLKPWR_GetPCLKSEL
 .text.CLKPWR_GetPCLK
                0x00002a04       0x64 C:\Users\student\Desktop\basic\lpc17xx_xpr_bb_140609(1)\Lib_MCU\Debug\libLib_MCU.a(lpc17xx_clkpwr.o)
                0x00002a04                CLKPWR_GetPCLK
 .text.CLKPWR_ConfigPPWR
                0x00002a68       0x58 C:\Users\student\Desktop\basic\lpc17xx_xpr_bb_140609(1)\Lib_MCU\Debug\libLib_MCU.a(lpc17xx_clkpwr.o)
                0x00002a68                CLKPWR_ConfigPPWR
 .text          0x00002ac0       0x30 c:/nxp/mcuxpressoide_11.9.1_2170/ide/plugins/com.nxp.mcuxpresso.tools.win32_11.9.1.202402080819/tools/bin/../lib/gcc/arm-none-eabi/12.3.1/thumb/v7-m/nofp\libgcc.a(_aeabi_uldivmod.o)
                0x00002ac0                __aeabi_uldivmod
 .text.__udivmoddi4
                0x00002af0      0x2b8 c:/nxp/mcuxpressoide_11.9.1_2170/ide/plugins/com.nxp.mcuxpresso.tools.win32_11.9.1.202402080819/tools/bin/../lib/gcc/arm-none-eabi/12.3.1/thumb/v7-m/nofp\libgcc.a(_udivmoddi4.o)
                0x00002af0                __udivmoddi4
 .text          0x00002da8        0x4 c:/nxp/mcuxpressoide_11.9.1_2170/ide/plugins/com.nxp.mcuxpresso.tools.win32_11.9.1.202402080819/tools/bin/../lib/gcc/arm-none-eabi/12.3.1/thumb/v7-m/nofp\libgcc.a(_dvmd_tls.o)
                0x00002da8                __aeabi_idiv0
                0x00002da8                __aeabi_ldiv0
 .text.sprintf  0x00002dac       0x44 c:/nxp/mcuxpressoide_11.9.1_2170/ide/plugins/com.nxp.mcuxpresso.tools.win32_11.9.1.202402080819/tools/bin/../lib/gcc/arm-none-eabi/12.3.1/thumb/v7-m/nofp\libc.a(libc_a-sprintf.o)
                0x00002dac                sprintf
 .text.memset   0x00002df0       0xa0 c:/nxp/mcuxpressoide_11.9.1_2170/ide/plugins/com.nxp.mcuxpresso.tools.win32_11.9.1.202402080819/tools/bin/../lib/gcc/arm-none-eabi/12.3.1/thumb/v7-m/nofp\libc.a(libc_a-memset.o)
                0x00002df0                memset
 .text._svfprintf_r
                0x00002e90     0x1bb8 c:/nxp/mcuxpressoide_11.9.1_2170/ide/plugins/com.nxp.mcuxpresso.tools.win32_11.9.1.202402080819/tools/bin/../lib/gcc/arm-none-eabi/12.3.1/thumb/v7-m/nofp\libc.a(libc_a-svfprintf.o)
                0x00002e90                _svfprintf_r
 .text.stdio_exit_handler
                0x00004a48       0x18 c:/nxp/mcuxpressoide_11.9.1_2170/ide/plugins/com.nxp.mcuxpresso.tools.win32_11.9.1.202402080819/tools/bin/../lib/gcc/arm-none-eabi/12.3.1/thumb/v7-m/nofp\libc.a(libc_a-findfp.o)
 .text.cleanup_stdio
                0x00004a60       0x40 c:/nxp/mcuxpressoide_11.9.1_2170/ide/plugins/com.nxp.mcuxpresso.tools.win32_11.9.1.202402080819/tools/bin/../lib/gcc/arm-none-eabi/12.3.1/thumb/v7-m/nofp\libc.a(libc_a-findfp.o)
 .text.global_stdio_init.part.0
                0x00004aa0       0xf0 c:/nxp/mcuxpressoide_11.9.1_2170/ide/plugins/com.nxp.mcuxpresso.tools.win32_11.9.1.202402080819/tools/bin/../lib/gcc/arm-none-eabi/12.3.1/thumb/v7-m/nofp\libc.a(libc_a-findfp.o)
 .text.__sinit  0x00004b90       0x3c c:/nxp/mcuxpressoide_11.9.1_2170/ide/plugins/com.nxp.mcuxpresso.tools.win32_11.9.1.202402080819/tools/bin/../lib/gcc/arm-none-eabi/12.3.1/thumb/v7-m/nofp\libc.a(libc_a-findfp.o)
                0x00004b90                __sinit
 .text.__sfp_lock_acquire
                0x00004bcc        0xc c:/nxp/mcuxpressoide_11.9.1_2170/ide/plugins/com.nxp.mcuxpresso.tools.win32_11.9.1.202402080819/tools/bin/../lib/gcc/arm-none-eabi/12.3.1/thumb/v7-m/nofp\libc.a(libc_a-findfp.o)
                0x00004bcc                __sfp_lock_acquire
 .text.__sfp_lock_release
                0x00004bd8        0xc c:/nxp/mcuxpressoide_11.9.1_2170/ide/plugins/com.nxp.mcuxpresso.tools.win32_11.9.1.202402080819/tools/bin/../lib/gcc/arm-none-eabi/12.3.1/thumb/v7-m/nofp\libc.a(libc_a-findfp.o)
                0x00004bd8                __sfp_lock_release
 .text._fwalk_sglue
                0x00004be4       0x44 c:/nxp/mcuxpressoide_11.9.1_2170/ide/plugins/com.nxp.mcuxpresso.tools.win32_11.9.1.202402080819/tools/bin/../lib/gcc/arm-none-eabi/12.3.1/thumb/v7-m/nofp\libc.a(libc_a-fwalk.o)
                0x00004be4                _fwalk_sglue
 .text.__sread  0x00004c28       0x24 c:/nxp/mcuxpressoide_11.9.1_2170/ide/plugins/com.nxp.mcuxpresso.tools.win32_11.9.1.202402080819/tools/bin/../lib/gcc/arm-none-eabi/12.3.1/thumb/v7-m/nofp\libc.a(libc_a-stdio.o)
                0x00004c28                __sread
 .text.__swrite
                0x00004c4c       0x40 c:/nxp/mcuxpressoide_11.9.1_2170/ide/plugins/com.nxp.mcuxpresso.tools.win32_11.9.1.202402080819/tools/bin/../lib/gcc/arm-none-eabi/12.3.1/thumb/v7-m/nofp\libc.a(libc_a-stdio.o)
                0x00004c4c                __swrite
 .text.__sseek  0x00004c8c       0x24 c:/nxp/mcuxpressoide_11.9.1_2170/ide/plugins/com.nxp.mcuxpresso.tools.win32_11.9.1.202402080819/tools/bin/../lib/gcc/arm-none-eabi/12.3.1/thumb/v7-m/nofp\libc.a(libc_a-stdio.o)
                0x00004c8c                __sseek
 .text.__sclose
                0x00004cb0        0x8 c:/nxp/mcuxpressoide_11.9.1_2170/ide/plugins/com.nxp.mcuxpresso.tools.win32_11.9.1.202402080819/tools/bin/../lib/gcc/arm-none-eabi/12.3.1/thumb/v7-m/nofp\libc.a(libc_a-stdio.o)
                0x00004cb0                __sclose
 .text.strncpy  0x00004cb8       0x6c c:/nxp/mcuxpressoide_11.9.1_2170/ide/plugins/com.nxp.mcuxpresso.tools.win32_11.9.1.202402080819/tools/bin/../lib/gcc/arm-none-eabi/12.3.1/thumb/v7-m/nofp\libc.a(libc_a-strncpy.o)
                0x00004cb8                strncpy
 .text.__locale_mb_cur_max
                0x00004d24        0xc c:/nxp/mcuxpressoide_11.9.1_2170/ide/plugins/com.nxp.mcuxpresso.tools.win32_11.9.1.202402080819/tools/bin/../lib/gcc/arm-none-eabi/12.3.1/thumb/v7-m/nofp\libc.a(libc_a-locale.o)
                0x00004d24                __locale_mb_cur_max
 .text._localeconv_r
                0x00004d30        0x8 c:/nxp/mcuxpressoide_11.9.1_2170/ide/plugins/com.nxp.mcuxpresso.tools.win32_11.9.1.202402080819/tools/bin/../lib/gcc/arm-none-eabi/12.3.1/thumb/v7-m/nofp\libc.a(libc_a-localeconv.o)
                0x00004d30                _localeconv_r
 .text._close_r
                0x00004d38       0x24 c:/nxp/mcuxpressoide_11.9.1_2170/ide/plugins/com.nxp.mcuxpresso.tools.win32_11.9.1.202402080819/tools/bin/../lib/gcc/arm-none-eabi/12.3.1/thumb/v7-m/nofp\libc.a(libc_a-closer.o)
                0x00004d38                _close_r
 .text._lseek_r
                0x00004d5c       0x2c c:/nxp/mcuxpressoide_11.9.1_2170/ide/plugins/com.nxp.mcuxpresso.tools.win32_11.9.1.202402080819/tools/bin/../lib/gcc/arm-none-eabi/12.3.1/thumb/v7-m/nofp\libc.a(libc_a-lseekr.o)
                0x00004d5c                _lseek_r
 .text._read_r  0x00004d88       0x2c c:/nxp/mcuxpressoide_11.9.1_2170/ide/plugins/com.nxp.mcuxpresso.tools.win32_11.9.1.202402080819/tools/bin/../lib/gcc/arm-none-eabi/12.3.1/thumb/v7-m/nofp\libc.a(libc_a-readr.o)
                0x00004d88                _read_r
 .text._write_r
                0x00004db4       0x2c c:/nxp/mcuxpressoide_11.9.1_2170/ide/plugins/com.nxp.mcuxpresso.tools.win32_11.9.1.202402080819/tools/bin/../lib/gcc/arm-none-eabi/12.3.1/thumb/v7-m/nofp\libc.a(libc_a-writer.o)
                0x00004db4                _write_r
 .text.__retarget_lock_init_recursive
                0x00004de0        0x4 c:/nxp/mcuxpressoide_11.9.1_2170/ide/plugins/com.nxp.mcuxpresso.tools.win32_11.9.1.202402080819/tools/bin/../lib/gcc/arm-none-eabi/12.3.1/thumb/v7-m/nofp\libc.a(libc_a-lock.o)
                0x00004de0                __retarget_lock_init_recursive
 .text.__retarget_lock_close_recursive
                0x00004de4        0x4 c:/nxp/mcuxpressoide_11.9.1_2170/ide/plugins/com.nxp.mcuxpresso.tools.win32_11.9.1.202402080819/tools/bin/../lib/gcc/arm-none-eabi/12.3.1/thumb/v7-m/nofp\libc.a(libc_a-lock.o)
                0x00004de4                __retarget_lock_close_recursive
 .text.__retarget_lock_acquire_recursive
                0x00004de8        0x4 c:/nxp/mcuxpressoide_11.9.1_2170/ide/plugins/com.nxp.mcuxpresso.tools.win32_11.9.1.202402080819/tools/bin/../lib/gcc/arm-none-eabi/12.3.1/thumb/v7-m/nofp\libc.a(libc_a-lock.o)
                0x00004de8                __retarget_lock_acquire_recursive
 .text.__retarget_lock_release_recursive
                0x00004dec        0x4 c:/nxp/mcuxpressoide_11.9.1_2170/ide/plugins/com.nxp.mcuxpresso.tools.win32_11.9.1.202402080819/tools/bin/../lib/gcc/arm-none-eabi/12.3.1/thumb/v7-m/nofp\libc.a(libc_a-lock.o)
                0x00004dec                __retarget_lock_release_recursive
 .text.memchr   0x00004df0       0x98 c:/nxp/mcuxpressoide_11.9.1_2170/ide/plugins/com.nxp.mcuxpresso.tools.win32_11.9.1.202402080819/tools/bin/../lib/gcc/arm-none-eabi/12.3.1/thumb/v7-m/nofp\libc.a(libc_a-memchr-stub.o)
                0x00004df0                memchr
 .text.strlen   0x00004e88       0x5c c:/nxp/mcuxpressoide_11.9.1_2170/ide/plugins/com.nxp.mcuxpresso.tools.win32_11.9.1.202402080819/tools/bin/../lib/gcc/arm-none-eabi/12.3.1/thumb/v7-m/nofp\libc.a(libc_a-strlen-stub.o)
                0x00004e88                strlen
 .text.frexp    0x00004ee4       0x70 c:/nxp/mcuxpressoide_11.9.1_2170/ide/plugins/com.nxp.mcuxpresso.tools.win32_11.9.1.202402080819/tools/bin/../lib/gcc/arm-none-eabi/12.3.1/thumb/v7-m/nofp\libc.a(libm_a-s_frexp.o)
                0x00004ee4                frexp
 .text.quorem   0x00004f54      0x13c c:/nxp/mcuxpressoide_11.9.1_2170/ide/plugins/com.nxp.mcuxpresso.tools.win32_11.9.1.202402080819/tools/bin/../lib/gcc/arm-none-eabi/12.3.1/thumb/v7-m/nofp\libc.a(libc_a-dtoa.o)
 .text._dtoa_r  0x00005090      0xe54 c:/nxp/mcuxpressoide_11.9.1_2170/ide/plugins/com.nxp.mcuxpresso.tools.win32_11.9.1.202402080819/tools/bin/../lib/gcc/arm-none-eabi/12.3.1/thumb/v7-m/nofp\libc.a(libc_a-dtoa.o)
                0x00005090                _dtoa_r
 .text._malloc_trim_r
                0x00005ee4       0xb8 c:/nxp/mcuxpressoide_11.9.1_2170/ide/plugins/com.nxp.mcuxpresso.tools.win32_11.9.1.202402080819/tools/bin/../lib/gcc/arm-none-eabi/12.3.1/thumb/v7-m/nofp\libc.a(libc_a-freer.o)
                0x00005ee4                _malloc_trim_r
 .text._free_r  0x00005f9c      0x1fc c:/nxp/mcuxpressoide_11.9.1_2170/ide/plugins/com.nxp.mcuxpresso.tools.win32_11.9.1.202402080819/tools/bin/../lib/gcc/arm-none-eabi/12.3.1/thumb/v7-m/nofp\libc.a(libc_a-freer.o)
                0x00005f9c                _free_r
 .text._malloc_r
                0x00006198      0x570 c:/nxp/mcuxpressoide_11.9.1_2170/ide/plugins/com.nxp.mcuxpresso.tools.win32_11.9.1.202402080819/tools/bin/../lib/gcc/arm-none-eabi/12.3.1/thumb/v7-m/nofp\libc.a(libc_a-mallocr.o)
                0x00006198                _malloc_r
 .text.__ascii_mbtowc
                0x00006708       0x2c c:/nxp/mcuxpressoide_11.9.1_2170/ide/plugins/com.nxp.mcuxpresso.tools.win32_11.9.1.202402080819/tools/bin/../lib/gcc/arm-none-eabi/12.3.1/thumb/v7-m/nofp\libc.a(libc_a-mbtowc_r.o)
                0x00006708                __ascii_mbtowc
 .text.__malloc_lock
                0x00006734        0xc c:/nxp/mcuxpressoide_11.9.1_2170/ide/plugins/com.nxp.mcuxpresso.tools.win32_11.9.1.202402080819/tools/bin/../lib/gcc/arm-none-eabi/12.3.1/thumb/v7-m/nofp\libc.a(libc_a-mlock.o)
                0x00006734                __malloc_lock
 .text.__malloc_unlock
                0x00006740        0xc c:/nxp/mcuxpressoide_11.9.1_2170/ide/plugins/com.nxp.mcuxpresso.tools.win32_11.9.1.202402080819/tools/bin/../lib/gcc/arm-none-eabi/12.3.1/thumb/v7-m/nofp\libc.a(libc_a-mlock.o)
                0x00006740                __malloc_unlock
 .text._Balloc  0x0000674c       0x4c c:/nxp/mcuxpressoide_11.9.1_2170/ide/plugins/com.nxp.mcuxpresso.tools.win32_11.9.1.202402080819/tools/bin/../lib/gcc/arm-none-eabi/12.3.1/thumb/v7-m/nofp\libc.a(libc_a-mprec.o)
                0x0000674c                _Balloc
 .text._Bfree   0x00006798       0x14 c:/nxp/mcuxpressoide_11.9.1_2170/ide/plugins/com.nxp.mcuxpresso.tools.win32_11.9.1.202402080819/tools/bin/../lib/gcc/arm-none-eabi/12.3.1/thumb/v7-m/nofp\libc.a(libc_a-mprec.o)
                0x00006798                _Bfree
 .text.__multadd
                0x000067ac       0xa4 c:/nxp/mcuxpressoide_11.9.1_2170/ide/plugins/com.nxp.mcuxpresso.tools.win32_11.9.1.202402080819/tools/bin/../lib/gcc/arm-none-eabi/12.3.1/thumb/v7-m/nofp\libc.a(libc_a-mprec.o)
                0x000067ac                __multadd
 .text.__hi0bits
                0x00006850       0x44 c:/nxp/mcuxpressoide_11.9.1_2170/ide/plugins/com.nxp.mcuxpresso.tools.win32_11.9.1.202402080819/tools/bin/../lib/gcc/arm-none-eabi/12.3.1/thumb/v7-m/nofp\libc.a(libc_a-mprec.o)
                0x00006850                __hi0bits
 .text.__lo0bits
                0x00006894       0x5c c:/nxp/mcuxpressoide_11.9.1_2170/ide/plugins/com.nxp.mcuxpresso.tools.win32_11.9.1.202402080819/tools/bin/../lib/gcc/arm-none-eabi/12.3.1/thumb/v7-m/nofp\libc.a(libc_a-mprec.o)
                0x00006894                __lo0bits
 .text.__i2b    0x000068f0       0x5c c:/nxp/mcuxpressoide_11.9.1_2170/ide/plugins/com.nxp.mcuxpresso.tools.win32_11.9.1.202402080819/tools/bin/../lib/gcc/arm-none-eabi/12.3.1/thumb/v7-m/nofp\libc.a(libc_a-mprec.o)
                0x000068f0                __i2b
 .text.__multiply
                0x0000694c      0x164 c:/nxp/mcuxpressoide_11.9.1_2170/ide/plugins/com.nxp.mcuxpresso.tools.win32_11.9.1.202402080819/tools/bin/../lib/gcc/arm-none-eabi/12.3.1/thumb/v7-m/nofp\libc.a(libc_a-mprec.o)
                0x0000694c                __multiply
 .text.__pow5mult
                0x00006ab0       0xb4 c:/nxp/mcuxpressoide_11.9.1_2170/ide/plugins/com.nxp.mcuxpresso.tools.win32_11.9.1.202402080819/tools/bin/../lib/gcc/arm-none-eabi/12.3.1/thumb/v7-m/nofp\libc.a(libc_a-mprec.o)
                0x00006ab0                __pow5mult
 .text.__lshift
                0x00006b64       0xec c:/nxp/mcuxpressoide_11.9.1_2170/ide/plugins/com.nxp.mcuxpresso.tools.win32_11.9.1.202402080819/tools/bin/../lib/gcc/arm-none-eabi/12.3.1/thumb/v7-m/nofp\libc.a(libc_a-mprec.o)
                0x00006b64                __lshift
 .text.__mcmp   0x00006c50       0x40 c:/nxp/mcuxpressoide_11.9.1_2170/ide/plugins/com.nxp.mcuxpresso.tools.win32_11.9.1.202402080819/tools/bin/../lib/gcc/arm-none-eabi/12.3.1/thumb/v7-m/nofp\libc.a(libc_a-mprec.o)
                0x00006c50                __mcmp
 .text.__mdiff  0x00006c90      0x160 c:/nxp/mcuxpressoide_11.9.1_2170/ide/plugins/com.nxp.mcuxpresso.tools.win32_11.9.1.202402080819/tools/bin/../lib/gcc/arm-none-eabi/12.3.1/thumb/v7-m/nofp\libc.a(libc_a-mprec.o)
                0x00006c90                __mdiff
 .text.__d2b    0x00006df0       0xbc c:/nxp/mcuxpressoide_11.9.1_2170/ide/plugins/com.nxp.mcuxpresso.tools.win32_11.9.1.202402080819/tools/bin/../lib/gcc/arm-none-eabi/12.3.1/thumb/v7-m/nofp\libc.a(libc_a-mprec.o)
                0x00006df0                __d2b
 .text.__ascii_wctomb
                0x00006eac       0x1c c:/nxp/mcuxpressoide_11.9.1_2170/ide/plugins/com.nxp.mcuxpresso.tools.win32_11.9.1.202402080819/tools/bin/../lib/gcc/arm-none-eabi/12.3.1/thumb/v7-m/nofp\libc.a(libc_a-wctomb_r.o)
                0x00006eac                __ascii_wctomb
 .text._wcrtomb_r
                0x00006ec8       0x4c c:/nxp/mcuxpressoide_11.9.1_2170/ide/plugins/com.nxp.mcuxpresso.tools.win32_11.9.1.202402080819/tools/bin/../lib/gcc/arm-none-eabi/12.3.1/thumb/v7-m/nofp\libc.a(libc_a-wcrtomb.o)
                0x00006ec8                _wcrtomb_r
 .text._wcsrtombs_r
                0x00006f14       0x18 c:/nxp/mcuxpressoide_11.9.1_2170/ide/plugins/com.nxp.mcuxpresso.tools.win32_11.9.1.202402080819/tools/bin/../lib/gcc/arm-none-eabi/12.3.1/thumb/v7-m/nofp\libc.a(libc_a-wcsrtombs.o)
                0x00006f14                _wcsrtombs_r
 .text.__ssprint_r
                0x00006f2c      0x110 c:/nxp/mcuxpressoide_11.9.1_2170/ide/plugins/com.nxp.mcuxpresso.tools.win32_11.9.1.202402080819/tools/bin/../lib/gcc/arm-none-eabi/12.3.1/thumb/v7-m/nofp\libc.a(libc_a-svfiprintf.o)
                0x00006f2c                __ssprint_r
 .text._fclose_r
                0x0000703c       0xc0 c:/nxp/mcuxpressoide_11.9.1_2170/ide/plugins/com.nxp.mcuxpresso.tools.win32_11.9.1.202402080819/tools/bin/../lib/gcc/arm-none-eabi/12.3.1/thumb/v7-m/nofp\libc.a(libc_a-fclose.o)
                0x0000703c                _fclose_r
 .text.__sflush_r
                0x000070fc      0x128 c:/nxp/mcuxpressoide_11.9.1_2170/ide/plugins/com.nxp.mcuxpresso.tools.win32_11.9.1.202402080819/tools/bin/../lib/gcc/arm-none-eabi/12.3.1/thumb/v7-m/nofp\libc.a(libc_a-fflush.o)
                0x000070fc                __sflush_r
 .text._fflush_r
                0x00007224       0x54 c:/nxp/mcuxpressoide_11.9.1_2170/ide/plugins/com.nxp.mcuxpresso.tools.win32_11.9.1.202402080819/tools/bin/../lib/gcc/arm-none-eabi/12.3.1/thumb/v7-m/nofp\libc.a(libc_a-fflush.o)
                0x00007224                _fflush_r
 .text.memmove  0x00007278       0xfc c:/nxp/mcuxpressoide_11.9.1_2170/ide/plugins/com.nxp.mcuxpresso.tools.win32_11.9.1.202402080819/tools/bin/../lib/gcc/arm-none-eabi/12.3.1/thumb/v7-m/nofp\libc.a(libc_a-memmove.o)
                0x00007278                memmove
 .text._sbrk_r  0x00007374       0x24 c:/nxp/mcuxpressoide_11.9.1_2170/ide/plugins/com.nxp.mcuxpresso.tools.win32_11.9.1.202402080819/tools/bin/../lib/gcc/arm-none-eabi/12.3.1/thumb/v7-m/nofp\libc.a(libc_a-sbrkr.o)
                0x00007374                _sbrk_r
 .text.__errno  0x00007398        0xc c:/nxp/mcuxpressoide_11.9.1_2170/ide/plugins/com.nxp.mcuxpresso.tools.win32_11.9.1.202402080819/tools/bin/../lib/gcc/arm-none-eabi/12.3.1/thumb/v7-m/nofp\libc.a(libc_a-errno.o)
                0x00007398                __errno
 .text.sysconf  0x000073a4       0x1c c:/nxp/mcuxpressoide_11.9.1_2170/ide/plugins/com.nxp.mcuxpresso.tools.win32_11.9.1.202402080819/tools/bin/../lib/gcc/arm-none-eabi/12.3.1/thumb/v7-m/nofp\libc.a(libc_a-sysconf.o)
                0x000073a4                sysconf
 .text          0x000073c0       0xec c:/nxp/mcuxpressoide_11.9.1_2170/ide/plugins/com.nxp.mcuxpresso.tools.win32_11.9.1.202402080819/tools/bin/../lib/gcc/arm-none-eabi/12.3.1/thumb/v7-m/nofp\libc.a(libc_a-memcpy.o)
                0x000073c0                memcpy
 .text.__assert_func
                0x000074ac       0x40 c:/nxp/mcuxpressoide_11.9.1_2170/ide/plugins/com.nxp.mcuxpresso.tools.win32_11.9.1.202402080819/tools/bin/../lib/gcc/arm-none-eabi/12.3.1/thumb/v7-m/nofp\libc.a(libc_a-assert.o)
                0x000074ac                __assert_func
 .text._calloc_r
                0x000074ec       0x6c c:/nxp/mcuxpressoide_11.9.1_2170/ide/plugins/com.nxp.mcuxpresso.tools.win32_11.9.1.202402080819/tools/bin/../lib/gcc/arm-none-eabi/12.3.1/thumb/v7-m/nofp\libc.a(libc_a-callocr.o)
                0x000074ec                _calloc_r
 .text._realloc_r
                0x00007558      0x34c c:/nxp/mcuxpressoide_11.9.1_2170/ide/plugins/com.nxp.mcuxpresso.tools.win32_11.9.1.202402080819/tools/bin/../lib/gcc/arm-none-eabi/12.3.1/thumb/v7-m/nofp\libc.a(libc_a-reallocr.o)
                0x00007558                _realloc_r
 .text._wcsnrtombs_l
                0x000078a4       0xec c:/nxp/mcuxpressoide_11.9.1_2170/ide/plugins/com.nxp.mcuxpresso.tools.win32_11.9.1.202402080819/tools/bin/../lib/gcc/arm-none-eabi/12.3.1/thumb/v7-m/nofp\libc.a(libc_a-wcsnrtombs.o)
                0x000078a4                _wcsnrtombs_l
 .text._wcsnrtombs_r
                0x00007990       0x24 c:/nxp/mcuxpressoide_11.9.1_2170/ide/plugins/com.nxp.mcuxpresso.tools.win32_11.9.1.202402080819/tools/bin/../lib/gcc/arm-none-eabi/12.3.1/thumb/v7-m/nofp\libc.a(libc_a-wcsnrtombs.o)
                0x00007990                _wcsnrtombs_r
 .text.fiprintf
                0x000079b4       0x28 c:/nxp/mcuxpressoide_11.9.1_2170/ide/plugins/com.nxp.mcuxpresso.tools.win32_11.9.1.202402080819/tools/bin/../lib/gcc/arm-none-eabi/12.3.1/thumb/v7-m/nofp\libc.a(libc_a-fiprintf.o)
                0x000079b4                fiprintf
 .text.__sprint_r.part.0
                0x000079dc       0x78 c:/nxp/mcuxpressoide_11.9.1_2170/ide/plugins/com.nxp.mcuxpresso.tools.win32_11.9.1.202402080819/tools/bin/../lib/gcc/arm-none-eabi/12.3.1/thumb/v7-m/nofp\libc.a(libc_a-vfiprintf.o)
 .text._vfiprintf_r
                0x00007a54      0xf9c c:/nxp/mcuxpressoide_11.9.1_2170/ide/plugins/com.nxp.mcuxpresso.tools.win32_11.9.1.202402080819/tools/bin/../lib/gcc/arm-none-eabi/12.3.1/thumb/v7-m/nofp\libc.a(libc_a-vfiprintf.o)
                0x00007a54                _vfiprintf_r
 .text.__sbprintf
                0x000089f0       0x80 c:/nxp/mcuxpressoide_11.9.1_2170/ide/plugins/com.nxp.mcuxpresso.tools.win32_11.9.1.202402080819/tools/bin/../lib/gcc/arm-none-eabi/12.3.1/thumb/v7-m/nofp\libc.a(libc_a-vfiprintf.o)
 .text.__sfvwrite_r
                0x00008a70      0x2ec c:/nxp/mcuxpressoide_11.9.1_2170/ide/plugins/com.nxp.mcuxpresso.tools.win32_11.9.1.202402080819/tools/bin/../lib/gcc/arm-none-eabi/12.3.1/thumb/v7-m/nofp\libc.a(libc_a-fvwrite.o)
                0x00008a70                __sfvwrite_r
 .text.__swsetup_r
                0x00008d5c       0xc0 c:/nxp/mcuxpressoide_11.9.1_2170/ide/plugins/com.nxp.mcuxpresso.tools.win32_11.9.1.202402080819/tools/bin/../lib/gcc/arm-none-eabi/12.3.1/thumb/v7-m/nofp\libc.a(libc_a-wsetup.o)
                0x00008d5c                __swsetup_r
 .text.__fputwc
                0x00008e1c       0x7c c:/nxp/mcuxpressoide_11.9.1_2170/ide/plugins/com.nxp.mcuxpresso.tools.win32_11.9.1.202402080819/tools/bin/../lib/gcc/arm-none-eabi/12.3.1/thumb/v7-m/nofp\libc.a(libc_a-fputwc.o)
                0x00008e1c                __fputwc
 .text._fputwc_r
                0x00008e98       0x60 c:/nxp/mcuxpressoide_11.9.1_2170/ide/plugins/com.nxp.mcuxpresso.tools.win32_11.9.1.202402080819/tools/bin/../lib/gcc/arm-none-eabi/12.3.1/thumb/v7-m/nofp\libc.a(libc_a-fputwc.o)
                0x00008e98                _fputwc_r
 .text.abort    0x00008ef8       0x10 c:/nxp/mcuxpressoide_11.9.1_2170/ide/plugins/com.nxp.mcuxpresso.tools.win32_11.9.1.202402080819/tools/bin/../lib/gcc/arm-none-eabi/12.3.1/thumb/v7-m/nofp\libc.a(libc_a-abort.o)
                0x00008ef8                abort
 .text.__smakebuf_r
                0x00008f08       0xdc c:/nxp/mcuxpressoide_11.9.1_2170/ide/plugins/com.nxp.mcuxpresso.tools.win32_11.9.1.202402080819/tools/bin/../lib/gcc/arm-none-eabi/12.3.1/thumb/v7-m/nofp\libc.a(libc_a-makebuf.o)
                0x00008f08                __smakebuf_r
 .text.__swbuf_r
                0x00008fe4       0xac c:/nxp/mcuxpressoide_11.9.1_2170/ide/plugins/com.nxp.mcuxpresso.tools.win32_11.9.1.202402080819/tools/bin/../lib/gcc/arm-none-eabi/12.3.1/thumb/v7-m/nofp\libc.a(libc_a-wbuf.o)
                0x00008fe4                __swbuf_r
 .text.raise    0x00009090       0x58 c:/nxp/mcuxpressoide_11.9.1_2170/ide/plugins/com.nxp.mcuxpresso.tools.win32_11.9.1.202402080819/tools/bin/../lib/gcc/arm-none-eabi/12.3.1/thumb/v7-m/nofp\libc.a(libc_a-signal.o)
                0x00009090                raise
 .text._fstat_r
                0x000090e8       0x28 c:/nxp/mcuxpressoide_11.9.1_2170/ide/plugins/com.nxp.mcuxpresso.tools.win32_11.9.1.202402080819/tools/bin/../lib/gcc/arm-none-eabi/12.3.1/thumb/v7-m/nofp\libc.a(libc_a-fstatr.o)
                0x000090e8                _fstat_r
 .text._isatty_r
                0x00009110       0x24 c:/nxp/mcuxpressoide_11.9.1_2170/ide/plugins/com.nxp.mcuxpresso.tools.win32_11.9.1.202402080819/tools/bin/../lib/gcc/arm-none-eabi/12.3.1/thumb/v7-m/nofp\libc.a(libc_a-isattyr.o)
                0x00009110                _isatty_r
 .text._kill_r  0x00009134       0x28 c:/nxp/mcuxpressoide_11.9.1_2170/ide/plugins/com.nxp.mcuxpresso.tools.win32_11.9.1.202402080819/tools/bin/../lib/gcc/arm-none-eabi/12.3.1/thumb/v7-m/nofp\libc.a(libc_a-signalr.o)
                0x00009134                _kill_r
 .text._getpid_r
                0x0000915c        0x4 c:/nxp/mcuxpressoide_11.9.1_2170/ide/plugins/com.nxp.mcuxpresso.tools.win32_11.9.1.202402080819/tools/bin/../lib/gcc/arm-none-eabi/12.3.1/thumb/v7-m/nofp\libc.a(libc_a-signalr.o)
                0x0000915c                _getpid_r
 .text._sbrk    0x00009160       0x3c c:/nxp/mcuxpressoide_11.9.1_2170/ide/plugins/com.nxp.mcuxpresso.tools.win32_11.9.1.202402080819/tools/bin/../lib/gcc/arm-none-eabi/12.3.1/../../../../arm-none-eabi/lib/thumb/v7-m/nofp\libcr_newlib_semihost.a(_cr_sbrk.o)
                0x00009160                _sbrk
 .text._exit    0x0000919c        0x8 c:/nxp/mcuxpressoide_11.9.1_2170/ide/plugins/com.nxp.mcuxpresso.tools.win32_11.9.1.202402080819/tools/bin/../lib/gcc/arm-none-eabi/12.3.1/../../../../arm-none-eabi/lib/thumb/v7-m/nofp\libcr_newlib_semihost.a(_exit.o)
                0x0000919c                _exit
 .text._kill    0x000091a4       0x20 c:/nxp/mcuxpressoide_11.9.1_2170/ide/plugins/com.nxp.mcuxpresso.tools.win32_11.9.1.202402080819/tools/bin/../lib/gcc/arm-none-eabi/12.3.1/../../../../arm-none-eabi/lib/thumb/v7-m/nofp\libcr_newlib_semihost.a(_kill.o)
                0x000091a4                _kill
 .text.error    0x000091c4       0x1c c:/nxp/mcuxpressoide_11.9.1_2170/ide/plugins/com.nxp.mcuxpresso.tools.win32_11.9.1.202402080819/tools/bin/../lib/gcc/arm-none-eabi/12.3.1/../../../../arm-none-eabi/lib/thumb/v7-m/nofp\libcr_newlib_semihost.a(syscalls.o)
 .text.initialise_monitor_handles.part.0
                0x000091e0       0xa4 c:/nxp/mcuxpressoide_11.9.1_2170/ide/plugins/com.nxp.mcuxpresso.tools.win32_11.9.1.202402080819/tools/bin/../lib/gcc/arm-none-eabi/12.3.1/../../../../arm-none-eabi/lib/thumb/v7-m/nofp\libcr_newlib_semihost.a(syscalls.o)
 .text.findslot
                0x00009284       0x30 c:/nxp/mcuxpressoide_11.9.1_2170/ide/plugins/com.nxp.mcuxpresso.tools.win32_11.9.1.202402080819/tools/bin/../lib/gcc/arm-none-eabi/12.3.1/../../../../arm-none-eabi/lib/thumb/v7-m/nofp\libcr_newlib_semihost.a(syscalls.o)
 .text.checkerror
                0x000092b4        0xa c:/nxp/mcuxpressoide_11.9.1_2170/ide/plugins/com.nxp.mcuxpresso.tools.win32_11.9.1.202402080819/tools/bin/../lib/gcc/arm-none-eabi/12.3.1/../../../../arm-none-eabi/lib/thumb/v7-m/nofp\libcr_newlib_semihost.a(syscalls.o)
 .text._swiread
                0x000092be       0x20 c:/nxp/mcuxpressoide_11.9.1_2170/ide/plugins/com.nxp.mcuxpresso.tools.win32_11.9.1.202402080819/tools/bin/../lib/gcc/arm-none-eabi/12.3.1/../../../../arm-none-eabi/lib/thumb/v7-m/nofp\libcr_newlib_semihost.a(syscalls.o)
                0x000092be                _swiread
 .text._read    0x000092de       0x34 c:/nxp/mcuxpressoide_11.9.1_2170/ide/plugins/com.nxp.mcuxpresso.tools.win32_11.9.1.202402080819/tools/bin/../lib/gcc/arm-none-eabi/12.3.1/../../../../arm-none-eabi/lib/thumb/v7-m/nofp\libcr_newlib_semihost.a(syscalls.o)
                0x000092de                _read
 .text._swilseek
                0x00009312       0x78 c:/nxp/mcuxpressoide_11.9.1_2170/ide/plugins/com.nxp.mcuxpresso.tools.win32_11.9.1.202402080819/tools/bin/../lib/gcc/arm-none-eabi/12.3.1/../../../../arm-none-eabi/lib/thumb/v7-m/nofp\libcr_newlib_semihost.a(syscalls.o)
                0x00009312                _swilseek
 .text._lseek   0x0000938a        0x4 c:/nxp/mcuxpressoide_11.9.1_2170/ide/plugins/com.nxp.mcuxpresso.tools.win32_11.9.1.202402080819/tools/bin/../lib/gcc/arm-none-eabi/12.3.1/../../../../arm-none-eabi/lib/thumb/v7-m/nofp\libcr_newlib_semihost.a(syscalls.o)
                0x0000938a                _lseek
 .text._swiwrite
                0x0000938e       0x20 c:/nxp/mcuxpressoide_11.9.1_2170/ide/plugins/com.nxp.mcuxpresso.tools.win32_11.9.1.202402080819/tools/bin/../lib/gcc/arm-none-eabi/12.3.1/../../../../arm-none-eabi/lib/thumb/v7-m/nofp\libcr_newlib_semihost.a(syscalls.o)
                0x0000938e                _swiwrite
 .text._write   0x000093ae       0x40 c:/nxp/mcuxpressoide_11.9.1_2170/ide/plugins/com.nxp.mcuxpresso.tools.win32_11.9.1.202402080819/tools/bin/../lib/gcc/arm-none-eabi/12.3.1/../../../../arm-none-eabi/lib/thumb/v7-m/nofp\libcr_newlib_semihost.a(syscalls.o)
                0x000093ae                _write
 .text._swiclose
                0x000093ee       0x1a c:/nxp/mcuxpressoide_11.9.1_2170/ide/plugins/com.nxp.mcuxpresso.tools.win32_11.9.1.202402080819/tools/bin/../lib/gcc/arm-none-eabi/12.3.1/../../../../arm-none-eabi/lib/thumb/v7-m/nofp\libcr_newlib_semihost.a(syscalls.o)
                0x000093ee                _swiclose
 .text._close   0x00009408       0x44 c:/nxp/mcuxpressoide_11.9.1_2170/ide/plugins/com.nxp.mcuxpresso.tools.win32_11.9.1.202402080819/tools/bin/../lib/gcc/arm-none-eabi/12.3.1/../../../../arm-none-eabi/lib/thumb/v7-m/nofp\libcr_newlib_semihost.a(syscalls.o)
                0x00009408                _close
 .text._getpid  0x0000944c        0x4 c:/nxp/mcuxpressoide_11.9.1_2170/ide/plugins/com.nxp.mcuxpresso.tools.win32_11.9.1.202402080819/tools/bin/../lib/gcc/arm-none-eabi/12.3.1/../../../../arm-none-eabi/lib/thumb/v7-m/nofp\libcr_newlib_semihost.a(syscalls.o)
                0x0000944c                _getpid
 .text._swistat
                0x00009450       0x42 c:/nxp/mcuxpressoide_11.9.1_2170/ide/plugins/com.nxp.mcuxpresso.tools.win32_11.9.1.202402080819/tools/bin/../lib/gcc/arm-none-eabi/12.3.1/../../../../arm-none-eabi/lib/thumb/v7-m/nofp\libcr_newlib_semihost.a(syscalls.o)
                0x00009450                _swistat
 .text._fstat   0x00009492       0x1c c:/nxp/mcuxpressoide_11.9.1_2170/ide/plugins/com.nxp.mcuxpresso.tools.win32_11.9.1.202402080819/tools/bin/../lib/gcc/arm-none-eabi/12.3.1/../../../../arm-none-eabi/lib/thumb/v7-m/nofp\libcr_newlib_semihost.a(syscalls.o)
                0x00009492                _fstat
 .text._isatty  0x000094ae       0x2a c:/nxp/mcuxpressoide_11.9.1_2170/ide/plugins/com.nxp.mcuxpresso.tools.win32_11.9.1.202402080819/tools/bin/../lib/gcc/arm-none-eabi/12.3.1/../../../../arm-none-eabi/lib/thumb/v7-m/nofp\libcr_newlib_semihost.a(syscalls.o)
                0x000094ae                _isatty
 .text.__check_heap_overflow
                0x000094d8       0x18 c:/nxp/mcuxpressoide_11.9.1_2170/ide/plugins/com.nxp.mcuxpresso.tools.win32_11.9.1.202402080819/tools/bin/../lib/gcc/arm-none-eabi/12.3.1/../../../../arm-none-eabi/lib/thumb/v7-m/nofp\libcr_newlib_semihost.a(_cr_check_heap.o)
                0x000094d8                __check_heap_overflow
 .text          0x000094f0      0x378 c:/nxp/mcuxpressoide_11.9.1_2170/ide/plugins/com.nxp.mcuxpresso.tools.win32_11.9.1.202402080819/tools/bin/../lib/gcc/arm-none-eabi/12.3.1/thumb/v7-m/nofp\libgcc.a(_arm_addsubdf3.o)
                0x000094f0                __aeabi_drsub
                0x000094f8                __aeabi_dsub
                0x000094f8                __subdf3
                0x000094fc                __aeabi_dadd
                0x000094fc                __adddf3
                0x00009774                __floatunsidf
                0x00009774                __aeabi_ui2d
                0x00009794                __floatsidf
                0x00009794                __aeabi_i2d
                0x000097b8                __aeabi_f2d
                0x000097b8                __extendsfdf2
                0x000097fc                __floatundidf
                0x000097fc                __aeabi_ul2d
                0x0000980c                __floatdidf
                0x0000980c                __aeabi_l2d
 .text          0x00009868      0x424 c:/nxp/mcuxpressoide_11.9.1_2170/ide/plugins/com.nxp.mcuxpresso.tools.win32_11.9.1.202402080819/tools/bin/../lib/gcc/arm-none-eabi/12.3.1/thumb/v7-m/nofp\libgcc.a(_arm_muldivdf3.o)
                0x00009868                __aeabi_dmul
                0x00009868                __muldf3
                0x00009abc                __divdf3
                0x00009abc                __aeabi_ddiv
 .text          0x00009c8c      0x110 c:/nxp/mcuxpressoide_11.9.1_2170/ide/plugins/com.nxp.mcuxpresso.tools.win32_11.9.1.202402080819/tools/bin/../lib/gcc/arm-none-eabi/12.3.1/thumb/v7-m/nofp\libgcc.a(_arm_cmpdf2.o)
                0x00009c8c                __gtdf2
                0x00009c8c                __gedf2
                0x00009c94                __ltdf2
                0x00009c94                __ledf2
                0x00009c9c                __nedf2
                0x00009c9c                __eqdf2
                0x00009c9c                __cmpdf2
                0x00009d18                __aeabi_cdrcmple
                0x00009d28                __aeabi_cdcmpeq
                0x00009d28                __aeabi_cdcmple
                0x00009d38                __aeabi_dcmpeq
                0x00009d4c                __aeabi_dcmplt
                0x00009d60                __aeabi_dcmple
                0x00009d74                __aeabi_dcmpge
                0x00009d88                __aeabi_dcmpgt
 .text          0x00009d9c       0x2c c:/nxp/mcuxpressoide_11.9.1_2170/ide/plugins/com.nxp.mcuxpresso.tools.win32_11.9.1.202402080819/tools/bin/../lib/gcc/arm-none-eabi/12.3.1/thumb/v7-m/nofp\libgcc.a(_arm_unorddf2.o)
                0x00009d9c                __unorddf2
                0x00009d9c                __aeabi_dcmpun
 .text          0x00009dc8       0x50 c:/nxp/mcuxpressoide_11.9.1_2170/ide/plugins/com.nxp.mcuxpresso.tools.win32_11.9.1.202402080819/tools/bin/../lib/gcc/arm-none-eabi/12.3.1/thumb/v7-m/nofp\libgcc.a(_arm_fixdfsi.o)
                0x00009dc8                __aeabi_d2iz
                0x00009dc8                __fixdfsi
 *(.rodata .rodata.* .constdata .constdata.*)
 .rodata.str1.4
                0x00009e18       0x4f ./src/screenManagment.o
 *fill*         0x00009e67        0x1 ff
 .rodata        0x00009e68        0x8 C:\Users\student\Desktop\basic\lpc17xx_xpr_bb_140609(1)\Lib_EaBaseBoard\Debug\libLib_EaBaseBoard.a(oled.o)
 .rodata        0x00009e70      0x300 C:\Users\student\Desktop\basic\lpc17xx_xpr_bb_140609(1)\Lib_EaBaseBoard\Debug\libLib_EaBaseBoard.a(font5x7.o)
                0x00009e70                font5x7
 .rodata.str1.4
                0x0000a170        0xe C:\Users\student\Desktop\basic\lpc17xx_xpr_bb_140609(1)\Lib_MCU\Debug\libLib_MCU.a(lpc17xx_i2c.o)
 *fill*         0x0000a17e        0x2 ff
 .rodata.str1.4
                0x0000a180        0xe C:\Users\student\Desktop\basic\lpc17xx_xpr_bb_140609(1)\Lib_MCU\Debug\libLib_MCU.a(lpc17xx_rtc.o)
 *fill*         0x0000a18e        0x2 ff
 .rodata.str1.4
                0x0000a190        0xe C:\Users\student\Desktop\basic\lpc17xx_xpr_bb_140609(1)\Lib_MCU\Debug\libLib_MCU.a(lpc17xx_ssp.o)
 *fill*         0x0000a19e        0x2 ff
 .rodata.str1.4
                0x0000a1a0       0x10 C:\Users\student\Desktop\basic\lpc17xx_xpr_bb_140609(1)\Lib_MCU\Debug\libLib_MCU.a(lpc17xx_timer.o)
 .rodata._svfprintf_r.str1.4
                0x0000a1b0       0x42 c:/nxp/mcuxpressoide_11.9.1_2170/ide/plugins/com.nxp.mcuxpresso.tools.win32_11.9.1.202402080819/tools/bin/../lib/gcc/arm-none-eabi/12.3.1/thumb/v7-m/nofp\libc.a(libc_a-svfprintf.o)
 *fill*         0x0000a1f2        0x2 ff
 .rodata.zeroes.0
                0x0000a1f4       0x10 c:/nxp/mcuxpressoide_11.9.1_2170/ide/plugins/com.nxp.mcuxpresso.tools.win32_11.9.1.202402080819/tools/bin/../lib/gcc/arm-none-eabi/12.3.1/thumb/v7-m/nofp\libc.a(libc_a-svfprintf.o)
 .rodata.blanks.1
                0x0000a204       0x10 c:/nxp/mcuxpressoide_11.9.1_2170/ide/plugins/com.nxp.mcuxpresso.tools.win32_11.9.1.202402080819/tools/bin/../lib/gcc/arm-none-eabi/12.3.1/thumb/v7-m/nofp\libc.a(libc_a-svfprintf.o)
 .rodata.str1.4
                0x0000a214       0x48 c:/nxp/mcuxpressoide_11.9.1_2170/ide/plugins/com.nxp.mcuxpresso.tools.win32_11.9.1.202402080819/tools/bin/../lib/gcc/arm-none-eabi/12.3.1/thumb/v7-m/nofp\libc.a(libc_a-locale.o)
                                 0x4c (size before relaxing)
 .rodata._dtoa_r.str1.4
                0x0000a25c       0x7d c:/nxp/mcuxpressoide_11.9.1_2170/ide/plugins/com.nxp.mcuxpresso.tools.win32_11.9.1.202402080819/tools/bin/../lib/gcc/arm-none-eabi/12.3.1/thumb/v7-m/nofp\libc.a(libc_a-dtoa.o)
                                 0x81 (size before relaxing)
 *fill*         0x0000a2d9        0x3 ff
 .rodata.__multadd.str1.4
                0x0000a2dc       0x5a c:/nxp/mcuxpressoide_11.9.1_2170/ide/plugins/com.nxp.mcuxpresso.tools.win32_11.9.1.202402080819/tools/bin/../lib/gcc/arm-none-eabi/12.3.1/thumb/v7-m/nofp\libc.a(libc_a-mprec.o)
                                 0x6e (size before relaxing)
 *fill*         0x0000a336        0x2 ff
 .rodata.p05.0  0x0000a338        0xc c:/nxp/mcuxpressoide_11.9.1_2170/ide/plugins/com.nxp.mcuxpresso.tools.win32_11.9.1.202402080819/tools/bin/../lib/gcc/arm-none-eabi/12.3.1/thumb/v7-m/nofp\libc.a(libc_a-mprec.o)
 *fill*         0x0000a344        0x4 ff
 .rodata.__mprec_bigtens
                0x0000a348       0x28 c:/nxp/mcuxpressoide_11.9.1_2170/ide/plugins/com.nxp.mcuxpresso.tools.win32_11.9.1.202402080819/tools/bin/../lib/gcc/arm-none-eabi/12.3.1/thumb/v7-m/nofp\libc.a(libc_a-mprec.o)
                0x0000a348                __mprec_bigtens
 .rodata.__mprec_tens
                0x0000a370       0xc8 c:/nxp/mcuxpressoide_11.9.1_2170/ide/plugins/com.nxp.mcuxpresso.tools.win32_11.9.1.202402080819/tools/bin/../lib/gcc/arm-none-eabi/12.3.1/thumb/v7-m/nofp\libc.a(libc_a-mprec.o)
                0x0000a370                __mprec_tens
 .rodata._ctype_
                0x0000a438      0x101 c:/nxp/mcuxpressoide_11.9.1_2170/ide/plugins/com.nxp.mcuxpresso.tools.win32_11.9.1.202402080819/tools/bin/../lib/gcc/arm-none-eabi/12.3.1/thumb/v7-m/nofp\libc.a(libc_a-ctype_.o)
                0x0000a438                _ctype_
 *fill*         0x0000a539        0x3 ff
 .rodata.__assert_func.str1.4
                0x0000a53c       0x3f c:/nxp/mcuxpressoide_11.9.1_2170/ide/plugins/com.nxp.mcuxpresso.tools.win32_11.9.1.202402080819/tools/bin/../lib/gcc/arm-none-eabi/12.3.1/thumb/v7-m/nofp\libc.a(libc_a-assert.o)
                                 0x43 (size before relaxing)
 .rodata._vfiprintf_r.str1.4
                0x0000a57b       0x2f c:/nxp/mcuxpressoide_11.9.1_2170/ide/plugins/com.nxp.mcuxpresso.tools.win32_11.9.1.202402080819/tools/bin/../lib/gcc/arm-none-eabi/12.3.1/thumb/v7-m/nofp\libc.a(libc_a-vfiprintf.o)
 *fill*         0x0000a57b        0x1 ff
 .rodata.zeroes.0
                0x0000a57c       0x10 c:/nxp/mcuxpressoide_11.9.1_2170/ide/plugins/com.nxp.mcuxpresso.tools.win32_11.9.1.202402080819/tools/bin/../lib/gcc/arm-none-eabi/12.3.1/thumb/v7-m/nofp\libc.a(libc_a-vfiprintf.o)
 .rodata.blanks.1
                0x0000a58c       0x10 c:/nxp/mcuxpressoide_11.9.1_2170/ide/plugins/com.nxp.mcuxpresso.tools.win32_11.9.1.202402080819/tools/bin/../lib/gcc/arm-none-eabi/12.3.1/thumb/v7-m/nofp\libc.a(libc_a-vfiprintf.o)
 .rodata.initialise_monitor_handles.part.0.str1.1
                0x0000a59c        0x4 c:/nxp/mcuxpressoide_11.9.1_2170/ide/plugins/com.nxp.mcuxpresso.tools.win32_11.9.1.202402080819/tools/bin/../lib/gcc/arm-none-eabi/12.3.1/../../../../arm-none-eabi/lib/thumb/v7-m/nofp\libcr_newlib_semihost.a(syscalls.o)
                0x0000a5a0                        . = ALIGN (0x4)

.glue_7         0x0000a5a0        0x0
 .glue_7        0x0000a5a0        0x0 linker stubs

.glue_7t        0x0000a5a0        0x0
 .glue_7t       0x0000a5a0        0x0 linker stubs

.vfp11_veneer   0x0000a5a0        0x0
 .vfp11_veneer  0x0000a5a0        0x0 linker stubs

.v4_bx          0x0000a5a0        0x0
 .v4_bx         0x0000a5a0        0x0 linker stubs

.iplt           0x0000a5a0        0x0
 .iplt          0x0000a5a0        0x0 ./src/cr_startup_lpc17.o

.ARM.extab
 *(.ARM.extab* .gnu.linkonce.armextab.*)

.ARM.exidx      0x0000a5a0        0x8
                0x0000a5a0                        __exidx_start = .
 *(.ARM.exidx* .gnu.linkonce.armexidx.*)
 .ARM.exidx.text.__udivmoddi4
                0x0000a5a0        0x8 c:/nxp/mcuxpressoide_11.9.1_2170/ide/plugins/com.nxp.mcuxpresso.tools.win32_11.9.1.202402080819/tools/bin/../lib/gcc/arm-none-eabi/12.3.1/thumb/v7-m/nofp\libgcc.a(_udivmoddi4.o)
 .ARM.exidx     0x0000a5a8        0x0 c:/nxp/mcuxpressoide_11.9.1_2170/ide/plugins/com.nxp.mcuxpresso.tools.win32_11.9.1.202402080819/tools/bin/../lib/gcc/arm-none-eabi/12.3.1/thumb/v7-m/nofp\libc.a(libc_a-memcpy.o)
                                  0x8 (size before relaxing)
                0x0000a5a8                        __exidx_end = .
                0x0000a5a8                        _etext = .

.rel.dyn        0x0000a5a8        0x0
 .rel.iplt      0x0000a5a8        0x0 ./src/cr_startup_lpc17.o

.data_RAM2      0x2007c000        0x0 load address 0x0000a5a8
 FILL mask 0xff
                [!provide]                        PROVIDE (__start_data_RAM2 = .)
                [!provide]                        PROVIDE (__start_data_RamAHB32 = .)
 *(.ramfunc.$RAM2)
 *(.ramfunc.$RamAHB32)
 *(.data.$RAM2)
 *(.data.$RamAHB32)
 *(.data.$RAM2.*)
 *(.data.$RamAHB32.*)
                0x2007c000                        . = ALIGN (0x4)
                [!provide]                        PROVIDE (__end_data_RAM2 = .)
                [!provide]                        PROVIDE (__end_data_RamAHB32 = .)

.uninit_RESERVED
                0x10000000        0x0
                0x10000000                        _start_uninit_RESERVED = .
 *(.bss.$RESERVED*)
                0x10000000                        . = ALIGN (0x4)
                0x10000000                        _end_uninit_RESERVED = .

.data           0x10000000      0x6b0 load address 0x0000a5a8
 FILL mask 0xff
                0x10000000                        _data = .
                [!provide]                        PROVIDE (__start_data_RAM = .)
                [!provide]                        PROVIDE (__start_data_RamLoc32 = .)
 *(vtable)
 *(.ramfunc*)
 *(CodeQuickAccess)
 *(DataQuickAccess)
 *(RamFunction)
 *(.data*)
 .data          0x10000000        0x4 C:\Users\student\Desktop\basic\lpc17xx_xpr_bb_140609(1)\Lib_CMSISv1p30_LPC17xx\Debug\libCMSISv1p30_LPC17xx.a(system_LPC17xx.o)
                0x10000000                SystemCoreClock
 .data._impure_ptr
                0x10000004        0x4 c:/nxp/mcuxpressoide_11.9.1_2170/ide/plugins/com.nxp.mcuxpresso.tools.win32_11.9.1.202402080819/tools/bin/../lib/gcc/arm-none-eabi/12.3.1/thumb/v7-m/nofp\libc.a(libc_a-impure.o)
                0x10000004                _impure_ptr
 .data._impure_data
                0x10000008      0x120 c:/nxp/mcuxpressoide_11.9.1_2170/ide/plugins/com.nxp.mcuxpresso.tools.win32_11.9.1.202402080819/tools/bin/../lib/gcc/arm-none-eabi/12.3.1/thumb/v7-m/nofp\libc.a(libc_a-impure.o)
                0x10000008                _impure_data
 .data.__sglue  0x10000128        0xc c:/nxp/mcuxpressoide_11.9.1_2170/ide/plugins/com.nxp.mcuxpresso.tools.win32_11.9.1.202402080819/tools/bin/../lib/gcc/arm-none-eabi/12.3.1/thumb/v7-m/nofp\libc.a(libc_a-findfp.o)
                0x10000128                __sglue
 .data.__global_locale
                0x10000134      0x16c c:/nxp/mcuxpressoide_11.9.1_2170/ide/plugins/com.nxp.mcuxpresso.tools.win32_11.9.1.202402080819/tools/bin/../lib/gcc/arm-none-eabi/12.3.1/thumb/v7-m/nofp\libc.a(libc_a-locale.o)
                0x10000134                __global_locale
 .data.__malloc_sbrk_base
                0x100002a0        0x4 c:/nxp/mcuxpressoide_11.9.1_2170/ide/plugins/com.nxp.mcuxpresso.tools.win32_11.9.1.202402080819/tools/bin/../lib/gcc/arm-none-eabi/12.3.1/thumb/v7-m/nofp\libc.a(libc_a-mallocr.o)
                0x100002a0                __malloc_sbrk_base
 .data.__malloc_trim_threshold
                0x100002a4        0x4 c:/nxp/mcuxpressoide_11.9.1_2170/ide/plugins/com.nxp.mcuxpresso.tools.win32_11.9.1.202402080819/tools/bin/../lib/gcc/arm-none-eabi/12.3.1/thumb/v7-m/nofp\libc.a(libc_a-mallocr.o)
                0x100002a4                __malloc_trim_threshold
 .data.__malloc_av_
                0x100002a8      0x408 c:/nxp/mcuxpressoide_11.9.1_2170/ide/plugins/com.nxp.mcuxpresso.tools.win32_11.9.1.202402080819/tools/bin/../lib/gcc/arm-none-eabi/12.3.1/thumb/v7-m/nofp\libc.a(libc_a-mallocr.o)
                0x100002a8                __malloc_av_
                0x100006b0                        . = ALIGN (0x4)
                0x100006b0                        _edata = .
                [!provide]                        PROVIDE (__end_data_RAM = .)
                [!provide]                        PROVIDE (__end_data_RamLoc32 = .)

.igot.plt       0x100006b0        0x0 load address 0x0000ac58
 .igot.plt      0x100006b0        0x0 ./src/cr_startup_lpc17.o

.bss_RAM2       0x2007c000        0x0
                [!provide]                        PROVIDE (__start_bss_RAM2 = .)
                [!provide]                        PROVIDE (__start_bss_RamAHB32 = .)
 *(.bss.$RAM2)
 *(.bss.$RamAHB32)
 *(.bss.$RAM2.*)
 *(.bss.$RamAHB32.*)
                0x2007c000                        . = ALIGN ((. != 0x0)?0x4:0x1)
                [!provide]                        PROVIDE (__end_bss_RAM2 = .)
                [!provide]                        PROVIDE (__end_bss_RamAHB32 = .)

.bss            0x100006b0      0x508
                0x100006b0                        _bss = .
                [!provide]                        PROVIDE (__start_bss_RAM = .)
                [!provide]                        PROVIDE (__start_bss_RamLoc32 = .)
 *(.bss*)
 .bss           0x100006b0        0xe ./src/main.o
 *fill*         0x100006be        0x2 
 .bss           0x100006c0      0x300 C:\Users\student\Desktop\basic\lpc17xx_xpr_bb_140609(1)\Lib_EaBaseBoard\Debug\libLib_EaBaseBoard.a(oled.o)
 .bss           0x100009c0        0x6 C:\Users\student\Desktop\basic\lpc17xx_xpr_bb_140609(1)\Lib_EaBaseBoard\Debug\libLib_EaBaseBoard.a(pca9532.o)
 *fill*         0x100009c6        0x2 
 .bss           0x100009c8        0x4 C:\Users\student\Desktop\basic\lpc17xx_xpr_bb_140609(1)\Lib_EaBaseBoard\Debug\libLib_EaBaseBoard.a(temp.o)
 .bss           0x100009cc       0x34 C:\Users\student\Desktop\basic\lpc17xx_xpr_bb_140609(1)\Lib_MCU\Debug\libLib_MCU.a(lpc17xx_i2c.o)
 .bss.__sf      0x10000a00      0x138 c:/nxp/mcuxpressoide_11.9.1_2170/ide/plugins/com.nxp.mcuxpresso.tools.win32_11.9.1.202402080819/tools/bin/../lib/gcc/arm-none-eabi/12.3.1/thumb/v7-m/nofp\libc.a(libc_a-findfp.o)
                0x10000a00                __sf
 .bss.__stdio_exit_handler
                0x10000b38        0x4 c:/nxp/mcuxpressoide_11.9.1_2170/ide/plugins/com.nxp.mcuxpresso.tools.win32_11.9.1.202402080819/tools/bin/../lib/gcc/arm-none-eabi/12.3.1/thumb/v7-m/nofp\libc.a(libc_a-findfp.o)
                0x10000b38                __stdio_exit_handler
 .bss.errno     0x10000b3c        0x4 c:/nxp/mcuxpressoide_11.9.1_2170/ide/plugins/com.nxp.mcuxpresso.tools.win32_11.9.1.202402080819/tools/bin/../lib/gcc/arm-none-eabi/12.3.1/thumb/v7-m/nofp\libc.a(libc_a-reent.o)
                0x10000b3c                errno
 .bss.__lock___malloc_recursive_mutex
                0x10000b40        0x1 c:/nxp/mcuxpressoide_11.9.1_2170/ide/plugins/com.nxp.mcuxpresso.tools.win32_11.9.1.202402080819/tools/bin/../lib/gcc/arm-none-eabi/12.3.1/thumb/v7-m/nofp\libc.a(libc_a-lock.o)
                0x10000b40                __lock___malloc_recursive_mutex
 *fill*         0x10000b41        0x3 
 .bss.__lock___sfp_recursive_mutex
                0x10000b44        0x1 c:/nxp/mcuxpressoide_11.9.1_2170/ide/plugins/com.nxp.mcuxpresso.tools.win32_11.9.1.202402080819/tools/bin/../lib/gcc/arm-none-eabi/12.3.1/thumb/v7-m/nofp\libc.a(libc_a-lock.o)
                0x10000b44                __lock___sfp_recursive_mutex
 *fill*         0x10000b45        0x3 
 .bss.__malloc_current_mallinfo
                0x10000b48       0x28 c:/nxp/mcuxpressoide_11.9.1_2170/ide/plugins/com.nxp.mcuxpresso.tools.win32_11.9.1.202402080819/tools/bin/../lib/gcc/arm-none-eabi/12.3.1/thumb/v7-m/nofp\libc.a(libc_a-mallocr.o)
                0x10000b48                __malloc_current_mallinfo
 .bss.__malloc_max_total_mem
                0x10000b70        0x4 c:/nxp/mcuxpressoide_11.9.1_2170/ide/plugins/com.nxp.mcuxpresso.tools.win32_11.9.1.202402080819/tools/bin/../lib/gcc/arm-none-eabi/12.3.1/thumb/v7-m/nofp\libc.a(libc_a-mallocr.o)
                0x10000b70                __malloc_max_total_mem
 .bss.__malloc_max_sbrked_mem
                0x10000b74        0x4 c:/nxp/mcuxpressoide_11.9.1_2170/ide/plugins/com.nxp.mcuxpresso.tools.win32_11.9.1.202402080819/tools/bin/../lib/gcc/arm-none-eabi/12.3.1/thumb/v7-m/nofp\libc.a(libc_a-mallocr.o)
                0x10000b74                __malloc_max_sbrked_mem
 .bss.__malloc_top_pad
                0x10000b78        0x4 c:/nxp/mcuxpressoide_11.9.1_2170/ide/plugins/com.nxp.mcuxpresso.tools.win32_11.9.1.202402080819/tools/bin/../lib/gcc/arm-none-eabi/12.3.1/thumb/v7-m/nofp\libc.a(libc_a-mallocr.o)
                0x10000b78                __malloc_top_pad
 .bss.__end_of_heap
                0x10000b7c        0x4 c:/nxp/mcuxpressoide_11.9.1_2170/ide/plugins/com.nxp.mcuxpresso.tools.win32_11.9.1.202402080819/tools/bin/../lib/gcc/arm-none-eabi/12.3.1/../../../../arm-none-eabi/lib/thumb/v7-m/nofp\libcr_newlib_semihost.a(_cr_sbrk.o)
                0x10000b7c                __end_of_heap
 .bss.initialized.0
                0x10000b80        0x4 c:/nxp/mcuxpressoide_11.9.1_2170/ide/plugins/com.nxp.mcuxpresso.tools.win32_11.9.1.202402080819/tools/bin/../lib/gcc/arm-none-eabi/12.3.1/../../../../arm-none-eabi/lib/thumb/v7-m/nofp\libcr_newlib_semihost.a(syscalls.o)
 .bss.monitor_stderr
                0x10000b84        0x4 c:/nxp/mcuxpressoide_11.9.1_2170/ide/plugins/com.nxp.mcuxpresso.tools.win32_11.9.1.202402080819/tools/bin/../lib/gcc/arm-none-eabi/12.3.1/../../../../arm-none-eabi/lib/thumb/v7-m/nofp\libcr_newlib_semihost.a(syscalls.o)
 .bss.monitor_stdout
                0x10000b88        0x4 c:/nxp/mcuxpressoide_11.9.1_2170/ide/plugins/com.nxp.mcuxpresso.tools.win32_11.9.1.202402080819/tools/bin/../lib/gcc/arm-none-eabi/12.3.1/../../../../arm-none-eabi/lib/thumb/v7-m/nofp\libcr_newlib_semihost.a(syscalls.o)
 .bss.monitor_stdin
                0x10000b8c        0x4 c:/nxp/mcuxpressoide_11.9.1_2170/ide/plugins/com.nxp.mcuxpresso.tools.win32_11.9.1.202402080819/tools/bin/../lib/gcc/arm-none-eabi/12.3.1/../../../../arm-none-eabi/lib/thumb/v7-m/nofp\libcr_newlib_semihost.a(syscalls.o)
 .bss.openfiles
                0x10000b90       0x28 c:/nxp/mcuxpressoide_11.9.1_2170/ide/plugins/com.nxp.mcuxpresso.tools.win32_11.9.1.202402080819/tools/bin/../lib/gcc/arm-none-eabi/12.3.1/../../../../arm-none-eabi/lib/thumb/v7-m/nofp\libcr_newlib_semihost.a(syscalls.o)
 *(COMMON)
                0x10000bb8                        . = ALIGN (0x4)
                0x10000bb8                        _ebss = .
                [!provide]                        PROVIDE (__end_bss_RAM = .)
                [!provide]                        PROVIDE (__end_bss_RamLoc32 = .)
                [!provide]                        PROVIDE (end = .)

.noinit_RAM2    0x2007c000        0x0
                [!provide]                        PROVIDE (__start_noinit_RAM2 = .)
                [!provide]                        PROVIDE (__start_noinit_RamAHB32 = .)
 *(.noinit.$RAM2)
 *(.noinit.$RamAHB32)
 *(.noinit.$RAM2.*)
 *(.noinit.$RamAHB32.*)
                0x2007c000                        . = ALIGN (0x4)
                [!provide]                        PROVIDE (__end_noinit_RAM2 = .)
                [!provide]                        PROVIDE (__end_noinit_RamAHB32 = .)

.noinit         0x10000bb8        0x0
                0x10000bb8                        _noinit = .
                [!provide]                        PROVIDE (__start_noinit_RAM = .)
                [!provide]                        PROVIDE (__start_noinit_RamLoc32 = .)
 *(.noinit*)
                0x10000bb8                        . = ALIGN (0x4)
                0x10000bb8                        _end_noinit = .
                [!provide]                        PROVIDE (__end_noinit_RAM = .)
                [!provide]                        PROVIDE (__end_noinit_RamLoc32 = .)
                0x10000bb8                        PROVIDE (_pvHeapStart = DEFINED (__user_heap_base)?__user_heap_base:.)
                0x10008000                        PROVIDE (_vStackTop = DEFINED (__user_stack_top)?__user_stack_top:(__top_RamLoc32 - 0x0))
                [!provide]                        PROVIDE (__valid_user_code_checksum = (0x0 - ((((((_vStackTop + (ResetISR + 0x1)) + (NMI_Handler + 0x1)) + (HardFault_Handler + 0x1)) + (DEFINED (MemManage_Handler)?MemManage_Handler:0x0 + 0x1)) + (DEFINED (BusFault_Handler)?BusFault_Handler:0x0 + 0x1)) + (DEFINED (UsageFault_Handler)?UsageFault_Handler:0x0 + 0x1))))
                0x00000000                        _image_start = LOADADDR (.text)
                0x0000ac58                        _image_end = (LOADADDR (.data) + SIZEOF (.data))
                0x0000ac58                        _image_size = (_image_end - _image_start)
OUTPUT(oled_periph.axf elf32-littlearm)
LOAD linker stubs

.debug_info     0x00000000     0x8a6d
 .debug_info    0x00000000      0x1f7 ./src/cr_startup_lpc17.o
 .debug_info    0x000001f7      0x145 ./src/ledStrips.o
 .debug_info    0x0000033c      0xd32 ./src/main.o
 .debug_info    0x0000106e      0x55b ./src/myRtc.o
 .debug_info    0x000015c9      0x2ce ./src/screenManagment.o
 .debug_info    0x00001897      0x2fb C:\Users\student\Desktop\basic\lpc17xx_xpr_bb_140609(1)\Lib_CMSISv1p30_LPC17xx\Debug\libCMSISv1p30_LPC17xx.a(system_LPC17xx.o)
 .debug_info    0x00001b92      0x11b C:\Users\student\Desktop\basic\lpc17xx_xpr_bb_140609(1)\Lib_EaBaseBoard\Debug\libLib_EaBaseBoard.a(joystick.o)
 .debug_info    0x00001cad      0xa37 C:\Users\student\Desktop\basic\lpc17xx_xpr_bb_140609(1)\Lib_EaBaseBoard\Debug\libLib_EaBaseBoard.a(oled.o)
 .debug_info    0x000026e4      0x656 C:\Users\student\Desktop\basic\lpc17xx_xpr_bb_140609(1)\Lib_EaBaseBoard\Debug\libLib_EaBaseBoard.a(pca9532.o)
 .debug_info    0x00002d3a      0x15f C:\Users\student\Desktop\basic\lpc17xx_xpr_bb_140609(1)\Lib_EaBaseBoard\Debug\libLib_EaBaseBoard.a(temp.o)
 .debug_info    0x00002e99       0x62 C:\Users\student\Desktop\basic\lpc17xx_xpr_bb_140609(1)\Lib_EaBaseBoard\Debug\libLib_EaBaseBoard.a(font5x7.o)
 .debug_info    0x00002efb      0xdc4 C:\Users\student\Desktop\basic\lpc17xx_xpr_bb_140609(1)\Lib_MCU\Debug\libLib_MCU.a(lpc17xx_gpio.o)
 .debug_info    0x00003cbf      0xdd9 C:\Users\student\Desktop\basic\lpc17xx_xpr_bb_140609(1)\Lib_MCU\Debug\libLib_MCU.a(lpc17xx_i2c.o)
 .debug_info    0x00004a98      0x477 C:\Users\student\Desktop\basic\lpc17xx_xpr_bb_140609(1)\Lib_MCU\Debug\libLib_MCU.a(lpc17xx_pinsel.o)
 .debug_info    0x00004f0f      0x9f5 C:\Users\student\Desktop\basic\lpc17xx_xpr_bb_140609(1)\Lib_MCU\Debug\libLib_MCU.a(lpc17xx_rtc.o)
 .debug_info    0x00005904      0x7a5 C:\Users\student\Desktop\basic\lpc17xx_xpr_bb_140609(1)\Lib_MCU\Debug\libLib_MCU.a(lpc17xx_ssp.o)
 .debug_info    0x000060a9      0x985 C:\Users\student\Desktop\basic\lpc17xx_xpr_bb_140609(1)\Lib_MCU\Debug\libLib_MCU.a(lpc17xx_timer.o)
 .debug_info    0x00006a2e      0x5e0 C:\Users\student\Desktop\basic\lpc17xx_xpr_bb_140609(1)\Lib_MCU\Debug\libLib_MCU.a(lpc17xx_clkpwr.o)
 .debug_info    0x0000700e      0x13e c:/nxp/mcuxpressoide_11.9.1_2170/ide/plugins/com.nxp.mcuxpresso.tools.win32_11.9.1.202402080819/tools/bin/../lib/gcc/arm-none-eabi/12.3.1/../../../../arm-none-eabi/lib/thumb/v7-m/nofp\libcr_newlib_semihost.a(_cr_sbrk.o)
 .debug_info    0x0000714c       0x86 c:/nxp/mcuxpressoide_11.9.1_2170/ide/plugins/com.nxp.mcuxpresso.tools.win32_11.9.1.202402080819/tools/bin/../lib/gcc/arm-none-eabi/12.3.1/../../../../arm-none-eabi/lib/thumb/v7-m/nofp\libcr_newlib_semihost.a(_exit.o)
 .debug_info    0x000071d2      0x162 c:/nxp/mcuxpressoide_11.9.1_2170/ide/plugins/com.nxp.mcuxpresso.tools.win32_11.9.1.202402080819/tools/bin/../lib/gcc/arm-none-eabi/12.3.1/../../../../arm-none-eabi/lib/thumb/v7-m/nofp\libcr_newlib_semihost.a(_kill.o)
 .debug_info    0x00007334     0x16c8 c:/nxp/mcuxpressoide_11.9.1_2170/ide/plugins/com.nxp.mcuxpresso.tools.win32_11.9.1.202402080819/tools/bin/../lib/gcc/arm-none-eabi/12.3.1/../../../../arm-none-eabi/lib/thumb/v7-m/nofp\libcr_newlib_semihost.a(syscalls.o)
 .debug_info    0x000089fc       0x71 c:/nxp/mcuxpressoide_11.9.1_2170/ide/plugins/com.nxp.mcuxpresso.tools.win32_11.9.1.202402080819/tools/bin/../lib/gcc/arm-none-eabi/12.3.1/../../../../arm-none-eabi/lib/thumb/v7-m/nofp\libcr_newlib_semihost.a(_cr_check_heap.o)

.debug_abbrev   0x00000000     0x2518
 .debug_abbrev  0x00000000       0xec ./src/cr_startup_lpc17.o
 .debug_abbrev  0x000000ec       0xbf ./src/ledStrips.o
 .debug_abbrev  0x000001ab      0x335 ./src/main.o
 .debug_abbrev  0x000004e0      0x166 ./src/myRtc.o
 .debug_abbrev  0x00000646      0x141 ./src/screenManagment.o
 .debug_abbrev  0x00000787       0xf4 C:\Users\student\Desktop\basic\lpc17xx_xpr_bb_140609(1)\Lib_CMSISv1p30_LPC17xx\Debug\libCMSISv1p30_LPC17xx.a(system_LPC17xx.o)
 .debug_abbrev  0x0000087b       0xb8 C:\Users\student\Desktop\basic\lpc17xx_xpr_bb_140609(1)\Lib_EaBaseBoard\Debug\libLib_EaBaseBoard.a(joystick.o)
 .debug_abbrev  0x00000933      0x26c C:\Users\student\Desktop\basic\lpc17xx_xpr_bb_140609(1)\Lib_EaBaseBoard\Debug\libLib_EaBaseBoard.a(oled.o)
 .debug_abbrev  0x00000b9f      0x228 C:\Users\student\Desktop\basic\lpc17xx_xpr_bb_140609(1)\Lib_EaBaseBoard\Debug\libLib_EaBaseBoard.a(pca9532.o)
 .debug_abbrev  0x00000dc7       0xec C:\Users\student\Desktop\basic\lpc17xx_xpr_bb_140609(1)\Lib_EaBaseBoard\Debug\libLib_EaBaseBoard.a(temp.o)
 .debug_abbrev  0x00000eb3       0x4a C:\Users\student\Desktop\basic\lpc17xx_xpr_bb_140609(1)\Lib_EaBaseBoard\Debug\libLib_EaBaseBoard.a(font5x7.o)
 .debug_abbrev  0x00000efd      0x239 C:\Users\student\Desktop\basic\lpc17xx_xpr_bb_140609(1)\Lib_MCU\Debug\libLib_MCU.a(lpc17xx_gpio.o)
 .debug_abbrev  0x00001136      0x2fb C:\Users\student\Desktop\basic\lpc17xx_xpr_bb_140609(1)\Lib_MCU\Debug\libLib_MCU.a(lpc17xx_i2c.o)
 .debug_abbrev  0x00001431      0x164 C:\Users\student\Desktop\basic\lpc17xx_xpr_bb_140609(1)\Lib_MCU\Debug\libLib_MCU.a(lpc17xx_pinsel.o)
 .debug_abbrev  0x00001595      0x1ed C:\Users\student\Desktop\basic\lpc17xx_xpr_bb_140609(1)\Lib_MCU\Debug\libLib_MCU.a(lpc17xx_rtc.o)
 .debug_abbrev  0x00001782      0x228 C:\Users\student\Desktop\basic\lpc17xx_xpr_bb_140609(1)\Lib_MCU\Debug\libLib_MCU.a(lpc17xx_ssp.o)
 .debug_abbrev  0x000019aa      0x273 C:\Users\student\Desktop\basic\lpc17xx_xpr_bb_140609(1)\Lib_MCU\Debug\libLib_MCU.a(lpc17xx_timer.o)
 .debug_abbrev  0x00001c1d      0x1d5 C:\Users\student\Desktop\basic\lpc17xx_xpr_bb_140609(1)\Lib_MCU\Debug\libLib_MCU.a(lpc17xx_clkpwr.o)
 .debug_abbrev  0x00001df2      0x10a c:/nxp/mcuxpressoide_11.9.1_2170/ide/plugins/com.nxp.mcuxpresso.tools.win32_11.9.1.202402080819/tools/bin/../lib/gcc/arm-none-eabi/12.3.1/../../../../arm-none-eabi/lib/thumb/v7-m/nofp\libcr_newlib_semihost.a(_cr_sbrk.o)
 .debug_abbrev  0x00001efc       0x85 c:/nxp/mcuxpressoide_11.9.1_2170/ide/plugins/com.nxp.mcuxpresso.tools.win32_11.9.1.202402080819/tools/bin/../lib/gcc/arm-none-eabi/12.3.1/../../../../arm-none-eabi/lib/thumb/v7-m/nofp\libcr_newlib_semihost.a(_exit.o)
 .debug_abbrev  0x00001f81      0x107 c:/nxp/mcuxpressoide_11.9.1_2170/ide/plugins/com.nxp.mcuxpresso.tools.win32_11.9.1.202402080819/tools/bin/../lib/gcc/arm-none-eabi/12.3.1/../../../../arm-none-eabi/lib/thumb/v7-m/nofp\libcr_newlib_semihost.a(_kill.o)
 .debug_abbrev  0x00002088      0x425 c:/nxp/mcuxpressoide_11.9.1_2170/ide/plugins/com.nxp.mcuxpresso.tools.win32_11.9.1.202402080819/tools/bin/../lib/gcc/arm-none-eabi/12.3.1/../../../../arm-none-eabi/lib/thumb/v7-m/nofp\libcr_newlib_semihost.a(syscalls.o)
 .debug_abbrev  0x000024ad       0x6b c:/nxp/mcuxpressoide_11.9.1_2170/ide/plugins/com.nxp.mcuxpresso.tools.win32_11.9.1.202402080819/tools/bin/../lib/gcc/arm-none-eabi/12.3.1/../../../../arm-none-eabi/lib/thumb/v7-m/nofp\libcr_newlib_semihost.a(_cr_check_heap.o)

.debug_aranges  0x00000000      0x8e0
 .debug_aranges
                0x00000000       0x70 ./src/cr_startup_lpc17.o
 .debug_aranges
                0x00000070       0x20 ./src/ledStrips.o
 .debug_aranges
                0x00000090       0x60 ./src/main.o
 .debug_aranges
                0x000000f0       0x30 ./src/myRtc.o
 .debug_aranges
                0x00000120       0x40 ./src/screenManagment.o
 .debug_aranges
                0x00000160       0x28 C:\Users\student\Desktop\basic\lpc17xx_xpr_bb_140609(1)\Lib_CMSISv1p30_LPC17xx\Debug\libCMSISv1p30_LPC17xx.a(system_LPC17xx.o)
 .debug_aranges
                0x00000188       0x28 C:\Users\student\Desktop\basic\lpc17xx_xpr_bb_140609(1)\Lib_EaBaseBoard\Debug\libLib_EaBaseBoard.a(joystick.o)
 .debug_aranges
                0x000001b0       0x90 C:\Users\student\Desktop\basic\lpc17xx_xpr_bb_140609(1)\Lib_EaBaseBoard\Debug\libLib_EaBaseBoard.a(oled.o)
 .debug_aranges
                0x00000240       0x80 C:\Users\student\Desktop\basic\lpc17xx_xpr_bb_140609(1)\Lib_EaBaseBoard\Debug\libLib_EaBaseBoard.a(pca9532.o)
 .debug_aranges
                0x000002c0       0x28 C:\Users\student\Desktop\basic\lpc17xx_xpr_bb_140609(1)\Lib_EaBaseBoard\Debug\libLib_EaBaseBoard.a(temp.o)
 .debug_aranges
                0x000002e8       0x18 C:\Users\student\Desktop\basic\lpc17xx_xpr_bb_140609(1)\Lib_EaBaseBoard\Debug\libLib_EaBaseBoard.a(font5x7.o)
 .debug_aranges
                0x00000300       0xf8 C:\Users\student\Desktop\basic\lpc17xx_xpr_bb_140609(1)\Lib_MCU\Debug\libLib_MCU.a(lpc17xx_gpio.o)
 .debug_aranges
                0x000003f8       0xd0 C:\Users\student\Desktop\basic\lpc17xx_xpr_bb_140609(1)\Lib_MCU\Debug\libLib_MCU.a(lpc17xx_i2c.o)
 .debug_aranges
                0x000004c8       0x48 C:\Users\student\Desktop\basic\lpc17xx_xpr_bb_140609(1)\Lib_MCU\Debug\libLib_MCU.a(lpc17xx_pinsel.o)
 .debug_aranges
                0x00000510       0xb8 C:\Users\student\Desktop\basic\lpc17xx_xpr_bb_140609(1)\Lib_MCU\Debug\libLib_MCU.a(lpc17xx_rtc.o)
 .debug_aranges
                0x000005c8       0xa8 C:\Users\student\Desktop\basic\lpc17xx_xpr_bb_140609(1)\Lib_MCU\Debug\libLib_MCU.a(lpc17xx_ssp.o)
 .debug_aranges
                0x00000670       0xa8 C:\Users\student\Desktop\basic\lpc17xx_xpr_bb_140609(1)\Lib_MCU\Debug\libLib_MCU.a(lpc17xx_timer.o)
 .debug_aranges
                0x00000718       0x60 C:\Users\student\Desktop\basic\lpc17xx_xpr_bb_140609(1)\Lib_MCU\Debug\libLib_MCU.a(lpc17xx_clkpwr.o)
 .debug_aranges
                0x00000778       0x20 c:/nxp/mcuxpressoide_11.9.1_2170/ide/plugins/com.nxp.mcuxpresso.tools.win32_11.9.1.202402080819/tools/bin/../lib/gcc/arm-none-eabi/12.3.1/../../../../arm-none-eabi/lib/thumb/v7-m/nofp\libcr_newlib_semihost.a(_cr_sbrk.o)
 .debug_aranges
                0x00000798       0x20 c:/nxp/mcuxpressoide_11.9.1_2170/ide/plugins/com.nxp.mcuxpresso.tools.win32_11.9.1.202402080819/tools/bin/../lib/gcc/arm-none-eabi/12.3.1/../../../../arm-none-eabi/lib/thumb/v7-m/nofp\libcr_newlib_semihost.a(_exit.o)
 .debug_aranges
                0x000007b8       0x20 c:/nxp/mcuxpressoide_11.9.1_2170/ide/plugins/com.nxp.mcuxpresso.tools.win32_11.9.1.202402080819/tools/bin/../lib/gcc/arm-none-eabi/12.3.1/../../../../arm-none-eabi/lib/thumb/v7-m/nofp\libcr_newlib_semihost.a(_kill.o)
 .debug_aranges
                0x000007d8       0xe8 c:/nxp/mcuxpressoide_11.9.1_2170/ide/plugins/com.nxp.mcuxpresso.tools.win32_11.9.1.202402080819/tools/bin/../lib/gcc/arm-none-eabi/12.3.1/../../../../arm-none-eabi/lib/thumb/v7-m/nofp\libcr_newlib_semihost.a(syscalls.o)
 .debug_aranges
                0x000008c0       0x20 c:/nxp/mcuxpressoide_11.9.1_2170/ide/plugins/com.nxp.mcuxpresso.tools.win32_11.9.1.202402080819/tools/bin/../lib/gcc/arm-none-eabi/12.3.1/../../../../arm-none-eabi/lib/thumb/v7-m/nofp\libcr_newlib_semihost.a(_cr_check_heap.o)

.debug_ranges   0x00000000      0x948
 .debug_ranges  0x00000000       0x60 ./src/cr_startup_lpc17.o
 .debug_ranges  0x00000060       0x10 ./src/ledStrips.o
 .debug_ranges  0x00000070       0x50 ./src/main.o
 .debug_ranges  0x000000c0       0x20 ./src/myRtc.o
 .debug_ranges  0x000000e0       0x30 ./src/screenManagment.o
 .debug_ranges  0x00000110       0x18 C:\Users\student\Desktop\basic\lpc17xx_xpr_bb_140609(1)\Lib_CMSISv1p30_LPC17xx\Debug\libCMSISv1p30_LPC17xx.a(system_LPC17xx.o)
 .debug_ranges  0x00000128       0x18 C:\Users\student\Desktop\basic\lpc17xx_xpr_bb_140609(1)\Lib_EaBaseBoard\Debug\libLib_EaBaseBoard.a(joystick.o)
 .debug_ranges  0x00000140       0x80 C:\Users\student\Desktop\basic\lpc17xx_xpr_bb_140609(1)\Lib_EaBaseBoard\Debug\libLib_EaBaseBoard.a(oled.o)
 .debug_ranges  0x000001c0       0x70 C:\Users\student\Desktop\basic\lpc17xx_xpr_bb_140609(1)\Lib_EaBaseBoard\Debug\libLib_EaBaseBoard.a(pca9532.o)
 .debug_ranges  0x00000230       0x18 C:\Users\student\Desktop\basic\lpc17xx_xpr_bb_140609(1)\Lib_EaBaseBoard\Debug\libLib_EaBaseBoard.a(temp.o)
 .debug_ranges  0x00000248       0xe8 C:\Users\student\Desktop\basic\lpc17xx_xpr_bb_140609(1)\Lib_MCU\Debug\libLib_MCU.a(lpc17xx_gpio.o)
 .debug_ranges  0x00000330       0xc0 C:\Users\student\Desktop\basic\lpc17xx_xpr_bb_140609(1)\Lib_MCU\Debug\libLib_MCU.a(lpc17xx_i2c.o)
 .debug_ranges  0x000003f0       0x38 C:\Users\student\Desktop\basic\lpc17xx_xpr_bb_140609(1)\Lib_MCU\Debug\libLib_MCU.a(lpc17xx_pinsel.o)
 .debug_ranges  0x00000428       0xa8 C:\Users\student\Desktop\basic\lpc17xx_xpr_bb_140609(1)\Lib_MCU\Debug\libLib_MCU.a(lpc17xx_rtc.o)
 .debug_ranges  0x000004d0       0x98 C:\Users\student\Desktop\basic\lpc17xx_xpr_bb_140609(1)\Lib_MCU\Debug\libLib_MCU.a(lpc17xx_ssp.o)
 .debug_ranges  0x00000568       0x98 C:\Users\student\Desktop\basic\lpc17xx_xpr_bb_140609(1)\Lib_MCU\Debug\libLib_MCU.a(lpc17xx_timer.o)
 .debug_ranges  0x00000600       0x50 C:\Users\student\Desktop\basic\lpc17xx_xpr_bb_140609(1)\Lib_MCU\Debug\libLib_MCU.a(lpc17xx_clkpwr.o)
 .debug_ranges  0x00000650       0x10 c:/nxp/mcuxpressoide_11.9.1_2170/ide/plugins/com.nxp.mcuxpresso.tools.win32_11.9.1.202402080819/tools/bin/../lib/gcc/arm-none-eabi/12.3.1/../../../../arm-none-eabi/lib/thumb/v7-m/nofp\libcr_newlib_semihost.a(_cr_sbrk.o)
 .debug_ranges  0x00000660       0x10 c:/nxp/mcuxpressoide_11.9.1_2170/ide/plugins/com.nxp.mcuxpresso.tools.win32_11.9.1.202402080819/tools/bin/../lib/gcc/arm-none-eabi/12.3.1/../../../../arm-none-eabi/lib/thumb/v7-m/nofp\libcr_newlib_semihost.a(_exit.o)
 .debug_ranges  0x00000670       0x40 c:/nxp/mcuxpressoide_11.9.1_2170/ide/plugins/com.nxp.mcuxpresso.tools.win32_11.9.1.202402080819/tools/bin/../lib/gcc/arm-none-eabi/12.3.1/../../../../arm-none-eabi/lib/thumb/v7-m/nofp\libcr_newlib_semihost.a(_kill.o)
 .debug_ranges  0x000006b0      0x288 c:/nxp/mcuxpressoide_11.9.1_2170/ide/plugins/com.nxp.mcuxpresso.tools.win32_11.9.1.202402080819/tools/bin/../lib/gcc/arm-none-eabi/12.3.1/../../../../arm-none-eabi/lib/thumb/v7-m/nofp\libcr_newlib_semihost.a(syscalls.o)
 .debug_ranges  0x00000938       0x10 c:/nxp/mcuxpressoide_11.9.1_2170/ide/plugins/com.nxp.mcuxpresso.tools.win32_11.9.1.202402080819/tools/bin/../lib/gcc/arm-none-eabi/12.3.1/../../../../arm-none-eabi/lib/thumb/v7-m/nofp\libcr_newlib_semihost.a(_cr_check_heap.o)

.debug_macro    0x00000000     0x6a33
 .debug_macro   0x00000000       0x79 ./src/cr_startup_lpc17.o
 .debug_macro   0x00000079      0xab4 ./src/cr_startup_lpc17.o
 .debug_macro   0x00000b2d       0x22 ./src/cr_startup_lpc17.o
 .debug_macro   0x00000b4f       0x8e ./src/cr_startup_lpc17.o
 .debug_macro   0x00000bdd       0x51 ./src/cr_startup_lpc17.o
 .debug_macro   0x00000c2e      0x103 ./src/cr_startup_lpc17.o
 .debug_macro   0x00000d31       0x6a ./src/cr_startup_lpc17.o
 .debug_macro   0x00000d9b      0x1df ./src/cr_startup_lpc17.o
 .debug_macro   0x00000f7a       0x76 ./src/ledStrips.o
 .debug_macro   0x00000ff0       0xb2 ./src/ledStrips.o
 .debug_macro   0x000010a2      0x1f9 ./src/main.o
 .debug_macro   0x0000129b       0x1c ./src/main.o
 .debug_macro   0x000012b7       0x22 ./src/main.o
 .debug_macro   0x000012d9      0x7b7 ./src/main.o
 .debug_macro   0x00001a90      0x2c7 ./src/main.o
 .debug_macro   0x00001d57       0x64 ./src/main.o
 .debug_macro   0x00001dbb      0x140 ./src/main.o
 .debug_macro   0x00001efb       0x46 ./src/main.o
 .debug_macro   0x00001f41      0x2a6 ./src/main.o
 .debug_macro   0x000021e7       0xed ./src/main.o
 .debug_macro   0x000022d4      0x1b0 ./src/main.o
 .debug_macro   0x00002484      0x192 ./src/main.o
 .debug_macro   0x00002616       0x16 ./src/main.o
 .debug_macro   0x0000262c       0x28 ./src/main.o
 .debug_macro   0x00002654       0x7b ./src/main.o
 .debug_macro   0x000026cf       0x24 ./src/main.o
 .debug_macro   0x000026f3       0x3c ./src/main.o
 .debug_macro   0x0000272f       0x34 ./src/main.o
 .debug_macro   0x00002763       0x16 ./src/main.o
 .debug_macro   0x00002779       0x9e ./src/main.o
 .debug_macro   0x00002817      0x369 ./src/main.o
 .debug_macro   0x00002b80      0x10b ./src/main.o
 .debug_macro   0x00002c8b       0x10 ./src/main.o
 .debug_macro   0x00002c9b       0x16 ./src/main.o
 .debug_macro   0x00002cb1       0x43 ./src/main.o
 .debug_macro   0x00002cf4       0x34 ./src/main.o
 .debug_macro   0x00002d28       0x10 ./src/main.o
 .debug_macro   0x00002d38       0x58 ./src/main.o
 .debug_macro   0x00002d90      0x1de ./src/main.o
 .debug_macro   0x00002f6e       0x16 ./src/main.o
 .debug_macro   0x00002f84       0x16 ./src/main.o
 .debug_macro   0x00002f9a      0x170 ./src/main.o
 .debug_macro   0x0000310a       0xa5 ./src/myRtc.o
 .debug_macro   0x000031af      0x1aa ./src/myRtc.o
 .debug_macro   0x00003359      0x17d ./src/screenManagment.o
 .debug_macro   0x000034d6      0x7d5 ./src/screenManagment.o
 .debug_macro   0x00003cab      0x113 C:\Users\student\Desktop\basic\lpc17xx_xpr_bb_140609(1)\Lib_CMSISv1p30_LPC17xx\Debug\libCMSISv1p30_LPC17xx.a(system_LPC17xx.o)
 .debug_macro   0x00003dbe      0xaae C:\Users\student\Desktop\basic\lpc17xx_xpr_bb_140609(1)\Lib_CMSISv1p30_LPC17xx\Debug\libCMSISv1p30_LPC17xx.a(system_LPC17xx.o)
 .debug_macro   0x0000486c       0x10 C:\Users\student\Desktop\basic\lpc17xx_xpr_bb_140609(1)\Lib_CMSISv1p30_LPC17xx\Debug\libCMSISv1p30_LPC17xx.a(system_LPC17xx.o)
 .debug_macro   0x0000487c      0x12e C:\Users\student\Desktop\basic\lpc17xx_xpr_bb_140609(1)\Lib_CMSISv1p30_LPC17xx\Debug\libCMSISv1p30_LPC17xx.a(system_LPC17xx.o)
 .debug_macro   0x000049aa      0x5b3 C:\Users\student\Desktop\basic\lpc17xx_xpr_bb_140609(1)\Lib_CMSISv1p30_LPC17xx\Debug\libCMSISv1p30_LPC17xx.a(system_LPC17xx.o)
 .debug_macro   0x00004f5d       0x83 C:\Users\student\Desktop\basic\lpc17xx_xpr_bb_140609(1)\Lib_EaBaseBoard\Debug\libLib_EaBaseBoard.a(joystick.o)
 .debug_macro   0x00004fe0       0x40 C:\Users\student\Desktop\basic\lpc17xx_xpr_bb_140609(1)\Lib_EaBaseBoard\Debug\libLib_EaBaseBoard.a(joystick.o)
 .debug_macro   0x00005020       0xdd C:\Users\student\Desktop\basic\lpc17xx_xpr_bb_140609(1)\Lib_EaBaseBoard\Debug\libLib_EaBaseBoard.a(oled.o)
 .debug_macro   0x000050fd       0x5d C:\Users\student\Desktop\basic\lpc17xx_xpr_bb_140609(1)\Lib_EaBaseBoard\Debug\libLib_EaBaseBoard.a(oled.o)
 .debug_macro   0x0000515a       0xa1 C:\Users\student\Desktop\basic\lpc17xx_xpr_bb_140609(1)\Lib_EaBaseBoard\Debug\libLib_EaBaseBoard.a(pca9532.o)
 .debug_macro   0x000051fb      0x18c C:\Users\student\Desktop\basic\lpc17xx_xpr_bb_140609(1)\Lib_EaBaseBoard\Debug\libLib_EaBaseBoard.a(pca9532.o)
 .debug_macro   0x00005387       0xae C:\Users\student\Desktop\basic\lpc17xx_xpr_bb_140609(1)\Lib_EaBaseBoard\Debug\libLib_EaBaseBoard.a(temp.o)
 .debug_macro   0x00005435       0x1a C:\Users\student\Desktop\basic\lpc17xx_xpr_bb_140609(1)\Lib_EaBaseBoard\Debug\libLib_EaBaseBoard.a(font5x7.o)
 .debug_macro   0x0000544f      0x696 C:\Users\student\Desktop\basic\lpc17xx_xpr_bb_140609(1)\Lib_EaBaseBoard\Debug\libLib_EaBaseBoard.a(font5x7.o)
 .debug_macro   0x00005ae5       0x83 C:\Users\student\Desktop\basic\lpc17xx_xpr_bb_140609(1)\Lib_MCU\Debug\libLib_MCU.a(lpc17xx_gpio.o)
 .debug_macro   0x00005b68       0xda C:\Users\student\Desktop\basic\lpc17xx_xpr_bb_140609(1)\Lib_MCU\Debug\libLib_MCU.a(lpc17xx_gpio.o)
 .debug_macro   0x00005c42       0x95 C:\Users\student\Desktop\basic\lpc17xx_xpr_bb_140609(1)\Lib_MCU\Debug\libLib_MCU.a(lpc17xx_i2c.o)
 .debug_macro   0x00005cd7      0x2fa C:\Users\student\Desktop\basic\lpc17xx_xpr_bb_140609(1)\Lib_MCU\Debug\libLib_MCU.a(lpc17xx_i2c.o)
 .debug_macro   0x00005fd1      0x146 C:\Users\student\Desktop\basic\lpc17xx_xpr_bb_140609(1)\Lib_MCU\Debug\libLib_MCU.a(lpc17xx_i2c.o)
 .debug_macro   0x00006117       0x7a C:\Users\student\Desktop\basic\lpc17xx_xpr_bb_140609(1)\Lib_MCU\Debug\libLib_MCU.a(lpc17xx_pinsel.o)
 .debug_macro   0x00006191       0x8c C:\Users\student\Desktop\basic\lpc17xx_xpr_bb_140609(1)\Lib_MCU\Debug\libLib_MCU.a(lpc17xx_rtc.o)
 .debug_macro   0x0000621d       0x8c C:\Users\student\Desktop\basic\lpc17xx_xpr_bb_140609(1)\Lib_MCU\Debug\libLib_MCU.a(lpc17xx_ssp.o)
 .debug_macro   0x000062a9      0x2a0 C:\Users\student\Desktop\basic\lpc17xx_xpr_bb_140609(1)\Lib_MCU\Debug\libLib_MCU.a(lpc17xx_ssp.o)
 .debug_macro   0x00006549       0x95 C:\Users\student\Desktop\basic\lpc17xx_xpr_bb_140609(1)\Lib_MCU\Debug\libLib_MCU.a(lpc17xx_timer.o)
 .debug_macro   0x000065de       0xe7 C:\Users\student\Desktop\basic\lpc17xx_xpr_bb_140609(1)\Lib_MCU\Debug\libLib_MCU.a(lpc17xx_timer.o)
 .debug_macro   0x000066c5       0x7a C:\Users\student\Desktop\basic\lpc17xx_xpr_bb_140609(1)\Lib_MCU\Debug\libLib_MCU.a(lpc17xx_clkpwr.o)