Archive member included to satisfy reference by file (symbol)

C:\Users\student\Desktop\final\wbudowane-\Lib_CMSISv1p30_LPC17xx\Debug\libCMSISv1p30_LPC17xx.a(system_LPC17xx.o)
                              ./src/main.o (SystemCoreClock)
C:\Users\student\Desktop\final\wbudowane-\Lib_EaBaseBoard\Debug\libLib_EaBaseBoard.a(joystick.o)
                              ./src/main.o (joystick_init)
C:\Users\student\Desktop\final\wbudowane-\Lib_EaBaseBoard\Debug\libLib_EaBaseBoard.a(oled.o)
                              ./src/screenManagment.o (oled_init)
C:\Users\student\Desktop\final\wbudowane-\Lib_EaBaseBoard\Debug\libLib_EaBaseBoard.a(pca9532.o)
                              ./src/main.o (pca9532_init)
C:\Users\student\Desktop\final\wbudowane-\Lib_EaBaseBoard\Debug\libLib_EaBaseBoard.a(temp.o)
                              ./src/main.o (temp_init)
C:\Users\student\Desktop\final\wbudowane-\Lib_EaBaseBoard\Debug\libLib_EaBaseBoard.a(font5x7.o)
                              C:\Users\student\Desktop\final\wbudowane-\Lib_EaBaseBoard\Debug\libLib_EaBaseBoard.a(oled.o) (font5x7)
C:\Users\student\Desktop\final\wbudowane-\Lib_MCU\Debug\libLib_MCU.a(lpc17xx_gpio.o)
                              C:\Users\student\Desktop\final\wbudowane-\Lib_EaBaseBoard\Debug\libLib_EaBaseBoard.a(joystick.o) (GPIO_SetDir)
C:\Users\student\Desktop\final\wbudowane-\Lib_MCU\Debug\libLib_MCU.a(lpc17xx_i2c.o)
                              ./src/spi_i2c.o (I2C_Init)
C:\Users\student\Desktop\final\wbudowane-\Lib_MCU\Debug\libLib_MCU.a(lpc17xx_pinsel.o)
                              ./src/spi_i2c.o (PINSEL_ConfigPin)
C:\Users\student\Desktop\final\wbudowane-\Lib_MCU\Debug\libLib_MCU.a(lpc17xx_rtc.o)
                              ./src/myRtc.o (RTC_Init)
C:\Users\student\Desktop\final\wbudowane-\Lib_MCU\Debug\libLib_MCU.a(lpc17xx_ssp.o)
                              ./src/spi_i2c.o (SSP_Init)
C:\Users\student\Desktop\final\wbudowane-\Lib_MCU\Debug\libLib_MCU.a(lpc17xx_timer.o)
                              ./src/myTimer.o (TIM_GetIntStatus)
C:\Users\student\Desktop\final\wbudowane-\Lib_MCU\Debug\libLib_MCU.a(lpc17xx_clkpwr.o)
                              C:\Users\student\Desktop\final\wbudowane-\Lib_MCU\Debug\libLib_MCU.a(lpc17xx_i2c.o) (CLKPWR_SetPCLKDiv)
c:/nxp/mcuxpressoide_11.9.1_2170/ide/plugins/com.nxp.mcuxpresso.tools.win32_11.9.1.202402080819/tools/bin/../lib/gcc/arm-none-eabi/12.3.1/thumb/v7-m/nofp\libgcc.a(_aeabi_uldivmod.o)
                              C:\Users\student\Desktop\final\wbudowane-\Lib_CMSISv1p30_LPC17xx\Debug\libCMSISv1p30_LPC17xx.a(system_LPC17xx.o) (__aeabi_uldivmod)
c:/nxp/mcuxpressoide_11.9.1_2170/ide/plugins/com.nxp.mcuxpresso.tools.win32_11.9.1.202402080819/tools/bin/../lib/gcc/arm-none-eabi/12.3.1/thumb/v7-m/nofp\libgcc.a(_udivmoddi4.o)
                              c:/nxp/mcuxpressoide_11.9.1_2170/ide/plugins/com.nxp.mcuxpresso.tools.win32_11.9.1.202402080819/tools/bin/../lib/gcc/arm-none-eabi/12.3.1/thumb/v7-m/nofp\libgcc.a(_aeabi_uldivmod.o) (__udivmoddi4)
c:/nxp/mcuxpressoide_11.9.1_2170/ide/plugins/com.nxp.mcuxpresso.tools.win32_11.9.1.202402080819/tools/bin/../lib/gcc/arm-none-eabi/12.3.1/thumb/v7-m/nofp\libgcc.a(_dvmd_tls.o)
                              c:/nxp/mcuxpressoide_11.9.1_2170/ide/plugins/com.nxp.mcuxpresso.tools.win32_11.9.1.202402080819/tools/bin/../lib/gcc/arm-none-eabi/12.3.1/thumb/v7-m/nofp\libgcc.a(_aeabi_uldivmod.o) (__aeabi_ldiv0)
c:/nxp/mcuxpressoide_11.9.1_2170/ide/plugins/com.nxp.mcuxpresso.tools.win32_11.9.1.202402080819/tools/bin/../lib/gcc/arm-none-eabi/12.3.1/thumb/v7-m/nofp\libc.a(libc_a-sprintf.o)
                              ./src/main.o (sprintf)
c:/nxp/mcuxpressoide_11.9.1_2170/ide/plugins/com.nxp.mcuxpresso.tools.win32_11.9.1.202402080819/tools/bin/../lib/gcc/arm-none-eabi/12.3.1/thumb/v7-m/nofp\libc.a(libc_a-memset.o)
                              C:\Users\student\Desktop\final\wbudowane-\Lib_EaBaseBoard\Debug\libLib_EaBaseBoard.a(oled.o) (memset)
c:/nxp/mcuxpressoide_11.9.1_2170/ide/plugins/com.nxp.mcuxpresso.tools.win32_11.9.1.202402080819/tools/bin/../lib/gcc/arm-none-eabi/12.3.1/thumb/v7-m/nofp\libc.a(libc_a-impure.o)
                              c:/nxp/mcuxpressoide_11.9.1_2170/ide/plugins/com.nxp.mcuxpresso.tools.win32_11.9.1.202402080819/tools/bin/../lib/gcc/arm-none-eabi/12.3.1/thumb/v7-m/nofp\libc.a(libc_a-sprintf.o) (_impure_ptr)
c:/nxp/mcuxpressoide_11.9.1_2170/ide/plugins/com.nxp.mcuxpresso.tools.win32_11.9.1.202402080819/tools/bin/../lib/gcc/arm-none-eabi/12.3.1/thumb/v7-m/nofp\libc.a(libc_a-svfprintf.o)
                              c:/nxp/mcuxpressoide_11.9.1_2170/ide/plugins/com.nxp.mcuxpresso.tools.win32_11.9.1.202402080819/tools/bin/../lib/gcc/arm-none-eabi/12.3.1/thumb/v7-m/nofp\libc.a(libc_a-sprintf.o) (_svfprintf_r)
c:/nxp/mcuxpressoide_11.9.1_2170/ide/plugins/com.nxp.mcuxpresso.tools.win32_11.9.1.202402080819/tools/bin/../lib/gcc/arm-none-eabi/12.3.1/thumb/v7-m/nofp\libc.a(libc_a-findfp.o)
[...]
Memory Configuration

Name             Origin             Length             Attributes
MFlash512        0x00000000         0x00080000         xr
RamLoc32         0x10000000         0x00008000         xrw
RamAHB32         0x2007c000         0x00008000         xrw
*default*        0x00000000         0xffffffff

Linker script and memory map

LOAD ./src/cr_startup_lpc17.o
LOAD ./src/ledStrips.o
LOAD ./src/main.o
LOAD ./src/myRtc.o
LOAD ./src/myTimer.o
LOAD ./src/screenManagment.o
LOAD ./src/spi_i2c.o
LOAD C:\Users\student\Desktop\final\wbudowane-\Lib_CMSISv1p30_LPC17xx\Debug\libCMSISv1p30_LPC17xx.a
LOAD C:\Users\student\Desktop\final\wbudowane-\Lib_EaBaseBoard\Debug\libLib_EaBaseBoard.a
LOAD C:\Users\student\Desktop\final\wbudowane-\Lib_MCU\Debug\libLib_MCU.a
START GROUP
LOAD c:/nxp/mcuxpressoide_11.9.1_2170/ide/plugins/com.nxp.mcuxpresso.tools.win32_11.9.1.202402080819/tools/bin/../lib/gcc/arm-none-eabi/12.3.1/thumb/v7-m/nofp\libgcc.a
LOAD c:/nxp/mcuxpressoide_11.9.1_2170/ide/plugins/com.nxp.mcuxpresso.tools.win32_11.9.1.202402080819/tools/bin/../lib/gcc/arm-none-eabi/12.3.1/thumb/v7-m/nofp\libc.a
LOAD c:/nxp/mcuxpressoide_11.9.1_2170/ide/plugins/com.nxp.mcuxpresso.tools.win32_11.9.1.202402080819/tools/bin/../lib/gcc/arm-none-eabi/12.3.1/thumb/v7-m/nofp\libm.a
LOAD c:/nxp/mcuxpressoide_11.9.1_2170/ide/plugins/com.nxp.mcuxpresso.tools.win32_11.9.1.202402080819/tools/bin/../lib/gcc/arm-none-eabi/12.3.1/../../../../arm-none-eabi/lib/thumb/v7-m/nofp\libcr_newlib_semihost.a
END GROUP
                0x00000000                        __base_MFlash512 = 0x0
                0x00000000                        __base_Flash = 0x0
                0x00080000                        __top_MFlash512 = 0x80000
                0x00080000                        __top_Flash = 0x80000
                0x10000000                        __base_RamLoc32 = 0x10000000
                0x10000000                        __base_RAM = 0x10000000
                0x10008000                        __top_RamLoc32 = 0x10008000
                0x10008000                        __top_RAM = 0x10008000
                0x2007c000                        __base_RamAHB32 = 0x2007c000
                0x2007c000                        __base_RAM2 = 0x2007c000
                0x20084000                        __top_RamAHB32 = 0x20084000
                0x20084000                        __top_RAM2 = 0x20084000

.text           0x00000000     0xa8b0
 FILL mask 0xff
                0x00000000                        __vectors_start__ = ABSOLUTE (.)
 *(.isr_vector)
 .isr_vector    0x00000000       0xcc ./src/cr_startup_lpc17.o
                0x00000000                g_pfnVectors
                0x000000cc                        . = ALIGN (0x4)
                0x000000cc                        __section_table_start = .
                0x000000cc                        __data_section_table = .
                0x000000cc        0x4 LONG 0xa8b8 LOADADDR (.data)
                0x000000d0        0x4 LONG 0x10000000 ADDR (.data)
                0x000000d4        0x4 LONG 0x6b0 SIZEOF (.data)
                0x000000d8        0x4 LONG 0xa8b8 LOADADDR (.data_RAM2)
                0x000000dc        0x4 LONG 0x2007c000 ADDR (.data_RAM2)
                0x000000e0        0x4 LONG 0x0 SIZEOF (.data_RAM2)
                0x000000e4                        __data_section_table_end = .
                0x000000e4                        __bss_section_table = .
                0x000000e4        0x4 LONG 0x100006b0 ADDR (.bss)
                0x000000e8        0x4 LONG 0x508 SIZEOF (.bss)
                0x000000ec        0x4 LONG 0x2007c000 ADDR (.bss_RAM2)
                0x000000f0        0x4 LONG 0x0 SIZEOF (.bss_RAM2)
                0x000000f4                        __bss_section_table_end = .
                0x000000f4                        __section_table_end = .
 *(.after_vectors*)
 *(.text*)
 .text.ResetISR
                0x000000f4       0x5c ./src/cr_startup_lpc17.o
                0x000000f4                ResetISR
 .text.NMI_Handler
                0x00000150        0x8 ./src/cr_startup_lpc17.o
                0x00000150                NMI_Handler
 .text.HardFault_Handler
                0x00000158        0x8 ./src/cr_startup_lpc17.o
                0x00000158                HardFault_Handler
 .text.MemManage_Handler
                0x00000160        0x8 ./src/cr_startup_lpc17.o
                0x00000160                MemManage_Handler
 .text.BusFault_Handler
                0x00000168        0x8 ./src/cr_startup_lpc17.o
                0x00000168                BusFault_Handler
 .text.UsageFault_Handler
                0x00000170        0x8 ./src/cr_startup_lpc17.o
                0x00000170                UsageFault_Handler
 .text.SVCall_Handler
                0x00000178        0x8 ./src/cr_startup_lpc17.o
                0x00000178                SVCall_Handler
 .text.DebugMon_Handler
                0x00000180        0x8 ./src/cr_startup_lpc17.o
                0x00000180                DebugMon_Handler
 .text.PendSV_Handler
                0x00000188        0x8 ./src/cr_startup_lpc17.o
                0x00000188                PendSV_Handler
 .text.IntDefaultHandler
                0x00000190        0x8 ./src/cr_startup_lpc17.o
                0x00000190                TIMER2_IRQHandler
                0x00000190                RIT_IRQHandler
                0x00000190                I2C0_IRQHandler
                0x00000190                USBActivity_IRQHandler
                0x00000190                PWM1_IRQHandler
                0x00000190                I2C1_IRQHandler
                0x00000190                EINT2_IRQHandler
                0x00000190                UART1_IRQHandler
                0x00000190                EINT3_IRQHandler
                0x00000190                CANActivity_IRQHandler
                0x00000190                TIMER3_IRQHandler
                0x00000190                UART0_IRQHandler
                0x00000190                IntDefaultHandler
                0x00000190                PLL0_IRQHandler
                0x00000190                CAN_IRQHandler
                0x00000190                PLL1_IRQHandler
                0x00000190                SSP0_IRQHandler
                0x00000190                I2S_IRQHandler
                0x00000190                I2C2_IRQHandler
                0x00000190                RTC_IRQHandler
                0x00000190                TIMER0_IRQHandler
                0x00000190                SPI_IRQHandler
                0x00000190                EINT1_IRQHandler
                0x00000190                TIMER1_IRQHandler
                0x00000190                UART2_IRQHandler
                0x00000190                ADC_IRQHandler
                0x00000190                SSP1_IRQHandler
                0x00000190                USB_IRQHandler
                0x00000190                BOD_IRQHandler
                0x00000190                WDT_IRQHandler
                0x00000190                QEI_IRQHandler
                0x00000190                EINT0_IRQHandler
                0x00000190                DMA_IRQHandler
                0x00000190                UART3_IRQHandler
                0x00000190                MCPWM_IRQHandler
                0x00000190                ENET_IRQHandler
 .text.ledStripInit
                0x00000198       0x2a ./src/ledStrips.o
                0x00000198                ledStripInit
 .text.manageLedStrips
                0x000001c2       0xf8 ./src/ledStrips.o
                0x000001c2                manageLedStrips
 *fill*         0x000002ba        0x2 ff
 .text.NVIC_SetPriority
                0x000002bc       0x54 ./src/main.o
 .text.SysTick_Config
                0x00000310       0x44 ./src/main.o
 .text.SysTick_Handler
                0x00000354       0x1c ./src/main.o
                0x00000354                SysTick_Handler
 .text.getTicks
                0x00000370       0x14 ./src/main.o
 .text.lm75_read
                0x00000384       0x28 ./src/main.o
                0x00000384                lm75_read
 .text.barometer_readID
                0x000003ac       0x2a ./src/main.o
                0x000003ac                barometer_readID
 .text.handleInput
                0x000003d6       0x94 ./src/main.o
                0x000003d6                handleInput
 *fill*         0x0000046a        0x2 ff
 .text.main     0x0000046c      0x148 ./src/main.o
                0x0000046c                main
 .text.check_failed
                0x000005b4        0xe ./src/main.o
                0x000005b4                check_failed
 *fill*         0x000005c2        0x2 ff
 .text.rtc_init
                0x000005c4       0x20 ./src/myRtc.o
                0x000005c4                rtc_init
 .text.rtc_set_time
                0x000005e4       0x38 ./src/myRtc.o
                0x000005e4                rtc_set_time
 .text.rtc_get_time
                0x0000061c       0x1c ./src/myRtc.o
                0x0000061c                rtc_get_time
 .text.timer_init
                0x00000638       0x56 ./src/myTimer.o
                0x00000638                timer_init
 .text.timer_interrupt_handler
                0x0000068e       0x90 ./src/myTimer.o
                0x0000068e                timer_interrupt_handler
 *fill*         0x0000071e        0x2 ff
 .text.oled_start
                0x00000720       0x40 ./src/screenManagment.o
                0x00000720                oled_start
 .text.oled_show_temp1
                0x00000760       0x5c ./src/screenManagment.o
                0x00000760                oled_show_temp1
 .text.oled_show_temp2
                0x000007bc       0x3c ./src/screenManagment.o
                0x000007bc                oled_show_temp2
 .text.oled_show_timer
                0x000007f8       0x44 ./src/screenManagment.o
                0x000007f8                oled_show_timer
 .text.oled_show_clock
                0x0000083c       0x68 ./src/screenManagment.o
                0x0000083c                oled_show_clock
 .text.init_ssp
                0x000008a4       0x78 ./src/spi_i2c.o
                0x000008a4                init_ssp
 .text.I2CRead  0x0000091c       0x50 ./src/spi_i2c.o
                0x0000091c                I2CRead
 .text.I2CWrite
                0x0000096c       0x50 ./src/spi_i2c.o
                0x0000096c                I2CWrite
 .text.enableI2C
                0x000009bc       0x48 ./src/spi_i2c.o
                0x000009bc                enableI2C
 .text.SystemInit
                0x00000a04      0x140 C:\Users\student\Desktop\final\wbudowane-\Lib_CMSISv1p30_LPC17xx\Debug\libCMSISv1p30_LPC17xx.a(system_LPC17xx.o)
                0x00000a04                SystemInit
 .text.joystick_init
                0x00000b44       0x1e C:\Users\student\Desktop\final\wbudowane-\Lib_EaBaseBoard\Debug\libLib_EaBaseBoard.a(joystick.o)
                0x00000b44                joystick_init
 .text.joystick_read
                0x00000b62       0x86 C:\Users\student\Desktop\final\wbudowane-\Lib_EaBaseBoard\Debug\libLib_EaBaseBoard.a(joystick.o)
                0x00000b62                joystick_read
 .text.writeCommand
                0x00000be8       0x48 C:\Users\student\Desktop\final\wbudowane-\Lib_EaBaseBoard\Debug\libLib_EaBaseBoard.a(oled.o)
 .text.writeData
                0x00000c30       0x48 C:\Users\student\Desktop\final\wbudowane-\Lib_EaBaseBoard\Debug\libLib_EaBaseBoard.a(oled.o)
 .text.writeDataLen
                0x00000c78       0x78 C:\Users\student\Desktop\final\wbudowane-\Lib_EaBaseBoard\Debug\libLib_EaBaseBoard.a(oled.o)
 .text.runInitSequence
                0x00000cf0       0xd4 C:\Users\student\Desktop\final\wbudowane-\Lib_EaBaseBoard\Debug\libLib_EaBaseBoard.a(oled.o)
 .text.oled_init
                0x00000dc4       0x74 C:\Users\student\Desktop\final\wbudowane-\Lib_EaBaseBoard\Debug\libLib_EaBaseBoard.a(oled.o)
                0x00000dc4                oled_init
 .text.oled_putPixel
                0x00000e38      0x150 C:\Users\student\Desktop\final\wbudowane-\Lib_EaBaseBoard\Debug\libLib_EaBaseBoard.a(oled.o)
                0x00000e38                oled_putPixel
 .text.oled_clearScreen
                0x00000f88       0x64 C:\Users\student\Desktop\final\wbudowane-\Lib_EaBaseBoard\Debug\libLib_EaBaseBoard.a(oled.o)
                0x00000f88                oled_clearScreen
 .text.oled_putChar
                0x00000fec       0xd8 C:\Users\student\Desktop\final\wbudowane-\Lib_EaBaseBoard\Debug\libLib_EaBaseBoard.a(oled.o)
                0x00000fec                oled_putChar
 .text.oled_putString
                0x000010c4       0x52 C:\Users\student\Desktop\final\wbudowane-\Lib_EaBaseBoard\Debug\libLib_EaBaseBoard.a(oled.o)
                0x000010c4                oled_putString
 *fill*         0x00001116        0x2 ff
 .text.I2CWrite
                0x00001118       0x50 C:\Users\student\Desktop\final\wbudowane-\Lib_EaBaseBoard\Debug\libLib_EaBaseBoard.a(pca9532.o)
 .text.setLsStates
                0x00001168       0xa6 C:\Users\student\Desktop\final\wbudowane-\Lib_EaBaseBoard\Debug\libLib_EaBaseBoard.a(pca9532.o)
 *fill*         0x0000120e        0x2 ff
 .text.setLeds  0x00001210       0x70 C:\Users\student\Desktop\final\wbudowane-\Lib_EaBaseBoard\Debug\libLib_EaBaseBoard.a(pca9532.o)
 .text.pca9532_init
                0x00001280        0xc C:\Users\student\Desktop\final\wbudowane-\Lib_EaBaseBoard\Debug\libLib_EaBaseBoard.a(pca9532.o)
                0x00001280                pca9532_init
 .text.pca9532_setLeds
                0x0000128c       0x80 C:\Users\student\Desktop\final\wbudowane-\Lib_EaBaseBoard\Debug\libLib_EaBaseBoard.a(pca9532.o)
                0x0000128c                pca9532_setLeds
 .text.temp_init
                0x0000130c       0x24 C:\Users\student\Desktop\final\wbudowane-\Lib_EaBaseBoard\Debug\libLib_EaBaseBoard.a(temp.o)
                0x0000130c                temp_init
 .text.temp_read
                0x00001330       0xf0 C:\Users\student\Desktop\final\wbudowane-\Lib_EaBaseBoard\Debug\libLib_EaBaseBoard.a(temp.o)
                0x00001330                temp_read
 .text.GPIO_GetPointer
                0x00001420       0x70 C:\Users\student\Desktop\final\wbudowane-\Lib_MCU\Debug\libLib_MCU.a(lpc17xx_gpio.o)
 .text.GPIO_SetDir
                0x00001490       0x4a C:\Users\student\Desktop\final\wbudowane-\Lib_MCU\Debug\libLib_MCU.a(lpc17xx_gpio.o)
                0x00001490                GPIO_SetDir
 .text.GPIO_SetValue
                0x000014da       0x2a C:\Users\student\Desktop\final\wbudowane-\Lib_MCU\Debug\libLib_MCU.a(lpc17xx_gpio.o)
                0x000014da                GPIO_SetValue
 .text.GPIO_ClearValue
                0x00001504       0x2a C:\Users\student\Desktop\final\wbudowane-\Lib_MCU\Debug\libLib_MCU.a(lpc17xx_gpio.o)
                0x00001504                GPIO_ClearValue
 .text.GPIO_ReadValue
                0x0000152e       0x2a C:\Users\student\Desktop\final\wbudowane-\Lib_MCU\Debug\libLib_MCU.a(lpc17xx_gpio.o)
                0x0000152e                GPIO_ReadValue
 .text.NVIC_EnableIRQ
                0x00001558       0x30 C:\Users\student\Desktop\final\wbudowane-\Lib_MCU\Debug\libLib_MCU.a(lpc17xx_i2c.o)
 .text.NVIC_DisableIRQ
                0x00001588       0x34 C:\Users\student\Desktop\final\wbudowane-\Lib_MCU\Debug\libLib_MCU.a(lpc17xx_i2c.o)
 .text.I2C_getNum
                0x000015bc       0x48 C:\Users\student\Desktop\final\wbudowane-\Lib_MCU\Debug\libLib_MCU.a(lpc17xx_i2c.o)
 .text.I2C_Start
                0x00001604       0x3a C:\Users\student\Desktop\final\wbudowane-\Lib_MCU\Debug\libLib_MCU.a(lpc17xx_i2c.o)
 .text.I2C_Stop
                0x0000163e       0x30 C:\Users\student\Desktop\final\wbudowane-\Lib_MCU\Debug\libLib_MCU.a(lpc17xx_i2c.o)
 .text.I2C_SendByte
                0x0000166e       0x4a C:\Users\student\Desktop\final\wbudowane-\Lib_MCU\Debug\libLib_MCU.a(lpc17xx_i2c.o)
 .text.I2C_GetByte
                0x000016b8       0x52 C:\Users\student\Desktop\final\wbudowane-\Lib_MCU\Debug\libLib_MCU.a(lpc17xx_i2c.o)
 *fill*         0x0000170a        0x2 ff
 .text.I2C_SetClock
                0x0000170c       0xa4 C:\Users\student\Desktop\final\wbudowane-\Lib_MCU\Debug\libLib_MCU.a(lpc17xx_i2c.o)
 .text.I2C_Init
                0x000017b0       0xa4 C:\Users\student\Desktop\final\wbudowane-\Lib_MCU\Debug\libLib_MCU.a(lpc17xx_i2c.o)
                0x000017b0                I2C_Init
 .text.I2C_Cmd  0x00001854       0x70 C:\Users\student\Desktop\final\wbudowane-\Lib_MCU\Debug\libLib_MCU.a(lpc17xx_i2c.o)
                0x00001854                I2C_Cmd
 .text.I2C_IntCmd
                0x000018c4       0x88 C:\Users\student\Desktop\final\wbudowane-\Lib_MCU\Debug\libLib_MCU.a(lpc17xx_i2c.o)
                0x000018c4                I2C_IntCmd
 .text.I2C_MasterTransferData
                0x0000194c      0x2e8 C:\Users\student\Desktop\final\wbudowane-\Lib_MCU\Debug\libLib_MCU.a(lpc17xx_i2c.o)
                0x0000194c                I2C_MasterTransferData
 .text.set_PinFunc
                0x00001c34       0x80 C:\Users\student\Desktop\final\wbudowane-\Lib_MCU\Debug\libLib_MCU.a(lpc17xx_pinsel.o)
 .text.set_ResistorMode
                0x00001cb4       0x80 C:\Users\student\Desktop\final\wbudowane-\Lib_MCU\Debug\libLib_MCU.a(lpc17xx_pinsel.o)
 .text.set_OpenDrainMode
                0x00001d34       0x68 C:\Users\student\Desktop\final\wbudowane-\Lib_MCU\Debug\libLib_MCU.a(lpc17xx_pinsel.o)
 .text.PINSEL_ConfigPin
                0x00001d9c       0x46 C:\Users\student\Desktop\final\wbudowane-\Lib_MCU\Debug\libLib_MCU.a(lpc17xx_pinsel.o)
                0x00001d9c                PINSEL_ConfigPin
 *fill*         0x00001de2        0x2 ff
 .text.RTC_Init
                0x00001de4       0x50 C:\Users\student\Desktop\final\wbudowane-\Lib_MCU\Debug\libLib_MCU.a(lpc17xx_rtc.o)
                0x00001de4                RTC_Init
 .text.RTC_Cmd  0x00001e34       0x68 C:\Users\student\Desktop\final\wbudowane-\Lib_MCU\Debug\libLib_MCU.a(lpc17xx_rtc.o)
                0x00001e34                RTC_Cmd
 .text.RTC_SetFullTime
                0x00001e9c       0xb8 C:\Users\student\Desktop\final\wbudowane-\Lib_MCU\Debug\libLib_MCU.a(lpc17xx_rtc.o)
                0x00001e9c                RTC_SetFullTime
 .text.RTC_GetFullTime
                0x00001f54       0xa8 C:\Users\student\Desktop\final\wbudowane-\Lib_MCU\Debug\libLib_MCU.a(lpc17xx_rtc.o)
                0x00001f54                RTC_GetFullTime
 .text.setSSPclock
                0x00001ffc       0xc4 C:\Users\student\Desktop\final\wbudowane-\Lib_MCU\Debug\libLib_MCU.a(lpc17xx_ssp.o)
 .text.SSP_Init
                0x000020c0       0x9c C:\Users\student\Desktop\final\wbudowane-\Lib_MCU\Debug\libLib_MCU.a(lpc17xx_ssp.o)
                0x000020c0                SSP_Init
 .text.SSP_GetDataSize
                0x0000215c       0x40 C:\Users\student\Desktop\final\wbudowane-\Lib_MCU\Debug\libLib_MCU.a(lpc17xx_ssp.o)
                0x0000215c                SSP_GetDataSize
 .text.SSP_ConfigStructInit
                0x0000219c       0x3c C:\Users\student\Desktop\final\wbudowane-\Lib_MCU\Debug\libLib_MCU.a(lpc17xx_ssp.o)
                0x0000219c                SSP_ConfigStructInit
 .text.SSP_Cmd  0x000021d8       0x6c C:\Users\student\Desktop\final\wbudowane-\Lib_MCU\Debug\libLib_MCU.a(lpc17xx_ssp.o)
                0x000021d8                SSP_Cmd
 .text.SSP_SendData
                0x00002244       0x40 C:\Users\student\Desktop\final\wbudowane-\Lib_MCU\Debug\libLib_MCU.a(lpc17xx_ssp.o)
                0x00002244                SSP_SendData
 .text.SSP_ReceiveData
                0x00002284       0x3c C:\Users\student\Desktop\final\wbudowane-\Lib_MCU\Debug\libLib_MCU.a(lpc17xx_ssp.o)
                0x00002284                SSP_ReceiveData
 .text.SSP_ReadWrite
                0x000022c0      0x34a C:\Users\student\Desktop\final\wbudowane-\Lib_MCU\Debug\libLib_MCU.a(lpc17xx_ssp.o)
                0x000022c0                SSP_ReadWrite
 *fill*         0x0000260a        0x2 ff
 .text.getPClock
                0x0000260c       0x58 C:\Users\student\Desktop\final\wbudowane-\Lib_MCU\Debug\libLib_MCU.a(lpc17xx_timer.o)
 .text.converUSecToVal
                0x00002664       0x64 C:\Users\student\Desktop\final\wbudowane-\Lib_MCU\Debug\libLib_MCU.a(lpc17xx_timer.o)
 .text.converPtrToTimeNum
                0x000026c8       0x5c C:\Users\student\Desktop\final\wbudowane-\Lib_MCU\Debug\libLib_MCU.a(lpc17xx_timer.o)
 .text.TIM_GetIntStatus
                0x00002724       0x98 C:\Users\student\Desktop\final\wbudowane-\Lib_MCU\Debug\libLib_MCU.a(lpc17xx_timer.o)
                0x00002724                TIM_GetIntStatus
 .text.TIM_ClearIntPending
                0x000027bc       0x88 C:\Users\student\Desktop\final\wbudowane-\Lib_MCU\Debug\libLib_MCU.a(lpc17xx_timer.o)
                0x000027bc                TIM_ClearIntPending
 .text.TIM_Init
                0x00002844      0x184 C:\Users\student\Desktop\final\wbudowane-\Lib_MCU\Debug\libLib_MCU.a(lpc17xx_timer.o)
                0x00002844                TIM_Init
 .text.TIM_Cmd  0x000029c8       0x70 C:\Users\student\Desktop\final\wbudowane-\Lib_MCU\Debug\libLib_MCU.a(lpc17xx_timer.o)
                0x000029c8                TIM_Cmd
 .text.TIM_ConfigMatch
                0x00002a38      0x188 C:\Users\student\Desktop\final\wbudowane-\Lib_MCU\Debug\libLib_MCU.a(lpc17xx_timer.o)
                0x00002a38                TIM_ConfigMatch
 .text.Timer0_Wait
                0x00002bc0       0x76 C:\Users\student\Desktop\final\wbudowane-\Lib_MCU\Debug\libLib_MCU.a(lpc17xx_timer.o)
                0x00002bc0                Timer0_Wait
 *fill*         0x00002c36        0x2 ff
 .text.CLKPWR_SetPCLKDiv
                0x00002c38       0x90 C:\Users\student\Desktop\final\wbudowane-\Lib_MCU\Debug\libLib_MCU.a(lpc17xx_clkpwr.o)
                0x00002c38                CLKPWR_SetPCLKDiv
 .text.CLKPWR_GetPCLKSEL
                0x00002cc8       0x48 C:\Users\student\Desktop\final\wbudowane-\Lib_MCU\Debug\libLib_MCU.a(lpc17xx_clkpwr.o)
                0x00002cc8                CLKPWR_GetPCLKSEL
 .text.CLKPWR_GetPCLK
                0x00002d10       0x64 C:\Users\student\Desktop\final\wbudowane-\Lib_MCU\Debug\libLib_MCU.a(lpc17xx_clkpwr.o)
                0x00002d10                CLKPWR_GetPCLK
 .text.CLKPWR_ConfigPPWR
                0x00002d74       0x58 C:\Users\student\Desktop\final\wbudowane-\Lib_MCU\Debug\libLib_MCU.a(lpc17xx_clkpwr.o)
                0x00002d74                CLKPWR_ConfigPPWR
 .text          0x00002dcc       0x30 c:/nxp/mcuxpressoide_11.9.1_2170/ide/plugins/com.nxp.mcuxpresso.tools.win32_11.9.1.202402080819/tools/bin/../lib/gcc/arm-none-eabi/12.3.1/thumb/v7-m/nofp\libgcc.a(_aeabi_uldivmod.o)
                0x00002dcc                __aeabi_uldivmod
 .text.__udivmoddi4
                0x00002dfc      0x2b8 c:/nxp/mcuxpressoide_11.9.1_2170/ide/plugins/com.nxp.mcuxpresso.tools.win32_11.9.1.202402080819/tools/bin/../lib/gcc/arm-none-eabi/12.3.1/thumb/v7-m/nofp\libgcc.a(_udivmoddi4.o)
                0x00002dfc                __udivmoddi4
 .text          0x000030b4        0x4 c:/nxp/mcuxpressoide_11.9.1_2170/ide/plugins/com.nxp.mcuxpresso.tools.win32_11.9.1.202402080819/tools/bin/../lib/gcc/arm-none-eabi/12.3.1/thumb/v7-m/nofp\libgcc.a(_dvmd_tls.o)
                0x000030b4                __aeabi_idiv0
                0x000030b4                __aeabi_ldiv0
 .text.sprintf  0x000030b8       0x44 c:/nxp/mcuxpressoide_11.9.1_2170/ide/plugins/com.nxp.mcuxpresso.tools.win32_11.9.1.202402080819/tools/bin/../lib/gcc/arm-none-eabi/12.3.1/thumb/v7-m/nofp\libc.a(libc_a-sprintf.o)
                0x000030b8                sprintf
 .text.memset   0x000030fc       0xa0 c:/nxp/mcuxpressoide_11.9.1_2170/ide/plugins/com.nxp.mcuxpresso.tools.win32_11.9.1.202402080819/tools/bin/../lib/gcc/arm-none-eabi/12.3.1/thumb/v7-m/nofp\libc.a(libc_a-memset.o)
                0x000030fc                memset
 .text._svfprintf_r
                0x0000319c     0x1bb8 c:/nxp/mcuxpressoide_11.9.1_2170/ide/plugins/com.nxp.mcuxpresso.tools.win32_11.9.1.202402080819/tools/bin/../lib/gcc/arm-none-eabi/12.3.1/thumb/v7-m/nofp\libc.a(libc_a-svfprintf.o)
                0x0000319c                _svfprintf_r
 .text.stdio_exit_handler
                0x00004d54       0x18 c:/nxp/mcuxpressoide_11.9.1_2170/ide/plugins/com.nxp.mcuxpresso.tools.win32_11.9.1.202402080819/tools/bin/../lib/gcc/arm-none-eabi/12.3.1/thumb/v7-m/nofp\libc.a(libc_a-findfp.o)
 .text.cleanup_stdio
                0x00004d6c       0x40 c:/nxp/mcuxpressoide_11.9.1_2170/ide/plugins/com.nxp.mcuxpresso.tools.win32_11.9.1.202402080819/tools/bin/../lib/gcc/arm-none-eabi/12.3.1/thumb/v7-m/nofp\libc.a(libc_a-findfp.o)
 .text.global_stdio_init.part.0
                0x00004dac       0xf0 c:/nxp/mcuxpressoide_11.9.1_2170/ide/plugins/com.nxp.mcuxpresso.tools.win32_11.9.1.202402080819/tools/bin/../lib/gcc/arm-none-eabi/12.3.1/thumb/v7-m/nofp\libc.a(libc_a-findfp.o)
 .text.__sinit  0x00004e9c       0x3c c:/nxp/mcuxpressoide_11.9.1_2170/ide/plugins/com.nxp.mcuxpresso.tools.win32_11.9.1.202402080819/tools/bin/../lib/gcc/arm-none-eabi/12.3.1/thumb/v7-m/nofp\libc.a(libc_a-findfp.o)
                0x00004e9c                __sinit
 .text.__sfp_lock_acquire
                0x00004ed8        0xc c:/nxp/mcuxpressoide_11.9.1_2170/ide/plugins/com.nxp.mcuxpresso.tools.win32_11.9.1.202402080819/tools/bin/../lib/gcc/arm-none-eabi/12.3.1/thumb/v7-m/nofp\libc.a(libc_a-findfp.o)
                0x00004ed8                __sfp_lock_acquire
 .text.__sfp_lock_release
                0x00004ee4        0xc c:/nxp/mcuxpressoide_11.9.1_2170/ide/plugins/com.nxp.mcuxpresso.tools.win32_11.9.1.202402080819/tools/bin/../lib/gcc/arm-none-eabi/12.3.1/thumb/v7-m/nofp\libc.a(libc_a-findfp.o)
                0x00004ee4                __sfp_lock_release
 .text._fwalk_sglue
                0x00004ef0       0x44 c:/nxp/mcuxpressoide_11.9.1_2170/ide/plugins/com.nxp.mcuxpresso.tools.win32_11.9.1.202402080819/tools/bin/../lib/gcc/arm-none-eabi/12.3.1/thumb/v7-m/nofp\libc.a(libc_a-fwalk.o)
                0x00004ef0                _fwalk_sglue
 .text.__sread  0x00004f34       0x24 c:/nxp/mcuxpressoide_11.9.1_2170/ide/plugins/com.nxp.mcuxpresso.tools.win32_11.9.1.202402080819/tools/bin/../lib/gcc/arm-none-eabi/12.3.1/thumb/v7-m/nofp\libc.a(libc_a-stdio.o)
                0x00004f34                __sread
 .text.__swrite
                0x00004f58       0x40 c:/nxp/mcuxpressoide_11.9.1_2170/ide/plugins/com.nxp.mcuxpresso.tools.win32_11.9.1.202402080819/tools/bin/../lib/gcc/arm-none-eabi/12.3.1/thumb/v7-m/nofp\libc.a(libc_a-stdio.o)
                0x00004f58                __swrite
 .text.__sseek  0x00004f98       0x24 c:/nxp/mcuxpressoide_11.9.1_2170/ide/plugins/com.nxp.mcuxpresso.tools.win32_11.9.1.202402080819/tools/bin/../lib/gcc/arm-none-eabi/12.3.1/thumb/v7-m/nofp\libc.a(libc_a-stdio.o)
                0x00004f98                __sseek
 .text.__sclose
                0x00004fbc        0x8 c:/nxp/mcuxpressoide_11.9.1_2170/ide/plugins/com.nxp.mcuxpresso.tools.win32_11.9.1.202402080819/tools/bin/../lib/gcc/arm-none-eabi/12.3.1/thumb/v7-m/nofp\libc.a(libc_a-stdio.o)
                0x00004fbc                __sclose
 .text.strncpy  0x00004fc4       0x6c c:/nxp/mcuxpressoide_11.9.1_2170/ide/plugins/com.nxp.mcuxpresso.tools.win32_11.9.1.202402080819/tools/bin/../lib/gcc/arm-none-eabi/12.3.1/thumb/v7-m/nofp\libc.a(libc_a-strncpy.o)
                0x00004fc4                strncpy
 .text.__locale_mb_cur_max
                0x00005030        0xc c:/nxp/mcuxpressoide_11.9.1_2170/ide/plugins/com.nxp.mcuxpresso.tools.win32_11.9.1.202402080819/tools/bin/../lib/gcc/arm-none-eabi/12.3.1/thumb/v7-m/nofp\libc.a(libc_a-locale.o)
                0x00005030                __locale_mb_cur_max
 .text._localeconv_r
                0x0000503c        0x8 c:/nxp/mcuxpressoide_11.9.1_2170/ide/plugins/com.nxp.mcuxpresso.tools.win32_11.9.1.202402080819/tools/bin/../lib/gcc/arm-none-eabi/12.3.1/thumb/v7-m/nofp\libc.a(libc_a-localeconv.o)
                0x0000503c                _localeconv_r
 .text._close_r
                0x00005044       0x24 c:/nxp/mcuxpressoide_11.9.1_2170/ide/plugins/com.nxp.mcuxpresso.tools.win32_11.9.1.202402080819/tools/bin/../lib/gcc/arm-none-eabi/12.3.1/thumb/v7-m/nofp\libc.a(libc_a-closer.o)
                0x00005044                _close_r
 .text._lseek_r
                0x00005068       0x2c c:/nxp/mcuxpressoide_11.9.1_2170/ide/plugins/com.nxp.mcuxpresso.tools.win32_11.9.1.202402080819/tools/bin/../lib/gcc/arm-none-eabi/12.3.1/thumb/v7-m/nofp\libc.a(libc_a-lseekr.o)
                0x00005068                _lseek_r
 .text._read_r  0x00005094       0x2c c:/nxp/mcuxpressoide_11.9.1_2170/ide/plugins/com.nxp.mcuxpresso.tools.win32_11.9.1.202402080819/tools/bin/../lib/gcc/arm-none-eabi/12.3.1/thumb/v7-m/nofp\libc.a(libc_a-readr.o)
                0x00005094                _read_r
 .text._write_r
                0x000050c0       0x2c c:/nxp/mcuxpressoide_11.9.1_2170/ide/plugins/com.nxp.mcuxpresso.tools.win32_11.9.1.202402080819/tools/bin/../lib/gcc/arm-none-eabi/12.3.1/thumb/v7-m/nofp\libc.a(libc_a-writer.o)
                0x000050c0                _write_r
 .text.__retarget_lock_init_recursive
                0x000050ec        0x4 c:/nxp/mcuxpressoide_11.9.1_2170/ide/plugins/com.nxp.mcuxpresso.tools.win32_11.9.1.202402080819/tools/bin/../lib/gcc/arm-none-eabi/12.3.1/thumb/v7-m/nofp\libc.a(libc_a-lock.o)
                0x000050ec                __retarget_lock_init_recursive
 .text.__retarget_lock_close_recursive
                0x000050f0        0x4 c:/nxp/mcuxpressoide_11.9.1_2170/ide/plugins/com.nxp.mcuxpresso.tools.win32_11.9.1.202402080819/tools/bin/../lib/gcc/arm-none-eabi/12.3.1/thumb/v7-m/nofp\libc.a(libc_a-lock.o)
                0x000050f0                __retarget_lock_close_recursive
 .text.__retarget_lock_acquire_recursive
                0x000050f4        0x4 c:/nxp/mcuxpressoide_11.9.1_2170/ide/plugins/com.nxp.mcuxpresso.tools.win32_11.9.1.202402080819/tools/bin/../lib/gcc/arm-none-eabi/12.3.1/thumb/v7-m/nofp\libc.a(libc_a-lock.o)
                0x000050f4                __retarget_lock_acquire_recursive
 .text.__retarget_lock_release_recursive
                0x000050f8        0x4 c:/nxp/mcuxpressoide_11.9.1_2170/ide/plugins/com.nxp.mcuxpresso.tools.win32_11.9.1.202402080819/tools/bin/../lib/gcc/arm-none-eabi/12.3.1/thumb/v7-m/nofp\libc.a(libc_a-lock.o)
                0x000050f8                __retarget_lock_release_recursive
 .text.memchr   0x000050fc       0x98 c:/nxp/mcuxpressoide_11.9.1_2170/ide/plugins/com.nxp.mcuxpresso.tools.win32_11.9.1.202402080819/tools/bin/../lib/gcc/arm-none-eabi/12.3.1/thumb/v7-m/nofp\libc.a(libc_a-memchr-stub.o)
                0x000050fc                memchr
 .text.strlen   0x00005194       0x5c c:/nxp/mcuxpressoide_11.9.1_2170/ide/plugins/com.nxp.mcuxpresso.tools.win32_11.9.1.202402080819/tools/bin/../lib/gcc/arm-none-eabi/12.3.1/thumb/v7-m/nofp\libc.a(libc_a-strlen-stub.o)
                0x00005194                strlen
 .text.frexp    0x000051f0       0x70 c:/nxp/mcuxpressoide_11.9.1_2170/ide/plugins/com.nxp.mcuxpresso.tools.win32_11.9.1.202402080819/tools/bin/../lib/gcc/arm-none-eabi/12.3.1/thumb/v7-m/nofp\libc.a(libm_a-s_frexp.o)
                0x000051f0                frexp
 .text.quorem   0x00005260      0x13c c:/nxp/mcuxpressoide_11.9.1_2170/ide/plugins/com.nxp.mcuxpresso.tools.win32_11.9.1.202402080819/tools/bin/../lib/gcc/arm-none-eabi/12.3.1/thumb/v7-m/nofp\libc.a(libc_a-dtoa.o)
 *fill*         0x0000539c        0x4 ff
 .text._dtoa_r  0x000053a0      0xe54 c:/nxp/mcuxpressoide_11.9.1_2170/ide/plugins/com.nxp.mcuxpresso.tools.win32_11.9.1.202402080819/tools/bin/../lib/gcc/arm-none-eabi/12.3.1/thumb/v7-m/nofp\libc.a(libc_a-dtoa.o)
                0x000053a0                _dtoa_r
 .text._malloc_trim_r
                0x000061f4       0xb8 c:/nxp/mcuxpressoide_11.9.1_2170/ide/plugins/com.nxp.mcuxpresso.tools.win32_11.9.1.202402080819/tools/bin/../lib/gcc/arm-none-eabi/12.3.1/thumb/v7-m/nofp\libc.a(libc_a-freer.o)
                0x000061f4                _malloc_trim_r
 .text._free_r  0x000062ac      0x1fc c:/nxp/mcuxpressoide_11.9.1_2170/ide/plugins/com.nxp.mcuxpresso.tools.win32_11.9.1.202402080819/tools/bin/../lib/gcc/arm-none-eabi/12.3.1/thumb/v7-m/nofp\libc.a(libc_a-freer.o)
                0x000062ac                _free_r
 .text._malloc_r
                0x000064a8      0x570 c:/nxp/mcuxpressoide_11.9.1_2170/ide/plugins/com.nxp.mcuxpresso.tools.win32_11.9.1.202402080819/tools/bin/../lib/gcc/arm-none-eabi/12.3.1/thumb/v7-m/nofp\libc.a(libc_a-mallocr.o)
                0x000064a8                _malloc_r
 .text.__ascii_mbtowc
                0x00006a18       0x2c c:/nxp/mcuxpressoide_11.9.1_2170/ide/plugins/com.nxp.mcuxpresso.tools.win32_11.9.1.202402080819/tools/bin/../lib/gcc/arm-none-eabi/12.3.1/thumb/v7-m/nofp\libc.a(libc_a-mbtowc_r.o)
                0x00006a18                __ascii_mbtowc
 .text.__malloc_lock
                0x00006a44        0xc c:/nxp/mcuxpressoide_11.9.1_2170/ide/plugins/com.nxp.mcuxpresso.tools.win32_11.9.1.202402080819/tools/bin/../lib/gcc/arm-none-eabi/12.3.1/thumb/v7-m/nofp\libc.a(libc_a-mlock.o)
                0x00006a44                __malloc_lock
 .text.__malloc_unlock
                0x00006a50        0xc c:/nxp/mcuxpressoide_11.9.1_2170/ide/plugins/com.nxp.mcuxpresso.tools.win32_11.9.1.202402080819/tools/bin/../lib/gcc/arm-none-eabi/12.3.1/thumb/v7-m/nofp\libc.a(libc_a-mlock.o)
                0x00006a50                __malloc_unlock
 .text._Balloc  0x00006a5c       0x4c c:/nxp/mcuxpressoide_11.9.1_2170/ide/plugins/com.nxp.mcuxpresso.tools.win32_11.9.1.202402080819/tools/bin/../lib/gcc/arm-none-eabi/12.3.1/thumb/v7-m/nofp\libc.a(libc_a-mprec.o)
                0x00006a5c                _Balloc
 .text._Bfree   0x00006aa8       0x14 c:/nxp/mcuxpressoide_11.9.1_2170/ide/plugins/com.nxp.mcuxpresso.tools.win32_11.9.1.202402080819/tools/bin/../lib/gcc/arm-none-eabi/12.3.1/thumb/v7-m/nofp\libc.a(libc_a-mprec.o)
                0x00006aa8                _Bfree
 .text.__multadd
                0x00006abc       0xa4 c:/nxp/mcuxpressoide_11.9.1_2170/ide/plugins/com.nxp.mcuxpresso.tools.win32_11.9.1.202402080819/tools/bin/../lib/gcc/arm-none-eabi/12.3.1/thumb/v7-m/nofp\libc.a(libc_a-mprec.o)
                0x00006abc                __multadd
 .text.__hi0bits
                0x00006b60       0x44 c:/nxp/mcuxpressoide_11.9.1_2170/ide/plugins/com.nxp.mcuxpresso.tools.win32_11.9.1.202402080819/tools/bin/../lib/gcc/arm-none-eabi/12.3.1/thumb/v7-m/nofp\libc.a(libc_a-mprec.o)
                0x00006b60                __hi0bits
 .text.__lo0bits
                0x00006ba4       0x5c c:/nxp/mcuxpressoide_11.9.1_2170/ide/plugins/com.nxp.mcuxpresso.tools.win32_11.9.1.202402080819/tools/bin/../lib/gcc/arm-none-eabi/12.3.1/thumb/v7-m/nofp\libc.a(libc_a-mprec.o)
                0x00006ba4                __lo0bits
 .text.__i2b    0x00006c00       0x5c c:/nxp/mcuxpressoide_11.9.1_2170/ide/plugins/com.nxp.mcuxpresso.tools.win32_11.9.1.202402080819/tools/bin/../lib/gcc/arm-none-eabi/12.3.1/thumb/v7-m/nofp\libc.a(libc_a-mprec.o)
                0x00006c00                __i2b
 .text.__multiply
                0x00006c5c      0x164 c:/nxp/mcuxpressoide_11.9.1_2170/ide/plugins/com.nxp.mcuxpresso.tools.win32_11.9.1.202402080819/tools/bin/../lib/gcc/arm-none-eabi/12.3.1/thumb/v7-m/nofp\libc.a(libc_a-mprec.o)
                0x00006c5c                __multiply
 .text.__pow5mult
                0x00006dc0       0xb4 c:/nxp/mcuxpressoide_11.9.1_2170/ide/plugins/com.nxp.mcuxpresso.tools.win32_11.9.1.202402080819/tools/bin/../lib/gcc/arm-none-eabi/12.3.1/thumb/v7-m/nofp\libc.a(libc_a-mprec.o)
                0x00006dc0                __pow5mult
 .text.__lshift
                0x00006e74       0xec c:/nxp/mcuxpressoide_11.9.1_2170/ide/plugins/com.nxp.mcuxpresso.tools.win32_11.9.1.202402080819/tools/bin/../lib/gcc/arm-none-eabi/12.3.1/thumb/v7-m/nofp\libc.a(libc_a-mprec.o)
                0x00006e74                __lshift
 .text.__mcmp   0x00006f60       0x40 c:/nxp/mcuxpressoide_11.9.1_2170/ide/plugins/com.nxp.mcuxpresso.tools.win32_11.9.1.202402080819/tools/bin/../lib/gcc/arm-none-eabi/12.3.1/thumb/v7-m/nofp\libc.a(libc_a-mprec.o)
                0x00006f60                __mcmp
 .text.__mdiff  0x00006fa0      0x160 c:/nxp/mcuxpressoide_11.9.1_2170/ide/plugins/com.nxp.mcuxpresso.tools.win32_11.9.1.202402080819/tools/bin/../lib/gcc/arm-none-eabi/12.3.1/thumb/v7-m/nofp\libc.a(libc_a-mprec.o)
                0x00006fa0                __mdiff
 .text.__d2b    0x00007100       0xbc c:/nxp/mcuxpressoide_11.9.1_2170/ide/plugins/com.nxp.mcuxpresso.tools.win32_11.9.1.202402080819/tools/bin/../lib/gcc/arm-none-eabi/12.3.1/thumb/v7-m/nofp\libc.a(libc_a-mprec.o)
                0x00007100                __d2b
 .text.__ascii_wctomb
                0x000071bc       0x1c c:/nxp/mcuxpressoide_11.9.1_2170/ide/plugins/com.nxp.mcuxpresso.tools.win32_11.9.1.202402080819/tools/bin/../lib/gcc/arm-none-eabi/12.3.1/thumb/v7-m/nofp\libc.a(libc_a-wctomb_r.o)
                0x000071bc                __ascii_wctomb
 .text._wcrtomb_r
                0x000071d8       0x4c c:/nxp/mcuxpressoide_11.9.1_2170/ide/plugins/com.nxp.mcuxpresso.tools.win32_11.9.1.202402080819/tools/bin/../lib/gcc/arm-none-eabi/12.3.1/thumb/v7-m/nofp\libc.a(libc_a-wcrtomb.o)
                0x000071d8                _wcrtomb_r
 .text._wcsrtombs_r
                0x00007224       0x18 c:/nxp/mcuxpressoide_11.9.1_2170/ide/plugins/com.nxp.mcuxpresso.tools.win32_11.9.1.202402080819/tools/bin/../lib/gcc/arm-none-eabi/12.3.1/thumb/v7-m/nofp\libc.a(libc_a-wcsrtombs.o)
                0x00007224                _wcsrtombs_r
 .text.__ssprint_r
                0x0000723c      0x110 c:/nxp/mcuxpressoide_11.9.1_2170/ide/plugins/com.nxp.mcuxpresso.tools.win32_11.9.1.202402080819/tools/bin/../lib/gcc/arm-none-eabi/12.3.1/thumb/v7-m/nofp\libc.a(libc_a-svfiprintf.o)
                0x0000723c                __ssprint_r
 .text._fclose_r
                0x0000734c       0xc0 c:/nxp/mcuxpressoide_11.9.1_2170/ide/plugins/com.nxp.mcuxpresso.tools.win32_11.9.1.202402080819/tools/bin/../lib/gcc/arm-none-eabi/12.3.1/thumb/v7-m/nofp\libc.a(libc_a-fclose.o)
                0x0000734c                _fclose_r
 .text.__sflush_r
                0x0000740c      0x128 c:/nxp/mcuxpressoide_11.9.1_2170/ide/plugins/com.nxp.mcuxpresso.tools.win32_11.9.1.202402080819/tools/bin/../lib/gcc/arm-none-eabi/12.3.1/thumb/v7-m/nofp\libc.a(libc_a-fflush.o)
                0x0000740c                __sflush_r
 .text._fflush_r
                0x00007534       0x54 c:/nxp/mcuxpressoide_11.9.1_2170/ide/plugins/com.nxp.mcuxpresso.tools.win32_11.9.1.202402080819/tools/bin/../lib/gcc/arm-none-eabi/12.3.1/thumb/v7-m/nofp\libc.a(libc_a-fflush.o)
                0x00007534                _fflush_r
 .text.memmove  0x00007588       0xfc c:/nxp/mcuxpressoide_11.9.1_2170/ide/plugins/com.nxp.mcuxpresso.tools.win32_11.9.1.202402080819/tools/bin/../lib/gcc/arm-none-eabi/12.3.1/thumb/v7-m/nofp\libc.a(libc_a-memmove.o)
                0x00007588                memmove
 .text._sbrk_r  0x00007684       0x24 c:/nxp/mcuxpressoide_11.9.1_2170/ide/plugins/com.nxp.mcuxpresso.tools.win32_11.9.1.202402080819/tools/bin/../lib/gcc/arm-none-eabi/12.3.1/thumb/v7-m/nofp\libc.a(libc_a-sbrkr.o)
                0x00007684                _sbrk_r
 .text.__errno  0x000076a8        0xc c:/nxp/mcuxpressoide_11.9.1_2170/ide/plugins/com.nxp.mcuxpresso.tools.win32_11.9.1.202402080819/tools/bin/../lib/gcc/arm-none-eabi/12.3.1/thumb/v7-m/nofp\libc.a(libc_a-errno.o)
                0x000076a8                __errno
 .text.sysconf  0x000076b4       0x1c c:/nxp/mcuxpressoide_11.9.1_2170/ide/plugins/com.nxp.mcuxpresso.tools.win32_11.9.1.202402080819/tools/bin/../lib/gcc/arm-none-eabi/12.3.1/thumb/v7-m/nofp\libc.a(libc_a-sysconf.o)
                0x000076b4                sysconf
 .text          0x000076d0       0xec c:/nxp/mcuxpressoide_11.9.1_2170/ide/plugins/com.nxp.mcuxpresso.tools.win32_11.9.1.202402080819/tools/bin/../lib/gcc/arm-none-eabi/12.3.1/thumb/v7-m/nofp\libc.a(libc_a-memcpy.o)
                0x000076d0                memcpy
 .text.__assert_func
                0x000077bc       0x40 c:/nxp/mcuxpressoide_11.9.1_2170/ide/plugins/com.nxp.mcuxpresso.tools.win32_11.9.1.202402080819/tools/bin/../lib/gcc/arm-none-eabi/12.3.1/thumb/v7-m/nofp\libc.a(libc_a-assert.o)
                0x000077bc                __assert_func
 .text._calloc_r
                0x000077fc       0x6c c:/nxp/mcuxpressoide_11.9.1_2170/ide/plugins/com.nxp.mcuxpresso.tools.win32_11.9.1.202402080819/tools/bin/../lib/gcc/arm-none-eabi/12.3.1/thumb/v7-m/nofp\libc.a(libc_a-callocr.o)
                0x000077fc                _calloc_r
 .text._realloc_r
                0x00007868      0x34c c:/nxp/mcuxpressoide_11.9.1_2170/ide/plugins/com.nxp.mcuxpresso.tools.win32_11.9.1.202402080819/tools/bin/../lib/gcc/arm-none-eabi/12.3.1/thumb/v7-m/nofp\libc.a(libc_a-reallocr.o)
                0x00007868                _realloc_r
 .text._wcsnrtombs_l
                0x00007bb4       0xec c:/nxp/mcuxpressoide_11.9.1_2170/ide/plugins/com.nxp.mcuxpresso.tools.win32_11.9.1.202402080819/tools/bin/../lib/gcc/arm-none-eabi/12.3.1/thumb/v7-m/nofp\libc.a(libc_a-wcsnrtombs.o)
                0x00007bb4                _wcsnrtombs_l
 .text._wcsnrtombs_r
                0x00007ca0       0x24 c:/nxp/mcuxpressoide_11.9.1_2170/ide/plugins/com.nxp.mcuxpresso.tools.win32_11.9.1.202402080819/tools/bin/../lib/gcc/arm-none-eabi/12.3.1/thumb/v7-m/nofp\libc.a(libc_a-wcsnrtombs.o)
                0x00007ca0                _wcsnrtombs_r
 .text.fiprintf
                0x00007cc4       0x28 c:/nxp/mcuxpressoide_11.9.1_2170/ide/plugins/com.nxp.mcuxpresso.tools.win32_11.9.1.202402080819/tools/bin/../lib/gcc/arm-none-eabi/12.3.1/thumb/v7-m/nofp\libc.a(libc_a-fiprintf.o)
                0x00007cc4                fiprintf
 .text.__sprint_r.part.0
                0x00007cec       0x78 c:/nxp/mcuxpressoide_11.9.1_2170/ide/plugins/com.nxp.mcuxpresso.tools.win32_11.9.1.202402080819/tools/bin/../lib/gcc/arm-none-eabi/12.3.1/thumb/v7-m/nofp\libc.a(libc_a-vfiprintf.o)
 .text._vfiprintf_r
                0x00007d64      0xf9c c:/nxp/mcuxpressoide_11.9.1_2170/ide/plugins/com.nxp.mcuxpresso.tools.win32_11.9.1.202402080819/tools/bin/../lib/gcc/arm-none-eabi/12.3.1/thumb/v7-m/nofp\libc.a(libc_a-vfiprintf.o)
                0x00007d64                _vfiprintf_r
 .text.__sbprintf
                0x00008d00       0x80 c:/nxp/mcuxpressoide_11.9.1_2170/ide/plugins/com.nxp.mcuxpresso.tools.win32_11.9.1.202402080819/tools/bin/../lib/gcc/arm-none-eabi/12.3.1/thumb/v7-m/nofp\libc.a(libc_a-vfiprintf.o)
 .text.__sfvwrite_r
                0x00008d80      0x2ec c:/nxp/mcuxpressoide_11.9.1_2170/ide/plugins/com.nxp.mcuxpresso.tools.win32_11.9.1.202402080819/tools/bin/../lib/gcc/arm-none-eabi/12.3.1/thumb/v7-m/nofp\libc.a(libc_a-fvwrite.o)
                0x00008d80                __sfvwrite_r
 .text.__swsetup_r
                0x0000906c       0xc0 c:/nxp/mcuxpressoide_11.9.1_2170/ide/plugins/com.nxp.mcuxpresso.tools.win32_11.9.1.202402080819/tools/bin/../lib/gcc/arm-none-eabi/12.3.1/thumb/v7-m/nofp\libc.a(libc_a-wsetup.o)
                0x0000906c                __swsetup_r
 .text.__fputwc
                0x0000912c       0x7c c:/nxp/mcuxpressoide_11.9.1_2170/ide/plugins/com.nxp.mcuxpresso.tools.win32_11.9.1.202402080819/tools/bin/../lib/gcc/arm-none-eabi/12.3.1/thumb/v7-m/nofp\libc.a(libc_a-fputwc.o)
                0x0000912c                __fputwc
 .text._fputwc_r
                0x000091a8       0x60 c:/nxp/mcuxpressoide_11.9.1_2170/ide/plugins/com.nxp.mcuxpresso.tools.win32_11.9.1.202402080819/tools/bin/../lib/gcc/arm-none-eabi/12.3.1/thumb/v7-m/nofp\libc.a(libc_a-fputwc.o)
                0x000091a8                _fputwc_r
 .text.abort    0x00009208       0x10 c:/nxp/mcuxpressoide_11.9.1_2170/ide/plugins/com.nxp.mcuxpresso.tools.win32_11.9.1.202402080819/tools/bin/../lib/gcc/arm-none-eabi/12.3.1/thumb/v7-m/nofp\libc.a(libc_a-abort.o)
                0x00009208                abort
 .text.__smakebuf_r
                0x00009218       0xdc c:/nxp/mcuxpressoide_11.9.1_2170/ide/plugins/com.nxp.mcuxpresso.tools.win32_11.9.1.202402080819/tools/bin/../lib/gcc/arm-none-eabi/12.3.1/thumb/v7-m/nofp\libc.a(libc_a-makebuf.o)
                0x00009218                __smakebuf_r
 .text.__swbuf_r
                0x000092f4       0xac c:/nxp/mcuxpressoide_11.9.1_2170/ide/plugins/com.nxp.mcuxpresso.tools.win32_11.9.1.202402080819/tools/bin/../lib/gcc/arm-none-eabi/12.3.1/thumb/v7-m/nofp\libc.a(libc_a-wbuf.o)
                0x000092f4                __swbuf_r
 .text.raise    0x000093a0       0x58 c:/nxp/mcuxpressoide_11.9.1_2170/ide/plugins/com.nxp.mcuxpresso.tools.win32_11.9.1.202402080819/tools/bin/../lib/gcc/arm-none-eabi/12.3.1/thumb/v7-m/nofp\libc.a(libc_a-signal.o)
                0x000093a0                raise
 .text._fstat_r
                0x000093f8       0x28 c:/nxp/mcuxpressoide_11.9.1_2170/ide/plugins/com.nxp.mcuxpresso.tools.win32_11.9.1.202402080819/tools/bin/../lib/gcc/arm-none-eabi/12.3.1/thumb/v7-m/nofp\libc.a(libc_a-fstatr.o)
                0x000093f8                _fstat_r
 .text._isatty_r
                0x00009420       0x24 c:/nxp/mcuxpressoide_11.9.1_2170/ide/plugins/com.nxp.mcuxpresso.tools.win32_11.9.1.202402080819/tools/bin/../lib/gcc/arm-none-eabi/12.3.1/thumb/v7-m/nofp\libc.a(libc_a-isattyr.o)
                0x00009420                _isatty_r
 .text._kill_r  0x00009444       0x28 c:/nxp/mcuxpressoide_11.9.1_2170/ide/plugins/com.nxp.mcuxpresso.tools.win32_11.9.1.202402080819/tools/bin/../lib/gcc/arm-none-eabi/12.3.1/thumb/v7-m/nofp\libc.a(libc_a-signalr.o)
                0x00009444                _kill_r
 .text._getpid_r
                0x0000946c        0x4 c:/nxp/mcuxpressoide_11.9.1_2170/ide/plugins/com.nxp.mcuxpresso.tools.win32_11.9.1.202402080819/tools/bin/../lib/gcc/arm-none-eabi/12.3.1/thumb/v7-m/nofp\libc.a(libc_a-signalr.o)
                0x0000946c                _getpid_r
 .text._sbrk    0x00009470       0x3c c:/nxp/mcuxpressoide_11.9.1_2170/ide/plugins/com.nxp.mcuxpresso.tools.win32_11.9.1.202402080819/tools/bin/../lib/gcc/arm-none-eabi/12.3.1/../../../../arm-none-eabi/lib/thumb/v7-m/nofp\libcr_newlib_semihost.a(_cr_sbrk.o)
                0x00009470                _sbrk
 .text._exit    0x000094ac        0x8 c:/nxp/mcuxpressoide_11.9.1_2170/ide/plugins/com.nxp.mcuxpresso.tools.win32_11.9.1.202402080819/tools/bin/../lib/gcc/arm-none-eabi/12.3.1/../../../../arm-none-eabi/lib/thumb/v7-m/nofp\libcr_newlib_semihost.a(_exit.o)
                0x000094ac                _exit
 .text._kill    0x000094b4       0x20 c:/nxp/mcuxpressoide_11.9.1_2170/ide/plugins/com.nxp.mcuxpresso.tools.win32_11.9.1.202402080819/tools/bin/../lib/gcc/arm-none-eabi/12.3.1/../../../../arm-none-eabi/lib/thumb/v7-m/nofp\libcr_newlib_semihost.a(_kill.o)
                0x000094b4                _kill
 .text.error    0x000094d4       0x1c c:/nxp/mcuxpressoide_11.9.1_2170/ide/plugins/com.nxp.mcuxpresso.tools.win32_11.9.1.202402080819/tools/bin/../lib/gcc/arm-none-eabi/12.3.1/../../../../arm-none-eabi/lib/thumb/v7-m/nofp\libcr_newlib_semihost.a(syscalls.o)
 .text.initialise_monitor_handles.part.0
                0x000094f0       0xa4 c:/nxp/mcuxpressoide_11.9.1_2170/ide/plugins/com.nxp.mcuxpresso.tools.win32_11.9.1.202402080819/tools/bin/../lib/gcc/arm-none-eabi/12.3.1/../../../../arm-none-eabi/lib/thumb/v7-m/nofp\libcr_newlib_semihost.a(syscalls.o)
 .text.findslot
                0x00009594       0x30 c:/nxp/mcuxpressoide_11.9.1_2170/ide/plugins/com.nxp.mcuxpresso.tools.win32_11.9.1.202402080819/tools/bin/../lib/gcc/arm-none-eabi/12.3.1/../../../../arm-none-eabi/lib/thumb/v7-m/nofp\libcr_newlib_semihost.a(syscalls.o)
 .text.checkerror
                0x000095c4        0xa c:/nxp/mcuxpressoide_11.9.1_2170/ide/plugins/com.nxp.mcuxpresso.tools.win32_11.9.1.202402080819/tools/bin/../lib/gcc/arm-none-eabi/12.3.1/../../../../arm-none-eabi/lib/thumb/v7-m/nofp\libcr_newlib_semihost.a(syscalls.o)
 .text._swiread
                0x000095ce       0x20 c:/nxp/mcuxpressoide_11.9.1_2170/ide/plugins/com.nxp.mcuxpresso.tools.win32_11.9.1.202402080819/tools/bin/../lib/gcc/arm-none-eabi/12.3.1/../../../../arm-none-eabi/lib/thumb/v7-m/nofp\libcr_newlib_semihost.a(syscalls.o)
                0x000095ce                _swiread
 .text._read    0x000095ee       0x34 c:/nxp/mcuxpressoide_11.9.1_2170/ide/plugins/com.nxp.mcuxpresso.tools.win32_11.9.1.202402080819/tools/bin/../lib/gcc/arm-none-eabi/12.3.1/../../../../arm-none-eabi/lib/thumb/v7-m/nofp\libcr_newlib_semihost.a(syscalls.o)
                0x000095ee                _read
 .text._swilseek
                0x00009622       0x78 c:/nxp/mcuxpressoide_11.9.1_2170/ide/plugins/com.nxp.mcuxpresso.tools.win32_11.9.1.202402080819/tools/bin/../lib/gcc/arm-none-eabi/12.3.1/../../../../arm-none-eabi/lib/thumb/v7-m/nofp\libcr_newlib_semihost.a(syscalls.o)
                0x00009622                _swilseek
 .text._lseek   0x0000969a        0x4 c:/nxp/mcuxpressoide_11.9.1_2170/ide/plugins/com.nxp.mcuxpresso.tools.win32_11.9.1.202402080819/tools/bin/../lib/gcc/arm-none-eabi/12.3.1/../../../../arm-none-eabi/lib/thumb/v7-m/nofp\libcr_newlib_semihost.a(syscalls.o)
                0x0000969a                _lseek
 .text._swiwrite
                0x0000969e       0x20 c:/nxp/mcuxpressoide_11.9.1_2170/ide/plugins/com.nxp.mcuxpresso.tools.win32_11.9.1.202402080819/tools/bin/../lib/gcc/arm-none-eabi/12.3.1/../../../../arm-none-eabi/lib/thumb/v7-m/nofp\libcr_newlib_semihost.a(syscalls.o)
                0x0000969e                _swiwrite
 .text._write   0x000096be       0x40 c:/nxp/mcuxpressoide_11.9.1_2170/ide/plugins/com.nxp.mcuxpresso.tools.win32_11.9.1.202402080819/tools/bin/../lib/gcc/arm-none-eabi/12.3.1/../../../../arm-none-eabi/lib/thumb/v7-m/nofp\libcr_newlib_semihost.a(syscalls.o)
                0x000096be                _write
 .text._swiclose
                0x000096fe       0x1a c:/nxp/mcuxpressoide_11.9.1_2170/ide/plugins/com.nxp.mcuxpresso.tools.win32_11.9.1.202402080819/tools/bin/../lib/gcc/arm-none-eabi/12.3.1/../../../../arm-none-eabi/lib/thumb/v7-m/nofp\libcr_newlib_semihost.a(syscalls.o)
                0x000096fe                _swiclose
 .text._close   0x00009718       0x44 c:/nxp/mcuxpressoide_11.9.1_2170/ide/plugins/com.nxp.mcuxpresso.tools.win32_11.9.1.202402080819/tools/bin/../lib/gcc/arm-none-eabi/12.3.1/../../../../arm-none-eabi/lib/thumb/v7-m/nofp\libcr_newlib_semihost.a(syscalls.o)
                0x00009718                _close
 .text._getpid  0x0000975c        0x4 c:/nxp/mcuxpressoide_11.9.1_2170/ide/plugins/com.nxp.mcuxpresso.tools.win32_11.9.1.202402080819/tools/bin/../lib/gcc/arm-none-eabi/12.3.1/../../../../arm-none-eabi/lib/thumb/v7-m/nofp\libcr_newlib_semihost.a(syscalls.o)
                0x0000975c                _getpid
 .text._swistat
                0x00009760       0x42 c:/nxp/mcuxpressoide_11.9.1_2170/ide/plugins/com.nxp.mcuxpresso.tools.win32_11.9.1.202402080819/tools/bin/../lib/gcc/arm-none-eabi/12.3.1/../../../../arm-none-eabi/lib/thumb/v7-m/nofp\libcr_newlib_semihost.a(syscalls.o)
                0x00009760                _swistat
 .text._fstat   0x000097a2       0x1c c:/nxp/mcuxpressoide_11.9.1_2170/ide/plugins/com.nxp.mcuxpresso.tools.win32_11.9.1.202402080819/tools/bin/../lib/gcc/arm-none-eabi/12.3.1/../../../../arm-none-eabi/lib/thumb/v7-m/nofp\libcr_newlib_semihost.a(syscalls.o)
                0x000097a2                _fstat
 .text._isatty  0x000097be       0x2a c:/nxp/mcuxpressoide_11.9.1_2170/ide/plugins/com.nxp.mcuxpresso.tools.win32_11.9.1.202402080819/tools/bin/../lib/gcc/arm-none-eabi/12.3.1/../../../../arm-none-eabi/lib/thumb/v7-m/nofp\libcr_newlib_semihost.a(syscalls.o)
                0x000097be                _isatty
 .text.__check_heap_overflow
                0x000097e8       0x18 c:/nxp/mcuxpressoide_11.9.1_2170/ide/plugins/com.nxp.mcuxpresso.tools.win32_11.9.1.202402080819/tools/bin/../lib/gcc/arm-none-eabi/12.3.1/../../../../arm-none-eabi/lib/thumb/v7-m/nofp\libcr_newlib_semihost.a(_cr_check_heap.o)
                0x000097e8                __check_heap_overflow
 .text          0x00009800      0x378 c:/nxp/mcuxpressoide_11.9.1_2170/ide/plugins/com.nxp.mcuxpresso.tools.win32_11.9.1.202402080819/tools/bin/../lib/gcc/arm-none-eabi/12.3.1/thumb/v7-m/nofp\libgcc.a(_arm_addsubdf3.o)
                0x00009800                __aeabi_drsub
                0x00009808                __aeabi_dsub
                0x00009808                __subdf3
                0x0000980c                __aeabi_dadd
                0x0000980c                __adddf3
                0x00009a84                __floatunsidf
                0x00009a84                __aeabi_ui2d
                0x00009aa4                __floatsidf
                0x00009aa4                __aeabi_i2d
                0x00009ac8                __aeabi_f2d
                0x00009ac8                __extendsfdf2
                0x00009b0c                __floatundidf
                0x00009b0c                __aeabi_ul2d
                0x00009b1c                __floatdidf
                0x00009b1c                __aeabi_l2d
 .text          0x00009b78      0x424 c:/nxp/mcuxpressoide_11.9.1_2170/ide/plugins/com.nxp.mcuxpresso.tools.win32_11.9.1.202402080819/tools/bin/../lib/gcc/arm-none-eabi/12.3.1/thumb/v7-m/nofp\libgcc.a(_arm_muldivdf3.o)
                0x00009b78                __aeabi_dmul
                0x00009b78                __muldf3
                0x00009dcc                __divdf3
                0x00009dcc                __aeabi_ddiv
 .text          0x00009f9c      0x110 c:/nxp/mcuxpressoide_11.9.1_2170/ide/plugins/com.nxp.mcuxpresso.tools.win32_11.9.1.202402080819/tools/bin/../lib/gcc/arm-none-eabi/12.3.1/thumb/v7-m/nofp\libgcc.a(_arm_cmpdf2.o)
                0x00009f9c                __gtdf2
                0x00009f9c                __gedf2
                0x00009fa4                __ltdf2
                0x00009fa4                __ledf2
                0x00009fac                __nedf2
                0x00009fac                __eqdf2
                0x00009fac                __cmpdf2
                0x0000a028                __aeabi_cdrcmple
                0x0000a038                __aeabi_cdcmpeq
                0x0000a038                __aeabi_cdcmple
                0x0000a048                __aeabi_dcmpeq
                0x0000a05c                __aeabi_dcmplt
                0x0000a070                __aeabi_dcmple
                0x0000a084                __aeabi_dcmpge
                0x0000a098                __aeabi_dcmpgt
 .text          0x0000a0ac       0x2c c:/nxp/mcuxpressoide_11.9.1_2170/ide/plugins/com.nxp.mcuxpresso.tools.win32_11.9.1.202402080819/tools/bin/../lib/gcc/arm-none-eabi/12.3.1/thumb/v7-m/nofp\libgcc.a(_arm_unorddf2.o)
                0x0000a0ac                __unorddf2
                0x0000a0ac                __aeabi_dcmpun
 .text          0x0000a0d8       0x50 c:/nxp/mcuxpressoide_11.9.1_2170/ide/plugins/com.nxp.mcuxpresso.tools.win32_11.9.1.202402080819/tools/bin/../lib/gcc/arm-none-eabi/12.3.1/thumb/v7-m/nofp\libgcc.a(_arm_fixdfsi.o)
                0x0000a0d8                __aeabi_d2iz
                0x0000a0d8                __fixdfsi
 *(.rodata .rodata.* .constdata .constdata.*)
 .rodata.str1.4
                0x0000a128        0x3 ./src/main.o
 *fill*         0x0000a12b        0x1 ff
 .rodata.str1.4
                0x0000a12c       0x4f ./src/screenManagment.o
 *fill*         0x0000a17b        0x1 ff
 .rodata        0x0000a17c        0x8 C:\Users\student\Desktop\final\wbudowane-\Lib_EaBaseBoard\Debug\libLib_EaBaseBoard.a(oled.o)
 .rodata        0x0000a184      0x300 C:\Users\student\Desktop\final\wbudowane-\Lib_EaBaseBoard\Debug\libLib_EaBaseBoard.a(font5x7.o)
                0x0000a184                font5x7
 .rodata.str1.4
                0x0000a484        0xe C:\Users\student\Desktop\final\wbudowane-\Lib_MCU\Debug\libLib_MCU.a(lpc17xx_i2c.o)
 *fill*         0x0000a492        0x2 ff
 .rodata.str1.4
                0x0000a494        0xe C:\Users\student\Desktop\final\wbudowane-\Lib_MCU\Debug\libLib_MCU.a(lpc17xx_rtc.o)
 *fill*         0x0000a4a2        0x2 ff
 .rodata.str1.4
                0x0000a4a4        0xe C:\Users\student\Desktop\final\wbudowane-\Lib_MCU\Debug\libLib_MCU.a(lpc17xx_ssp.o)
 *fill*         0x0000a4b2        0x2 ff
 .rodata.str1.4
                0x0000a4b4       0x10 C:\Users\student\Desktop\final\wbudowane-\Lib_MCU\Debug\libLib_MCU.a(lpc17xx_timer.o)
 .rodata._svfprintf_r.str1.4
                0x0000a4c4       0x42 c:/nxp/mcuxpressoide_11.9.1_2170/ide/plugins/com.nxp.mcuxpresso.tools.win32_11.9.1.202402080819/tools/bin/../lib/gcc/arm-none-eabi/12.3.1/thumb/v7-m/nofp\libc.a(libc_a-svfprintf.o)
 *fill*         0x0000a506        0x2 ff
 .rodata.zeroes.0
                0x0000a508       0x10 c:/nxp/mcuxpressoide_11.9.1_2170/ide/plugins/com.nxp.mcuxpresso.tools.win32_11.9.1.202402080819/tools/bin/../lib/gcc/arm-none-eabi/12.3.1/thumb/v7-m/nofp\libc.a(libc_a-svfprintf.o)
 .rodata.blanks.1
                0x0000a518       0x10 c:/nxp/mcuxpressoide_11.9.1_2170/ide/plugins/com.nxp.mcuxpresso.tools.win32_11.9.1.202402080819/tools/bin/../lib/gcc/arm-none-eabi/12.3.1/thumb/v7-m/nofp\libc.a(libc_a-svfprintf.o)
 .rodata.str1.4
                0x0000a528       0x48 c:/nxp/mcuxpressoide_11.9.1_2170/ide/plugins/com.nxp.mcuxpresso.tools.win32_11.9.1.202402080819/tools/bin/../lib/gcc/arm-none-eabi/12.3.1/thumb/v7-m/nofp\libc.a(libc_a-locale.o)
                                 0x4c (size before relaxing)
 .rodata._dtoa_r.str1.4
                0x0000a570       0x7d c:/nxp/mcuxpressoide_11.9.1_2170/ide/plugins/com.nxp.mcuxpresso.tools.win32_11.9.1.202402080819/tools/bin/../lib/gcc/arm-none-eabi/12.3.1/thumb/v7-m/nofp\libc.a(libc_a-dtoa.o)
                                 0x81 (size before relaxing)
 *fill*         0x0000a5ed        0x3 ff
 .rodata.__multadd.str1.4
                0x0000a5f0       0x5a c:/nxp/mcuxpressoide_11.9.1_2170/ide/plugins/com.nxp.mcuxpresso.tools.win32_11.9.1.202402080819/tools/bin/../lib/gcc/arm-none-eabi/12.3.1/thumb/v7-m/nofp\libc.a(libc_a-mprec.o)
                                 0x6e (size before relaxing)
 *fill*         0x0000a64a        0x2 ff
 .rodata.p05.0  0x0000a64c        0xc c:/nxp/mcuxpressoide_11.9.1_2170/ide/plugins/com.nxp.mcuxpresso.tools.win32_11.9.1.202402080819/tools/bin/../lib/gcc/arm-none-eabi/12.3.1/thumb/v7-m/nofp\libc.a(libc_a-mprec.o)
 .rodata.__mprec_bigtens
                0x0000a658       0x28 c:/nxp/mcuxpressoide_11.9.1_2170/ide/plugins/com.nxp.mcuxpresso.tools.win32_11.9.1.202402080819/tools/bin/../lib/gcc/arm-none-eabi/12.3.1/thumb/v7-m/nofp\libc.a(libc_a-mprec.o)
                0x0000a658                __mprec_bigtens
 .rodata.__mprec_tens
                0x0000a680       0xc8 c:/nxp/mcuxpressoide_11.9.1_2170/ide/plugins/com.nxp.mcuxpresso.tools.win32_11.9.1.202402080819/tools/bin/../lib/gcc/arm-none-eabi/12.3.1/thumb/v7-m/nofp\libc.a(libc_a-mprec.o)
                0x0000a680                __mprec_tens
 .rodata._ctype_
                0x0000a748      0x101 c:/nxp/mcuxpressoide_11.9.1_2170/ide/plugins/com.nxp.mcuxpresso.tools.win32_11.9.1.202402080819/tools/bin/../lib/gcc/arm-none-eabi/12.3.1/thumb/v7-m/nofp\libc.a(libc_a-ctype_.o)
                0x0000a748                _ctype_
 *fill*         0x0000a849        0x3 ff
 .rodata.__assert_func.str1.4
                0x0000a84c       0x3f c:/nxp/mcuxpressoide_11.9.1_2170/ide/plugins/com.nxp.mcuxpresso.tools.win32_11.9.1.202402080819/tools/bin/../lib/gcc/arm-none-eabi/12.3.1/thumb/v7-m/nofp\libc.a(libc_a-assert.o)
                                 0x43 (size before relaxing)
 .rodata._vfiprintf_r.str1.4
                0x0000a88b       0x2f c:/nxp/mcuxpressoide_11.9.1_2170/ide/plugins/com.nxp.mcuxpresso.tools.win32_11.9.1.202402080819/tools/bin/../lib/gcc/arm-none-eabi/12.3.1/thumb/v7-m/nofp\libc.a(libc_a-vfiprintf.o)
 *fill*         0x0000a88b        0x1 ff
 .rodata.zeroes.0
                0x0000a88c       0x10 c:/nxp/mcuxpressoide_11.9.1_2170/ide/plugins/com.nxp.mcuxpresso.tools.win32_11.9.1.202402080819/tools/bin/../lib/gcc/arm-none-eabi/12.3.1/thumb/v7-m/nofp\libc.a(libc_a-vfiprintf.o)
 .rodata.blanks.1
                0x0000a89c       0x10 c:/nxp/mcuxpressoide_11.9.1_2170/ide/plugins/com.nxp.mcuxpresso.tools.win32_11.9.1.202402080819/tools/bin/../lib/gcc/arm-none-eabi/12.3.1/thumb/v7-m/nofp\libc.a(libc_a-vfiprintf.o)
 .rodata.initialise_monitor_handles.part.0.str1.1
                0x0000a8ac        0x4 c:/nxp/mcuxpressoide_11.9.1_2170/ide/plugins/com.nxp.mcuxpresso.tools.win32_11.9.1.202402080819/tools/bin/../lib/gcc/arm-none-eabi/12.3.1/../../../../arm-none-eabi/lib/thumb/v7-m/nofp\libcr_newlib_semihost.a(syscalls.o)
                0x0000a8b0                        . = ALIGN (0x4)

.glue_7         0x0000a8b0        0x0
 .glue_7        0x0000a8b0        0x0 linker stubs

.glue_7t        0x0000a8b0        0x0
 .glue_7t       0x0000a8b0        0x0 linker stubs

.vfp11_veneer   0x0000a8b0        0x0
 .vfp11_veneer  0x0000a8b0        0x0 linker stubs

.v4_bx          0x0000a8b0        0x0
 .v4_bx         0x0000a8b0        0x0 linker stubs

.iplt           0x0000a8b0        0x0
 .iplt          0x0000a8b0        0x0 ./src/cr_startup_lpc17.o

.ARM.extab
 *(.ARM.extab* .gnu.linkonce.armextab.*)

.ARM.exidx      0x0000a8b0        0x8
                0x0000a8b0                        __exidx_start = .
 *(.ARM.exidx* .gnu.linkonce.armexidx.*)
 .ARM.exidx.text.__udivmoddi4
                0x0000a8b0        0x8 c:/nxp/mcuxpressoide_11.9.1_2170/ide/plugins/com.nxp.mcuxpresso.tools.win32_11.9.1.202402080819/tools/bin/../lib/gcc/arm-none-eabi/12.3.1/thumb/v7-m/nofp\libgcc.a(_udivmoddi4.o)
 .ARM.exidx     0x0000a8b8        0x0 c:/nxp/mcuxpressoide_11.9.1_2170/ide/plugins/com.nxp.mcuxpresso.tools.win32_11.9.1.202402080819/tools/bin/../lib/gcc/arm-none-eabi/12.3.1/thumb/v7-m/nofp\libc.a(libc_a-memcpy.o)
                                  0x8 (size before relaxing)
                0x0000a8b8                        __exidx_end = .
                0x0000a8b8                        _etext = .

.rel.dyn        0x0000a8b8        0x0
 .rel.iplt      0x0000a8b8        0x0 ./src/cr_startup_lpc17.o

.data_RAM2      0x2007c000        0x0 load address 0x0000a8b8
 FILL mask 0xff
                [!provide]                        PROVIDE (__start_data_RAM2 = .)
                [!provide]                        PROVIDE (__start_data_RamAHB32 = .)
 *(.ramfunc.$RAM2)
 *(.ramfunc.$RamAHB32)
 *(.data.$RAM2)
 *(.data.$RamAHB32)
 *(.data.$RAM2.*)
 *(.data.$RamAHB32.*)
                0x2007c000                        . = ALIGN (0x4)
                [!provide]                        PROVIDE (__end_data_RAM2 = .)
                [!provide]                        PROVIDE (__end_data_RamAHB32 = .)

.uninit_RESERVED
                0x10000000        0x0
                0x10000000                        _start_uninit_RESERVED = .
 *(.bss.$RESERVED*)
                0x10000000                        . = ALIGN (0x4)
                0x10000000                        _end_uninit_RESERVED = .

.data           0x10000000      0x6b0 load address 0x0000a8b8
 FILL mask 0xff
                0x10000000                        _data = .
                [!provide]                        PROVIDE (__start_data_RAM = .)
                [!provide]                        PROVIDE (__start_data_RamLoc32 = .)
 *(vtable)
 *(.ramfunc*)
 *(CodeQuickAccess)
 *(DataQuickAccess)
 *(RamFunction)
 *(.data*)
 .data          0x10000000        0x4 C:\Users\student\Desktop\final\wbudowane-\Lib_CMSISv1p30_LPC17xx\Debug\libCMSISv1p30_LPC17xx.a(system_LPC17xx.o)
                0x10000000                SystemCoreClock
 .data._impure_ptr
                0x10000004        0x4 c:/nxp/mcuxpressoide_11.9.1_2170/ide/plugins/com.nxp.mcuxpresso.tools.win32_11.9.1.202402080819/tools/bin/../lib/gcc/arm-none-eabi/12.3.1/thumb/v7-m/nofp\libc.a(libc_a-impure.o)
                0x10000004                _impure_ptr
 .data._impure_data
                0x10000008      0x120 c:/nxp/mcuxpressoide_11.9.1_2170/ide/plugins/com.nxp.mcuxpresso.tools.win32_11.9.1.202402080819/tools/bin/../lib/gcc/arm-none-eabi/12.3.1/thumb/v7-m/nofp\libc.a(libc_a-impure.o)
                0x10000008                _impure_data
 .data.__sglue  0x10000128        0xc c:/nxp/mcuxpressoide_11.9.1_2170/ide/plugins/com.nxp.mcuxpresso.tools.win32_11.9.1.202402080819/tools/bin/../lib/gcc/arm-none-eabi/12.3.1/thumb/v7-m/nofp\libc.a(libc_a-findfp.o)
                0x10000128                __sglue
 .data.__global_locale
                0x10000134      0x16c c:/nxp/mcuxpressoide_11.9.1_2170/ide/plugins/com.nxp.mcuxpresso.tools.win32_11.9.1.202402080819/tools/bin/../lib/gcc/arm-none-eabi/12.3.1/thumb/v7-m/nofp\libc.a(libc_a-locale.o)
                0x10000134                __global_locale
 .data.__malloc_sbrk_base
                0x100002a0        0x4 c:/nxp/mcuxpressoide_11.9.1_2170/ide/plugins/com.nxp.mcuxpresso.tools.win32_11.9.1.202402080819/tools/bin/../lib/gcc/arm-none-eabi/12.3.1/thumb/v7-m/nofp\libc.a(libc_a-mallocr.o)
                0x100002a0                __malloc_sbrk_base
 .data.__malloc_trim_threshold
                0x100002a4        0x4 c:/nxp/mcuxpressoide_11.9.1_2170/ide/plugins/com.nxp.mcuxpresso.tools.win32_11.9.1.202402080819/tools/bin/../lib/gcc/arm-none-eabi/12.3.1/thumb/v7-m/nofp\libc.a(libc_a-mallocr.o)
                0x100002a4                __malloc_trim_threshold
 .data.__malloc_av_
                0x100002a8      0x408 c:/nxp/mcuxpressoide_11.9.1_2170/ide/plugins/com.nxp.mcuxpresso.tools.win32_11.9.1.202402080819/tools/bin/../lib/gcc/arm-none-eabi/12.3.1/thumb/v7-m/nofp\libc.a(libc_a-mallocr.o)
                0x100002a8                __malloc_av_
                0x100006b0                        . = ALIGN (0x4)
                0x100006b0                        _edata = .
                [!provide]                        PROVIDE (__end_data_RAM = .)
                [!provide]                        PROVIDE (__end_data_RamLoc32 = .)

.igot.plt       0x100006b0        0x0 load address 0x0000af68
 .igot.plt      0x100006b0        0x0 ./src/cr_startup_lpc17.o

.bss_RAM2       0x2007c000        0x0
                [!provide]                        PROVIDE (__start_bss_RAM2 = .)
                [!provide]                        PROVIDE (__start_bss_RamAHB32 = .)
 *(.bss.$RAM2)
 *(.bss.$RamAHB32)
 *(.bss.$RAM2.*)
 *(.bss.$RamAHB32.*)
                0x2007c000                        . = ALIGN ((. != 0x0)?0x4:0x1)
                [!provide]                        PROVIDE (__end_bss_RAM2 = .)
                [!provide]                        PROVIDE (__end_bss_RamAHB32 = .)

.bss            0x100006b0      0x508
                0x100006b0                        _bss = .
                [!provide]                        PROVIDE (__start_bss_RAM = .)
                [!provide]                        PROVIDE (__start_bss_RamLoc32 = .)
 *(.bss*)
 .bss           0x100006b0        0xe ./src/main.o
 *fill*         0x100006be        0x2 
 .bss           0x100006c0      0x300 C:\Users\student\Desktop\final\wbudowane-\Lib_EaBaseBoard\Debug\libLib_EaBaseBoard.a(oled.o)
 .bss           0x100009c0        0x6 C:\Users\student\Desktop\final\wbudowane-\Lib_EaBaseBoard\Debug\libLib_EaBaseBoard.a(pca9532.o)
 *fill*         0x100009c6        0x2 
 .bss           0x100009c8        0x4 C:\Users\student\Desktop\final\wbudowane-\Lib_EaBaseBoard\Debug\libLib_EaBaseBoard.a(temp.o)
 .bss           0x100009cc       0x34 C:\Users\student\Desktop\final\wbudowane-\Lib_MCU\Debug\libLib_MCU.a(lpc17xx_i2c.o)
 .bss.__sf      0x10000a00      0x138 c:/nxp/mcuxpressoide_11.9.1_2170/ide/plugins/com.nxp.mcuxpresso.tools.win32_11.9.1.202402080819/tools/bin/../lib/gcc/arm-none-eabi/12.3.1/thumb/v7-m/nofp\libc.a(libc_a-findfp.o)
                0x10000a00                __sf
 .bss.__stdio_exit_handler
                0x10000b38        0x4 c:/nxp/mcuxpressoide_11.9.1_2170/ide/plugins/com.nxp.mcuxpresso.tools.win32_11.9.1.202402080819/tools/bin/../lib/gcc/arm-none-eabi/12.3.1/thumb/v7-m/nofp\libc.a(libc_a-findfp.o)
                0x10000b38                __stdio_exit_handler
 .bss.errno     0x10000b3c        0x4 c:/nxp/mcuxpressoide_11.9.1_2170/ide/plugins/com.nxp.mcuxpresso.tools.win32_11.9.1.202402080819/tools/bin/../lib/gcc/arm-none-eabi/12.3.1/thumb/v7-m/nofp\libc.a(libc_a-reent.o)
                0x10000b3c                errno
 .bss.__lock___malloc_recursive_mutex
                0x10000b40        0x1 c:/nxp/mcuxpressoide_11.9.1_2170/ide/plugins/com.nxp.mcuxpresso.tools.win32_11.9.1.202402080819/tools/bin/../lib/gcc/arm-none-eabi/12.3.1/thumb/v7-m/nofp\libc.a(libc_a-lock.o)
                0x10000b40                __lock___malloc_recursive_mutex
 *fill*         0x10000b41        0x3 
 .bss.__lock___sfp_recursive_mutex
                0x10000b44        0x1 c:/nxp/mcuxpressoide_11.9.1_2170/ide/plugins/com.nxp.mcuxpresso.tools.win32_11.9.1.202402080819/tools/bin/../lib/gcc/arm-none-eabi/12.3.1/thumb/v7-m/nofp\libc.a(libc_a-lock.o)
                0x10000b44                __lock___sfp_recursive_mutex
 *fill*         0x10000b45        0x3 
 .bss.__malloc_current_mallinfo
                0x10000b48       0x28 c:/nxp/mcuxpressoide_11.9.1_2170/ide/plugins/com.nxp.mcuxpresso.tools.win32_11.9.1.202402080819/tools/bin/../lib/gcc/arm-none-eabi/12.3.1/thumb/v7-m/nofp\libc.a(libc_a-mallocr.o)
                0x10000b48                __malloc_current_mallinfo
 .bss.__malloc_max_total_mem
                0x10000b70        0x4 c:/nxp/mcuxpressoide_11.9.1_2170/ide/plugins/com.nxp.mcuxpresso.tools.win32_11.9.1.202402080819/tools/bin/../lib/gcc/arm-none-eabi/12.3.1/thumb/v7-m/nofp\libc.a(libc_a-mallocr.o)
                0x10000b70                __malloc_max_total_mem
 .bss.__malloc_max_sbrked_mem
                0x10000b74        0x4 c:/nxp/mcuxpressoide_11.9.1_2170/ide/plugins/com.nxp.mcuxpresso.tools.win32_11.9.1.202402080819/tools/bin/../lib/gcc/arm-none-eabi/12.3.1/thumb/v7-m/nofp\libc.a(libc_a-mallocr.o)
                0x10000b74                __malloc_max_sbrked_mem
 .bss.__malloc_top_pad
                0x10000b78        0x4 c:/nxp/mcuxpressoide_11.9.1_2170/ide/plugins/com.nxp.mcuxpresso.tools.win32_11.9.1.202402080819/tools/bin/../lib/gcc/arm-none-eabi/12.3.1/thumb/v7-m/nofp\libc.a(libc_a-mallocr.o)
                0x10000b78                __malloc_top_pad
 .bss.__end_of_heap
                0x10000b7c        0x4 c:/nxp/mcuxpressoide_11.9.1_2170/ide/plugins/com.nxp.mcuxpresso.tools.win32_11.9.1.202402080819/tools/bin/../lib/gcc/arm-none-eabi/12.3.1/../../../../arm-none-eabi/lib/thumb/v7-m/nofp\libcr_newlib_semihost.a(_cr_sbrk.o)
                0x10000b7c                __end_of_heap
 .bss.initialized.0
                0x10000b80        0x4 c:/nxp/mcuxpressoide_11.9.1_2170/ide/plugins/com.nxp.mcuxpresso.tools.win32_11.9.1.202402080819/tools/bin/../lib/gcc/arm-none-eabi/12.3.1/../../../../arm-none-eabi/lib/thumb/v7-m/nofp\libcr_newlib_semihost.a(syscalls.o)
 .bss.monitor_stderr
                0x10000b84        0x4 c:/nxp/mcuxpressoide_11.9.1_2170/ide/plugins/com.nxp.mcuxpresso.tools.win32_11.9.1.202402080819/tools/bin/../lib/gcc/arm-none-eabi/12.3.1/../../../../arm-none-eabi/lib/thumb/v7-m/nofp\libcr_newlib_semihost.a(syscalls.o)
 .bss.monitor_stdout
                0x10000b88        0x4 c:/nxp/mcuxpressoide_11.9.1_2170/ide/plugins/com.nxp.mcuxpresso.tools.win32_11.9.1.202402080819/tools/bin/../lib/gcc/arm-none-eabi/12.3.1/../../../../arm-none-eabi/lib/thumb/v7-m/nofp\libcr_newlib_semihost.a(syscalls.o)
 .bss.monitor_stdin
                0x10000b8c        0x4 c:/nxp/mcuxpressoide_11.9.1_2170/ide/plugins/com.nxp.mcuxpresso.tools.win32_11.9.1.202402080819/tools/bin/../lib/gcc/arm-none-eabi/12.3.1/../../../../arm-none-eabi/lib/thumb/v7-m/nofp\libcr_newlib_semihost.a(syscalls.o)
 .bss.openfiles
                0x10000b90       0x28 c:/nxp/mcuxpressoide_11.9.1_2170/ide/plugins/com.nxp.mcuxpresso.tools.win32_11.9.1.202402080819/tools/bin/../lib/gcc/arm-none-eabi/12.3.1/../../../../arm-none-eabi/lib/thumb/v7-m/nofp\libcr_newlib_semihost.a(syscalls.o)
 *(COMMON)
                0x10000bb8                        . = ALIGN (0x4)
                0x10000bb8                        _ebss = .
                [!provide]                        PROVIDE (__end_bss_RAM = .)
                [!provide]                        PROVIDE (__end_bss_RamLoc32 = .)
                [!provide]                        PROVIDE (end = .)

.noinit_RAM2    0x2007c000        0x0
                [!provide]                        PROVIDE (__start_noinit_RAM2 = .)
                [!provide]                        PROVIDE (__start_noinit_RamAHB32 = .)
 *(.noinit.$RAM2)
 *(.noinit.$RamAHB32)
 *(.noinit.$RAM2.*)
 *(.noinit.$RamAHB32.*)
                0x2007c000                        . = ALIGN (0x4)
                [!provide]                        PROVIDE (__end_noinit_RAM2 = .)
                [!provide]                        PROVIDE (__end_noinit_RamAHB32 = .)

.noinit         0x10000bb8        0x0
                0x10000bb8                        _noinit = .
                [!provide]                        PROVIDE (__start_noinit_RAM = .)
                [!provide]                        PROVIDE (__start_noinit_RamLoc32 = .)
 *(.noinit*)
                0x10000bb8                        . = ALIGN (0x4)
                0x10000bb8                        _end_noinit = .
                [!provide]                        PROVIDE (__end_noinit_RAM = .)
                [!provide]                        PROVIDE (__end_noinit_RamLoc32 = .)
                0x10000bb8                        PROVIDE (_pvHeapStart = DEFINED (__user_heap_base)?__user_heap_base:.)
                0x10008000                        PROVIDE (_vStackTop = DEFINED (__user_stack_top)?__user_stack_top:(__top_RamLoc32 - 0x0))
                [!provide]                        PROVIDE (__valid_user_code_checksum = (0x0 - ((((((_vStackTop + (ResetISR + 0x1)) + (NMI_Handler + 0x1)) + (HardFault_Handler + 0x1)) + (DEFINED (MemManage_Handler)?MemManage_Handler:0x0 + 0x1)) + (DEFINED (BusFault_Handler)?BusFault_Handler:0x0 + 0x1)) + (DEFINED (UsageFault_Handler)?UsageFault_Handler:0x0 + 0x1))))
                0x00000000                        _image_start = LOADADDR (.text)
                0x0000af68                        _image_end = (LOADADDR (.data) + SIZEOF (.data))
                0x0000af68                        _image_size = (_image_end - _image_start)
OUTPUT(oled_periph.axf elf32-littlearm)
LOAD linker stubs

.debug_info     0x00000000     0x93f5
 .debug_info    0x00000000      0x1f7 ./src/cr_startup_lpc17.o
 .debug_info    0x000001f7      0x167 ./src/ledStrips.o
 .debug_info    0x0000035e      0xb58 ./src/main.o
 .debug_info    0x00000eb6      0x55b ./src/myRtc.o
 .debug_info    0x00001411      0x531 ./src/myTimer.o
 .debug_info    0x00001942      0x2ce ./src/screenManagment.o
 .debug_info    0x00001c10      0x60f ./src/spi_i2c.o
 .debug_info    0x0000221f      0x2fb C:\Users\student\Desktop\final\wbudowane-\Lib_CMSISv1p30_LPC17xx\Debug\libCMSISv1p30_LPC17xx.a(system_LPC17xx.o)
 .debug_info    0x0000251a      0x11b C:\Users\student\Desktop\final\wbudowane-\Lib_EaBaseBoard\Debug\libLib_EaBaseBoard.a(joystick.o)
 .debug_info    0x00002635      0xa37 C:\Users\student\Desktop\final\wbudowane-\Lib_EaBaseBoard\Debug\libLib_EaBaseBoard.a(oled.o)
 .debug_info    0x0000306c      0x656 C:\Users\student\Desktop\final\wbudowane-\Lib_EaBaseBoard\Debug\libLib_EaBaseBoard.a(pca9532.o)
 .debug_info    0x000036c2      0x15f C:\Users\student\Desktop\final\wbudowane-\Lib_EaBaseBoard\Debug\libLib_EaBaseBoard.a(temp.o)
 .debug_info    0x00003821       0x62 C:\Users\student\Desktop\final\wbudowane-\Lib_EaBaseBoard\Debug\libLib_EaBaseBoard.a(font5x7.o)
 .debug_info    0x00003883      0xdc4 C:\Users\student\Desktop\final\wbudowane-\Lib_MCU\Debug\libLib_MCU.a(lpc17xx_gpio.o)
 .debug_info    0x00004647      0xdd9 C:\Users\student\Desktop\final\wbudowane-\Lib_MCU\Debug\libLib_MCU.a(lpc17xx_i2c.o)
 .debug_info    0x00005420      0x477 C:\Users\student\Desktop\final\wbudowane-\Lib_MCU\Debug\libLib_MCU.a(lpc17xx_pinsel.o)
 .debug_info    0x00005897      0x9f5 C:\Users\student\Desktop\final\wbudowane-\Lib_MCU\Debug\libLib_MCU.a(lpc17xx_rtc.o)
 .debug_info    0x0000628c      0x7a5 C:\Users\student\Desktop\final\wbudowane-\Lib_MCU\Debug\libLib_MCU.a(lpc17xx_ssp.o)
 .debug_info    0x00006a31      0x985 C:\Users\student\Desktop\final\wbudowane-\Lib_MCU\Debug\libLib_MCU.a(lpc17xx_timer.o)
 .debug_info    0x000073b6      0x5e0 C:\Users\student\Desktop\final\wbudowane-\Lib_MCU\Debug\libLib_MCU.a(lpc17xx_clkpwr.o)
 .debug_info    0x00007996      0x13e c:/nxp/mcuxpressoide_11.9.1_2170/ide/plugins/com.nxp.mcuxpresso.tools.win32_11.9.1.202402080819/tools/bin/../lib/gcc/arm-none-eabi/12.3.1/../../../../arm-none-eabi/lib/thumb/v7-m/nofp\libcr_newlib_semihost.a(_cr_sbrk.o)
 .debug_info    0x00007ad4       0x86 c:/nxp/mcuxpressoide_11.9.1_2170/ide/plugins/com.nxp.mcuxpresso.tools.win32_11.9.1.202402080819/tools/bin/../lib/gcc/arm-none-eabi/12.3.1/../../../../arm-none-eabi/lib/thumb/v7-m/nofp\libcr_newlib_semihost.a(_exit.o)
 .debug_info    0x00007b5a      0x162 c:/nxp/mcuxpressoide_11.9.1_2170/ide/plugins/com.nxp.mcuxpresso.tools.win32_11.9.1.202402080819/tools/bin/../lib/gcc/arm-none-eabi/12.3.1/../../../../arm-none-eabi/lib/thumb/v7-m/nofp\libcr_newlib_semihost.a(_kill.o)
 .debug_info    0x00007cbc     0x16c8 c:/nxp/mcuxpressoide_11.9.1_2170/ide/plugins/com.nxp.mcuxpresso.tools.win32_11.9.1.202402080819/tools/bin/../lib/gcc/arm-none-eabi/12.3.1/../../../../arm-none-eabi/lib/thumb/v7-m/nofp\libcr_newlib_semihost.a(syscalls.o)
 .debug_info    0x00009384       0x71 c:/nxp/mcuxpressoide_11.9.1_2170/ide/plugins/com.nxp.mcuxpresso.tools.win32_11.9.1.202402080819/tools/bin/../lib/gcc/arm-none-eabi/12.3.1/../../../../arm-none-eabi/lib/thumb/v7-m/nofp\libcr_newlib_semihost.a(_cr_check_heap.o)

.debug_abbrev   0x00000000     0x2848
 .debug_abbrev  0x00000000       0xec ./src/cr_startup_lpc17.o
 .debug_abbrev  0x000000ec       0xd9 ./src/ledStrips.o
 .debug_abbrev  0x000001c5      0x308 ./src/main.o
 .debug_abbrev  0x000004cd      0x166 ./src/myRtc.o
 .debug_abbrev  0x00000633      0x18d ./src/myTimer.o
 .debug_abbrev  0x000007c0      0x141 ./src/screenManagment.o
 .debug_abbrev  0x00000901      0x1b6 ./src/spi_i2c.o
 .debug_abbrev  0x00000ab7       0xf4 C:\Users\student\Desktop\final\wbudowane-\Lib_CMSISv1p30_LPC17xx\Debug\libCMSISv1p30_LPC17xx.a(system_LPC17xx.o)
 .debug_abbrev  0x00000bab       0xb8 C:\Users\student\Desktop\final\wbudowane-\Lib_EaBaseBoard\Debug\libLib_EaBaseBoard.a(joystick.o)
 .debug_abbrev  0x00000c63      0x26c C:\Users\student\Desktop\final\wbudowane-\Lib_EaBaseBoard\Debug\libLib_EaBaseBoard.a(oled.o)
 .debug_abbrev  0x00000ecf      0x228 C:\Users\student\Desktop\final\wbudowane-\Lib_EaBaseBoard\Debug\libLib_EaBaseBoard.a(pca9532.o)
 .debug_abbrev  0x000010f7       0xec C:\Users\student\Desktop\final\wbudowane-\Lib_EaBaseBoard\Debug\libLib_EaBaseBoard.a(temp.o)
 .debug_abbrev  0x000011e3       0x4a C:\Users\student\Desktop\final\wbudowane-\Lib_EaBaseBoard\Debug\libLib_EaBaseBoard.a(font5x7.o)
 .debug_abbrev  0x0000122d      0x239 C:\Users\student\Desktop\final\wbudowane-\Lib_MCU\Debug\libLib_MCU.a(lpc17xx_gpio.o)
 .debug_abbrev  0x00001466      0x2fb C:\Users\student\Desktop\final\wbudowane-\Lib_MCU\Debug\libLib_MCU.a(lpc17xx_i2c.o)
 .debug_abbrev  0x00001761      0x164 C:\Users\student\Desktop\final\wbudowane-\Lib_MCU\Debug\libLib_MCU.a(lpc17xx_pinsel.o)
 .debug_abbrev  0x000018c5      0x1ed C:\Users\student\Desktop\final\wbudowane-\Lib_MCU\Debug\libLib_MCU.a(lpc17xx_rtc.o)
 .debug_abbrev  0x00001ab2      0x228 C:\Users\student\Desktop\final\wbudowane-\Lib_MCU\Debug\libLib_MCU.a(lpc17xx_ssp.o)
 .debug_abbrev  0x00001cda      0x273 C:\Users\student\Desktop\final\wbudowane-\Lib_MCU\Debug\libLib_MCU.a(lpc17xx_timer.o)
 .debug_abbrev  0x00001f4d      0x1d5 C:\Users\student\Desktop\final\wbudowane-\Lib_MCU\Debug\libLib_MCU.a(lpc17xx_clkpwr.o)
 .debug_abbrev  0x00002122      0x10a c:/nxp/mcuxpressoide_11.9.1_2170/ide/plugins/com.nxp.mcuxpresso.tools.win32_11.9.1.202402080819/tools/bin/../lib/gcc/arm-none-eabi/12.3.1/../../../../arm-none-eabi/lib/thumb/v7-m/nofp\libcr_newlib_semihost.a(_cr_sbrk.o)
 .debug_abbrev  0x0000222c       0x85 c:/nxp/mcuxpressoide_11.9.1_2170/ide/plugins/com.nxp.mcuxpresso.tools.win32_11.9.1.202402080819/tools/bin/../lib/gcc/arm-none-eabi/12.3.1/../../../../arm-none-eabi/lib/thumb/v7-m/nofp\libcr_newlib_semihost.a(_exit.o)
 .debug_abbrev  0x000022b1      0x107 c:/nxp/mcuxpressoide_11.9.1_2170/ide/plugins/com.nxp.mcuxpresso.tools.win32_11.9.1.202402080819/tools/bin/../lib/gcc/arm-none-eabi/12.3.1/../../../../arm-none-eabi/lib/thumb/v7-m/nofp\libcr_newlib_semihost.a(_kill.o)
 .debug_abbrev  0x000023b8      0x425 c:/nxp/mcuxpressoide_11.9.1_2170/ide/plugins/com.nxp.mcuxpresso.tools.win32_11.9.1.202402080819/tools/bin/../lib/gcc/arm-none-eabi/12.3.1/../../../../arm-none-eabi/lib/thumb/v7-m/nofp\libcr_newlib_semihost.a(syscalls.o)
 .debug_abbrev  0x000027dd       0x6b c:/nxp/mcuxpressoide_11.9.1_2170/ide/plugins/com.nxp.mcuxpresso.tools.win32_11.9.1.202402080819/tools/bin/../lib/gcc/arm-none-eabi/12.3.1/../../../../arm-none-eabi/lib/thumb/v7-m/nofp\libcr_newlib_semihost.a(_cr_check_heap.o)

.debug_aranges  0x00000000      0x948
 .debug_aranges
                0x00000000       0x70 ./src/cr_startup_lpc17.o
 .debug_aranges
                0x00000070       0x28 ./src/ledStrips.o
 .debug_aranges
                0x00000098       0x60 ./src/main.o
 .debug_aranges
                0x000000f8       0x30 ./src/myRtc.o
 .debug_aranges
                0x00000128       0x28 ./src/myTimer.o
 .debug_aranges
                0x00000150       0x40 ./src/screenManagment.o
 .debug_aranges
                0x00000190       0x38 ./src/spi_i2c.o
 .debug_aranges
                0x000001c8       0x28 C:\Users\student\Desktop\final\wbudowane-\Lib_CMSISv1p30_LPC17xx\Debug\libCMSISv1p30_LPC17xx.a(system_LPC17xx.o)
 .debug_aranges
                0x000001f0       0x28 C:\Users\student\Desktop\final\wbudowane-\Lib_EaBaseBoard\Debug\libLib_EaBaseBoard.a(joystick.o)
 .debug_aranges
                0x00000218       0x90 C:\Users\student\Desktop\final\wbudowane-\Lib_EaBaseBoard\Debug\libLib_EaBaseBoard.a(oled.o)
 .debug_aranges
                0x000002a8       0x80 C:\Users\student\Desktop\final\wbudowane-\Lib_EaBaseBoard\Debug\libLib_EaBaseBoard.a(pca9532.o)
 .debug_aranges
                0x00000328       0x28 C:\Users\student\Desktop\final\wbudowane-\Lib_EaBaseBoard\Debug\libLib_EaBaseBoard.a(temp.o)
 .debug_aranges
                0x00000350       0x18 C:\Users\student\Desktop\final\wbudowane-\Lib_EaBaseBoard\Debug\libLib_EaBaseBoard.a(font5x7.o)
 .debug_aranges
                0x00000368       0xf8 C:\Users\student\Desktop\final\wbudowane-\Lib_MCU\Debug\libLib_MCU.a(lpc17xx_gpio.o)
 .debug_aranges
                0x00000460       0xd0 C:\Users\student\Desktop\final\wbudowane-\Lib_MCU\Debug\libLib_MCU.a(lpc17xx_i2c.o)
 .debug_aranges
                0x00000530       0x48 C:\Users\student\Desktop\final\wbudowane-\Lib_MCU\Debug\libLib_MCU.a(lpc17xx_pinsel.o)
 .debug_aranges
                0x00000578       0xb8 C:\Users\student\Desktop\final\wbudowane-\Lib_MCU\Debug\libLib_MCU.a(lpc17xx_rtc.o)
 .debug_aranges
                0x00000630       0xa8 C:\Users\student\Desktop\final\wbudowane-\Lib_MCU\Debug\libLib_MCU.a(lpc17xx_ssp.o)
 .debug_aranges
                0x000006d8       0xa8 C:\Users\student\Desktop\final\wbudowane-\Lib_MCU\Debug\libLib_MCU.a(lpc17xx_timer.o)
 .debug_aranges
                0x00000780       0x60 C:\Users\student\Desktop\final\wbudowane-\Lib_MCU\Debug\libLib_MCU.a(lpc17xx_clkpwr.o)
 .debug_aranges
                0x000007e0       0x20 c:/nxp/mcuxpressoide_11.9.1_2170/ide/plugins/com.nxp.mcuxpresso.tools.win32_11.9.1.202402080819/tools/bin/../lib/gcc/arm-none-eabi/12.3.1/../../../../arm-none-eabi/lib/thumb/v7-m/nofp\libcr_newlib_semihost.a(_cr_sbrk.o)
 .debug_aranges
                0x00000800       0x20 c:/nxp/mcuxpressoide_11.9.1_2170/ide/plugins/com.nxp.mcuxpresso.tools.win32_11.9.1.202402080819/tools/bin/../lib/gcc/arm-none-eabi/12.3.1/../../../../arm-none-eabi/lib/thumb/v7-m/nofp\libcr_newlib_semihost.a(_exit.o)
 .debug_aranges
                0x00000820       0x20 c:/nxp/mcuxpressoide_11.9.1_2170/ide/plugins/com.nxp.mcuxpresso.tools.win32_11.9.1.202402080819/tools/bin/../lib/gcc/arm-none-eabi/12.3.1/../../../../arm-none-eabi/lib/thumb/v7-m/nofp\libcr_newlib_semihost.a(_kill.o)
 .debug_aranges
                0x00000840       0xe8 c:/nxp/mcuxpressoide_11.9.1_2170/ide/plugins/com.nxp.mcuxpresso.tools.win32_11.9.1.202402080819/tools/bin/../lib/gcc/arm-none-eabi/12.3.1/../../../../arm-none-eabi/lib/thumb/v7-m/nofp\libcr_newlib_semihost.a(syscalls.o)
 .debug_aranges
                0x00000928       0x20 c:/nxp/mcuxpressoide_11.9.1_2170/ide/plugins/com.nxp.mcuxpresso.tools.win32_11.9.1.202402080819/tools/bin/../lib/gcc/arm-none-eabi/12.3.1/../../../../arm-none-eabi/lib/thumb/v7-m/nofp\libcr_newlib_semihost.a(_cr_check_heap.o)

.debug_ranges   0x00000000      0x990
 .debug_ranges  0x00000000       0x60 ./src/cr_startup_lpc17.o
 .debug_ranges  0x00000060       0x18 ./src/ledStrips.o
 .debug_ranges  0x00000078       0x50 ./src/main.o
 .debug_ranges  0x000000c8       0x20 ./src/myRtc.o
 .debug_ranges  0x000000e8       0x18 ./src/myTimer.o
 .debug_ranges  0x00000100       0x30 ./src/screenManagment.o
 .debug_ranges  0x00000130       0x28 ./src/spi_i2c.o
 .debug_ranges  0x00000158       0x18 C:\Users\student\Desktop\final\wbudowane-\Lib_CMSISv1p30_LPC17xx\Debug\libCMSISv1p30_LPC17xx.a(system_LPC17xx.o)
 .debug_ranges  0x00000170       0x18 C:\Users\student\Desktop\final\wbudowane-\Lib_EaBaseBoard\Debug\libLib_EaBaseBoard.a(joystick.o)
 .debug_ranges  0x00000188       0x80 C:\Users\student\Desktop\final\wbudowane-\Lib_EaBaseBoard\Debug\libLib_EaBaseBoard.a(oled.o)
 .debug_ranges  0x00000208       0x70 C:\Users\student\Desktop\final\wbudowane-\Lib_EaBaseBoard\Debug\libLib_EaBaseBoard.a(pca9532.o)
 .debug_ranges  0x00000278       0x18 C:\Users\student\Desktop\final\wbudowane-\Lib_EaBaseBoard\Debug\libLib_EaBaseBoard.a(temp.o)
 .debug_ranges  0x00000290       0xe8 C:\Users\student\Desktop\final\wbudowane-\Lib_MCU\Debug\libLib_MCU.a(lpc17xx_gpio.o)
 .debug_ranges  0x00000378       0xc0 C:\Users\student\Desktop\final\wbudowane-\Lib_MCU\Debug\libLib_MCU.a(lpc17xx_i2c.o)
 .debug_ranges  0x00000438       0x38 C:\Users\student\Desktop\final\wbudowane-\Lib_MCU\Debug\libLib_MCU.a(lpc17xx_pinsel.o)
 .debug_ranges  0x00000470       0xa8 C:\Users\student\Desktop\final\wbudowane-\Lib_MCU\Debug\libLib_MCU.a(lpc17xx_rtc.o)
 .debug_ranges  0x00000518       0x98 C:\Users\student\Desktop\final\wbudowane-\Lib_MCU\Debug\libLib_MCU.a(lpc17xx_ssp.o)
 .debug_ranges  0x000005b0       0x98 C:\Users\student\Desktop\final\wbudowane-\Lib_MCU\Debug\libLib_MCU.a(lpc17xx_timer.o)
 .debug_ranges  0x00000648       0x50 C:\Users\student\Desktop\final\wbudowane-\Lib_MCU\Debug\libLib_MCU.a(lpc17xx_clkpwr.o)
 .debug_ranges  0x00000698       0x10 c:/nxp/mcuxpressoide_11.9.1_2170/ide/plugins/com.nxp.mcuxpresso.tools.win32_11.9.1.202402080819/tools/bin/../lib/gcc/arm-none-eabi/12.3.1/../../../../arm-none-eabi/lib/thumb/v7-m/nofp\libcr_newlib_semihost.a(_cr_sbrk.o)
 .debug_ranges  0x000006a8       0x10 c:/nxp/mcuxpressoide_11.9.1_2170/ide/plugins/com.nxp.mcuxpresso.tools.win32_11.9.1.202402080819/tools/bin/../lib/gcc/arm-none-eabi/12.3.1/../../../../arm-none-eabi/lib/thumb/v7-m/nofp\libcr_newlib_semihost.a(_exit.o)
 .debug_ranges  0x000006b8       0x40 c:/nxp/mcuxpressoide_11.9.1_2170/ide/plugins/com.nxp.mcuxpresso.tools.win32_11.9.1.202402080819/tools/bin/../lib/gcc/arm-none-eabi/12.3.1/../../../../arm-none-eabi/lib/thumb/v7-m/nofp\libcr_newlib_semihost.a(_kill.o)
 .debug_ranges  0x000006f8      0x288 c:/nxp/mcuxpressoide_11.9.1_2170/ide/plugins/com.nxp.mcuxpresso.tools.win32_11.9.1.202402080819/tools/bin/../lib/gcc/arm-none-eabi/12.3.1/../../../../arm-none-eabi/lib/thumb/v7-m/nofp\libcr_newlib_semihost.a(syscalls.o)
 .debug_ranges  0x00000980       0x10 c:/nxp/mcuxpressoide_11.9.1_2170/ide/plugins/com.nxp.mcuxpresso.tools.win32_11.9.1.202402080819/tools/bin/../lib/gcc/arm-none-eabi/12.3.1/../../../../arm-none-eabi/lib/thumb/v7-m/nofp\libcr_newlib_semihost.a(_cr_check_heap.o)

.debug_macro    0x00000000     0x6b9b
 .debug_macro   0x00000000       0x79 ./src/cr_startup_lpc17.o
 .debug_macro   0x00000079      0xab4 ./src/cr_startup_lpc17.o
 .debug_macro   0x00000b2d       0x22 ./src/cr_startup_lpc17.o
 .debug_macro   0x00000b4f       0x8e ./src/cr_startup_lpc17.o
 .debug_macro   0x00000bdd       0x51 ./src/cr_startup_lpc17.o
 .debug_macro   0x00000c2e      0x103 ./src/cr_startup_lpc17.o
 .debug_macro   0x00000d31       0x6a ./src/cr_startup_lpc17.o
 .debug_macro   0x00000d9b      0x1df ./src/cr_startup_lpc17.o
 .debug_macro   0x00000f7a       0x76 ./src/ledStrips.o
 .debug_macro   0x00000ff0       0xb2 ./src/ledStrips.o
 .debug_macro   0x000010a2      0x203 ./src/main.o
 .debug_macro   0x000012a5       0x1c ./src/main.o
 .debug_macro   0x000012c1       0x22 ./src/main.o
 .debug_macro   0x000012e3      0x7b7 ./src/main.o
 .debug_macro   0x00001a9a      0x2c7 ./src/main.o
 .debug_macro   0x00001d61       0x64 ./src/main.o
 .debug_macro   0x00001dc5       0x40 ./src/main.o
 .debug_macro   0x00001e05       0xed ./src/main.o
 .debug_macro   0x00001ef2      0x1b0 ./src/main.o
 .debug_macro   0x000020a2      0x192 ./src/main.o
 .debug_macro   0x00002234       0x16 ./src/main.o
 .debug_macro   0x0000224a       0x28 ./src/main.o
 .debug_macro   0x00002272       0x7b ./src/main.o
 .debug_macro   0x000022ed       0x24 ./src/main.o
 .debug_macro   0x00002311       0x3c ./src/main.o
 .debug_macro   0x0000234d       0x34 ./src/main.o
 .debug_macro   0x00002381       0x16 ./src/main.o
 .debug_macro   0x00002397       0x9e ./src/main.o
 .debug_macro   0x00002435      0x369 ./src/main.o
 .debug_macro   0x0000279e      0x10b ./src/main.o
 .debug_macro   0x000028a9       0x10 ./src/main.o
 .debug_macro   0x000028b9       0x16 ./src/main.o
 .debug_macro   0x000028cf       0x43 ./src/main.o
 .debug_macro   0x00002912       0x34 ./src/main.o
 .debug_macro   0x00002946       0x10 ./src/main.o
 .debug_macro   0x00002956       0x58 ./src/main.o
 .debug_macro   0x000029ae      0x1de ./src/main.o
 .debug_macro   0x00002b8c       0x16 ./src/main.o
 .debug_macro   0x00002ba2       0x16 ./src/main.o
 .debug_macro   0x00002bb8      0x170 ./src/main.o
 .debug_macro   0x00002d28       0x22 ./src/main.o
 .debug_macro   0x00002d4a       0x10 ./src/main.o
 .debug_macro   0x00002d5a       0xa5 ./src/myRtc.o
 .debug_macro   0x00002dff      0x1aa ./src/myRtc.o
 .debug_macro   0x00002fa9       0xb4 ./src/myTimer.o
 .debug_macro   0x0000305d      0x17d ./src/screenManagment.o
 .debug_macro   0x000031da      0x7d5 ./src/screenManagment.o
 .debug_macro   0x000039af       0xbe ./src/spi_i2c.o
 .debug_macro   0x00003a6d      0x18c ./src/spi_i2c.o
 .debug_macro   0x00003bf9      0x2a6 ./src/spi_i2c.o
 .debug_macro   0x00003e9f      0x146 ./src/spi_i2c.o
 .debug_macro   0x00003fe5      0x113 C:\Users\student\Desktop\final\wbudowane-\Lib_CMSISv1p30_LPC17xx\Debug\libCMSISv1p30_LPC17xx.a(system_LPC17xx.o)
 .debug_macro   0x000040f8      0xaae C:\Users\student\Desktop\final\wbudowane-\Lib_CMSISv1p30_LPC17xx\Debug\libCMSISv1p30_LPC17xx.a(system_LPC17xx.o)
 .debug_macro   0x00004ba6       0x10 C:\Users\student\Desktop\final\wbudowane-\Lib_CMSISv1p30_LPC17xx\Debug\libCMSISv1p30_LPC17xx.a(system_LPC17xx.o)
 .debug_macro   0x00004bb6      0x12e C:\Users\student\Desktop\final\wbudowane-\Lib_CMSISv1p30_LPC17xx\Debug\libCMSISv1p30_LPC17xx.a(system_LPC17xx.o)
 .debug_macro   0x00004ce4      0x5b3 C:\Users\student\Desktop\final\wbudowane-\Lib_CMSISv1p30_LPC17xx\Debug\libCMSISv1p30_LPC17xx.a(system_LPC17xx.o)
 .debug_macro   0x00005297       0x83 C:\Users\student\Desktop\final\wbudowane-\Lib_EaBaseBoard\Debug\libLib_EaBaseBoard.a(joystick.o)
 .debug_macro   0x0000531a       0xdd C:\Users\student\Desktop\final\wbudowane-\Lib_EaBaseBoard\Debug\libLib_EaBaseBoard.a(oled.o)
 .debug_macro   0x000053f7       0x5d C:\Users\student\Desktop\final\wbudowane-\Lib_EaBaseBoard\Debug\libLib_EaBaseBoard.a(oled.o)
 .debug_macro   0x00005454       0xa1 C:\Users\student\Desktop\final\wbudowane-\Lib_EaBaseBoard\Debug\libLib_EaBaseBoard.a(pca9532.o)
 .debug_macro   0x000054f5       0xae C:\Users\student\Desktop\final\wbudowane-\Lib_EaBaseBoard\Debug\libLib_EaBaseBoard.a(temp.o)
 .debug_macro   0x000055a3       0x1a C:\Users\student\Desktop\final\wbudowane-\Lib_EaBaseBoard\Debug\libLib_EaBaseBoard.a(font5x7.o)
 .debug_macro   0x000055bd      0x696 C:\Users\student\Desktop\final\wbudowane-\Lib_EaBaseBoard\Debug\libLib_EaBaseBoard.a(font5x7.o)
 .debug_macro   0x00005c53       0x83 C:\Users\student\Desktop\final\wbudowane-\Lib_MCU\Debug\libLib_MCU.a(lpc17xx_gpio.o)
 .debug_macro   0x00005cd6       0xda C:\Users\student\Desktop\final\wbudowane-\Lib_MCU\Debug\libLib_MCU.a(lpc17xx_gpio.o)
 .debug_macro   0x00005db0       0x95 C:\Users\student\Desktop\final\wbudowane-\Lib_MCU\Debug\libLib_MCU.a(lpc17xx_i2c.o)
 .debug_macro   0x00005e45      0x2fa C:\Users\student\Desktop\final\wbudowane-\Lib_MCU\Debug\libLib_MCU.a(lpc17xx_i2c.o)
 .debug_macro   0x0000613f       0x7a C:\Users\student\Desktop\final\wbudowane-\Lib_MCU\Debug\libLib_MCU.a(lpc17xx_pinsel.o)
 .debug_macro   0x000061b9      0x140 C:\Users\student\Desktop\final\wbudowane-\Lib_MCU\Debug\libLib_MCU.a(lpc17xx_pinsel.o)
 .debug_macro   0x000062f9       0x8c C:\Users\student\Desktop\final\wbudowane-\Lib_MCU\Debug\libLib_MCU.a(lpc17xx_rtc.o)
 .debug_macro   0x00006385       0x8c C:\Users\student\Desktop\final\wbudowane-\Lib_MCU\Debug\libLib_MCU.a(lpc17xx_ssp.o)
 .debug_macro   0x00006411      0x2a0 C:\Users\student\Desktop\final\wbudowane-\Lib_MCU\Debug\libLib_MCU.a(lpc17xx_ssp.o)
 .debug_macro   0x000066b1       0x95 C:\Users\student\Desktop\final\wbudowane-\Lib_MCU\Debug\libLib_MCU.a(lpc17xx_timer.o)
 .debug_macro   0x00006746       0xe7 C:\Users\student\Desktop\final\wbudowane-\Lib_MCU\Debug\libLib_MCU.a(lpc17xx_timer.o)
 .debug_macro   0x0000682d       0x7a C:\Users\student\Desktop\final\wbudowane-\Lib_MCU\Debug\libLib_MCU.a(lpc17xx_clkpwr.o)
 .debug_macro   0x000068a7      0x2f4 C:\Users\student\Desktop\final\wbudowane-\Lib_MCU\Debug\libLib_MCU.a(lpc17xx_clkpwr.o)

.debug_line     0x00000000     0x80d3
 .debug_line    0x00000000      0x443 ./src/cr_startup_lpc17.o
 .debug_line    0x00000443      0x3c0 ./src/ledStrips.o