14:57:11 **** Clean-only build of configuration Debug for project Lib_CMSISv1p30_LPC17xx ****
make -r -j16 clean 
rm -rf ./src/core_cm3.d ./src/core_cm3.o ./src/system_LPC17xx.d ./src/system_LPC17xx.o
rm -rf libCMSISv1p30_LPC17xx.a
 
14:57:12 **** Build of configuration Debug for project Lib_CMSISv1p30_LPC17xx ****
make -r -j16 all 
Building file: ../src/core_cm3.c
Building file: ../src/system_LPC17xx.c
Invoking: MCU C Compiler
arm-none-eabi-gcc -DDEBUG -D__CODE_RED -D__REDLIB__ -I"C:\Users\student\Desktop\basic\lpc17xx_xpr_bb_140609(1)\Lib_CMSISv1p30_LPC17xx\inc" -O0 -g3 -gdwarf-4 -Wall -c -fmessage-length=0 -fno-builtin -ffunction-sections -fmerge-constants -fmacro-prefix-map="../src/"= -mcpu=cortex-m3 -mthumb -D__REDLIB__ -fstack-usage -specs=redlib.specs -MMD -MP -MF"src/core_cm3.d" -MT"src/core_cm3.o" -MT"src/core_cm3.d" -o "src/core_cm3.o" "../src/core_cm3.c"
Invoking: MCU C Compiler
arm-none-eabi-gcc -DDEBUG -D__CODE_RED -D__REDLIB__ -I"C:\Users\student\Desktop\basic\lpc17xx_xpr_bb_140609(1)\Lib_CMSISv1p30_LPC17xx\inc" -O0 -g3 -gdwarf-4 -Wall -c -fmessage-length=0 -fno-builtin -ffunction-sections -fmerge-constants -fmacro-prefix-map="../src/"= -mcpu=cortex-m3 -mthumb -D__REDLIB__ -fstack-usage -specs=redlib.specs -MMD -MP -MF"src/system_LPC17xx.d" -MT"src/system_LPC17xx.o" -MT"src/system_LPC17xx.d" -o "src/system_LPC17xx.o" "../src/system_LPC17xx.c"
Finished building: ../src/core_cm3.c
 
Finished building: ../src/system_LPC17xx.c
 
Building target: libCMSISv1p30_LPC17xx.a
Invoking: MCU Archiver
arm-none-eabi-ar -r  "libCMSISv1p30_LPC17xx.a" ./src/core_cm3.o ./src/system_LPC17xx.o   
arm-none-eabi-ar: creating libCMSISv1p30_LPC17xx.a
Finished building target: libCMSISv1p30_LPC17xx.a
 
Performing post-build steps
arm-none-eabi-size libCMSISv1p30_LPC17xx.a ; # arm-none-eabi-objdump -h -S libCMSISv1p30_LPC17xx.a >libCMSISv1p30_LPC17xx.lss
   text	   data	    bss	    dec	    hex	filename
    590	      0	      0	    590	    24e	core_cm3.o (ex libCMSISv1p30_LPC17xx.a)
   1064	      4	      0	   1068	    42c	system_LPC17xx.o (ex libCMSISv1p30_LPC17xx.a)
 
14:57:12 **** Clean-only build of configuration Debug for project Lib_MCU ****
make -r -j16 clean 
rm -rf ./src/lpc17xx_adc.d ./src/lpc17xx_adc.o ./src/lpc17xx_can.d ./src/lpc17xx_can.o ./src/lpc17xx_clkpwr.d ./src/lpc17xx_clkpwr.o ./src/lpc17xx_dac.d ./src/lpc17xx_dac.o ./src/lpc17xx_emac.d ./src/lpc17xx_emac.o ./src/lpc17xx_exti.d ./src/lpc17xx_exti.o ./src/lpc17xx_gpdma.d ./src/lpc17xx_gpdma.o ./src/lpc17xx_gpio.d ./src/lpc17xx_gpio.o ./src/lpc17xx_i2c.d ./src/lpc17xx_i2c.o ./src/lpc17xx_i2s.d ./src/lpc17xx_i2s.o ./src/lpc17xx_libcfg_default.d ./src/lpc17xx_libcfg_default.o ./src/lpc17xx_mcpwm.d ./src/lpc17xx_mcpwm.o ./src/lpc17xx_nvic.d ./src/lpc17xx_nvic.o ./src/lpc17xx_pinsel.d ./src/lpc17xx_pinsel.o ./src/lpc17xx_pwm.d ./src/lpc17xx_pwm.o ./src/lpc17xx_qei.d ./src/lpc17xx_qei.o ./src/lpc17xx_rit.d ./src/lpc17xx_rit.o ./src/lpc17xx_rtc.d ./src/lpc17xx_rtc.o ./src/lpc17xx_spi.d ./src/lpc17xx_spi.o ./src/lpc17xx_ssp.d ./src/lpc17xx_ssp.o ./src/lpc17xx_systick.d ./src/lpc17xx_systick.o ./src/lpc17xx_timer.d ./src/lpc17xx_timer.o ./src/lpc17xx_uart.d ./src/lpc17xx_uart.o ./src/lpc17xx_wdt.d ./src/lpc17xx_wdt.o
rm -rf libLib_MCU.a
 
14:57:12 **** Build of configuration Debug for project Lib_MCU ****
make -r -j16 all 
Building file: ../src/lpc17xx_adc.c
Building file: ../src/lpc17xx_can.c
Building file: ../src/lpc17xx_clkpwr.c
Invoking: MCU C Compiler
arm-none-eabi-gcc -DDEBUG -D__CODE_RED -D__REDLIB__ -I"C:\Users\student\Desktop\basic\lpc17xx_xpr_bb_140609(1)\Lib_CMSISv1p30_LPC17xx\inc" -I"C:\Users\student\Desktop\basic\lpc17xx_xpr_bb_140609(1)\Lib_MCU\inc" -O0 -g3 -gdwarf-4 -Wall -c -fmessage-length=0 -fno-builtin -ffunction-sections -fmerge-constants -fmacro-prefix-map="../src/"= -mcpu=cortex-m3 -mthumb -D__REDLIB__ -fstack-usage -specs=redlib.specs -MMD -MP -MF"src/lpc17xx_adc.d" -MT"src/lpc17xx_adc.o" -MT"src/lpc17xx_adc.d" -o "src/lpc17xx_adc.o" "../src/lpc17xx_adc.c"
Building file: ../src/lpc17xx_dac.c
Invoking: MCU C Compiler
Invoking: MCU C Compiler
arm-none-eabi-gcc -DDEBUG -D__CODE_RED -D__REDLIB__ -I"C:\Users\student\Desktop\basic\lpc17xx_xpr_bb_140609(1)\Lib_CMSISv1p30_LPC17xx\inc" -I"C:\Users\student\Desktop\basic\lpc17xx_xpr_bb_140609(1)\Lib_MCU\inc" -O0 -g3 -gdwarf-4 -Wall -c -fmessage-length=0 -fno-builtin -ffunction-sections -fmerge-constants -fmacro-prefix-map="../src/"= -mcpu=cortex-m3 -mthumb -D__REDLIB__ -fstack-usage -specs=redlib.specs -MMD -MP -MF"src/lpc17xx_can.d" -MT"src/lpc17xx_can.o" -MT"src/lpc17xx_can.d" -o "src/lpc17xx_can.o" "../src/lpc17xx_can.c"
arm-none-eabi-gcc -DDEBUG -D__CODE_RED -D__REDLIB__ -I"C:\Users\student\Desktop\basic\lpc17xx_xpr_bb_140609(1)\Lib_CMSISv1p30_LPC17xx\inc" -I"C:\Users\student\Desktop\basic\lpc17xx_xpr_bb_140609(1)\Lib_MCU\inc" -O0 -g3 -gdwarf-4 -Wall -c -fmessage-length=0 -fno-builtin -ffunction-sections -fmerge-constants -fmacro-prefix-map="../src/"= -mcpu=cortex-m3 -mthumb -D__REDLIB__ -fstack-usage -specs=redlib.specs -MMD -MP -MF"src/lpc17xx_clkpwr.d" -MT"src/lpc17xx_clkpwr.o" -MT"src/lpc17xx_clkpwr.d" -o "src/lpc17xx_clkpwr.o" "../src/lpc17xx_clkpwr.c"
Invoking: MCU C Compiler
arm-none-eabi-gcc -DDEBUG -D__CODE_RED -D__REDLIB__ -I"C:\Users\student\Desktop\basic\lpc17xx_xpr_bb_140609(1)\Lib_CMSISv1p30_LPC17xx\inc" -I"C:\Users\student\Desktop\basic\lpc17xx_xpr_bb_140609(1)\Lib_MCU\inc" -O0 -g3 -gdwarf-4 -Wall -c -fmessage-length=0 -fno-builtin -ffunction-sections -fmerge-constants -fmacro-prefix-map="../src/"= -mcpu=cortex-m3 -mthumb -D__REDLIB__ -fstack-usage -specs=redlib.specs -MMD -MP -MF"src/lpc17xx_dac.d" -MT"src/lpc17xx_dac.o" -MT"src/lpc17xx_dac.d" -o "src/lpc17xx_dac.o" "../src/lpc17xx_dac.c"
Building file: ../src/lpc17xx_emac.c
Building file: ../src/lpc17xx_exti.c
Invoking: MCU C Compiler
Building file: ../src/lpc17xx_gpdma.c
arm-none-eabi-gcc -DDEBUG -D__CODE_RED -D__REDLIB__ -I"C:\Users\student\Desktop\basic\lpc17xx_xpr_bb_140609(1)\Lib_CMSISv1p30_LPC17xx\inc" -I"C:\Users\student\Desktop\basic\lpc17xx_xpr_bb_140609(1)\Lib_MCU\inc" -O0 -g3 -gdwarf-4 -Wall -c -fmessage-length=0 -fno-builtin -ffunction-sections -fmerge-constants -fmacro-prefix-map="../src/"= -mcpu=cortex-m3 -mthumb -D__REDLIB__ -fstack-usage -specs=redlib.specs -MMD -MP -MF"src/lpc17xx_emac.d" -MT"src/lpc17xx_emac.o" -MT"src/lpc17xx_emac.d" -o "src/lpc17xx_emac.o" "../src/lpc17xx_emac.c"
Invoking: MCU C Compiler
Building file: ../src/lpc17xx_gpio.c
arm-none-eabi-gcc -DDEBUG -D__CODE_RED -D__REDLIB__ -I"C:\Users\student\Desktop\basic\lpc17xx_xpr_bb_140609(1)\Lib_CMSISv1p30_LPC17xx\inc" -I"C:\Users\student\Desktop\basic\lpc17xx_xpr_bb_140609(1)\Lib_MCU\inc" -O0 -g3 -gdwarf-4 -Wall -c -fmessage-length=0 -fno-builtin -ffunction-sections -fmerge-constants -fmacro-prefix-map="../src/"= -mcpu=cortex-m3 -mthumb -D__REDLIB__ -fstack-usage -specs=redlib.specs -MMD -MP -MF"src/lpc17xx_exti.d" -MT"src/lpc17xx_exti.o" -MT"src/lpc17xx_exti.d" -o "src/lpc17xx_exti.o" "../src/lpc17xx_exti.c"
Invoking: MCU C Compiler
arm-none-eabi-gcc -DDEBUG -D__CODE_RED -D__REDLIB__ -I"C:\Users\student\Desktop\basic\lpc17xx_xpr_bb_140609(1)\Lib_CMSISv1p30_LPC17xx\inc" -I"C:\Users\student\Desktop\basic\lpc17xx_xpr_bb_140609(1)\Lib_MCU\inc" -O0 -g3 -gdwarf-4 -Wall -c -fmessage-length=0 -fno-builtin -ffunction-sections -fmerge-constants -fmacro-prefix-map="../src/"= -mcpu=cortex-m3 -mthumb -D__REDLIB__ -fstack-usage -specs=redlib.specs -MMD -MP -MF"src/lpc17xx_gpdma.d" -MT"src/lpc17xx_gpdma.o" -MT"src/lpc17xx_gpdma.d" -o "src/lpc17xx_gpdma.o" "../src/lpc17xx_gpdma.c"
Building file: ../src/lpc17xx_i2c.c
Invoking: MCU C Compiler
arm-none-eabi-gcc -DDEBUG -D__CODE_RED -D__REDLIB__ -I"C:\Users\student\Desktop\basic\lpc17xx_xpr_bb_140609(1)\Lib_CMSISv1p30_LPC17xx\inc" -I"C:\Users\student\Desktop\basic\lpc17xx_xpr_bb_140609(1)\Lib_MCU\inc" -O0 -g3 -gdwarf-4 -Wall -c -fmessage-length=0 -fno-builtin -ffunction-sections -fmerge-constants -fmacro-prefix-map="../src/"= -mcpu=cortex-m3 -mthumb -D__REDLIB__ -fstack-usage -specs=redlib.specs -MMD -MP -MF"src/lpc17xx_gpio.d" -MT"src/lpc17xx_gpio.o" -MT"src/lpc17xx_gpio.d" -o "src/lpc17xx_gpio.o" "../src/lpc17xx_gpio.c"
Building file: ../src/lpc17xx_i2s.c
Building file: ../src/lpc17xx_libcfg_default.c
Invoking: MCU C Compiler
arm-none-eabi-gcc -DDEBUG -D__CODE_RED -D__REDLIB__ -I"C:\Users\student\Desktop\basic\lpc17xx_xpr_bb_140609(1)\Lib_CMSISv1p30_LPC17xx\inc" -I"C:\Users\student\Desktop\basic\lpc17xx_xpr_bb_140609(1)\Lib_MCU\inc" -O0 -g3 -gdwarf-4 -Wall -c -fmessage-length=0 -fno-builtin -ffunction-sections -fmerge-constants -fmacro-prefix-map="../src/"= -mcpu=cortex-m3 -mthumb -D__REDLIB__ -fstack-usage -specs=redlib.specs -MMD -MP -MF"src/lpc17xx_i2c.d" -MT"src/lpc17xx_i2c.o" -MT"src/lpc17xx_i2c.d" -o "src/lpc17xx_i2c.o" "../src/lpc17xx_i2c.c"
../src/lpc17xx_can.c: In function 'CAN_Init':
Invoking: MCU C Compiler
../src/lpc17xx_can.c:144:18: warning: variable 'temp' set but not used [-Wunused-but-set-variable]
  144 |         uint32_t temp;
      |                  ^~~~
Invoking: MCU C Compiler
../src/lpc17xx_can.c: In function 'CAN_LoadFullCANEntry':
../src/lpc17xx_can.c:712:18: warning: variable 'abc' set but not used [-Wunused-but-set-variable]
  712 |         uint32_t abc;
      |                  ^~~
Building file: ../src/lpc17xx_mcpwm.c
arm-none-eabi-gcc -DDEBUG -D__CODE_RED -D__REDLIB__ -I"C:\Users\student\Desktop\basic\lpc17xx_xpr_bb_140609(1)\Lib_CMSISv1p30_LPC17xx\inc" -I"C:\Users\student\Desktop\basic\lpc17xx_xpr_bb_140609(1)\Lib_MCU\inc" -O0 -g3 -gdwarf-4 -Wall -c -fmessage-length=0 -fno-builtin -ffunction-sections -fmerge-constants -fmacro-prefix-map="../src/"= -mcpu=cortex-m3 -mthumb -D__REDLIB__ -fstack-usage -specs=redlib.specs -MMD -MP -MF"src/lpc17xx_libcfg_default.d" -MT"src/lpc17xx_libcfg_default.o" -MT"src/lpc17xx_libcfg_default.d" -o "src/lpc17xx_libcfg_default.o" "../src/lpc17xx_libcfg_default.c"
Building file: ../src/lpc17xx_nvic.c
Building file: ../src/lpc17xx_pinsel.c
Building file: ../src/lpc17xx_pwm.c
Invoking: MCU C Compiler
Invoking: MCU C Compiler
arm-none-eabi-gcc -DDEBUG -D__CODE_RED -D__REDLIB__ -I"C:\Users\student\Desktop\basic\lpc17xx_xpr_bb_140609(1)\Lib_CMSISv1p30_LPC17xx\inc" -I"C:\Users\student\Desktop\basic\lpc17xx_xpr_bb_140609(1)\Lib_MCU\inc" -O0 -g3 -gdwarf-4 -Wall -c -fmessage-length=0 -fno-builtin -ffunction-sections -fmerge-constants -fmacro-prefix-map="../src/"= -mcpu=cortex-m3 -mthumb -D__REDLIB__ -fstack-usage -specs=redlib.specs -MMD -MP -MF"src/lpc17xx_i2s.d" -MT"src/lpc17xx_i2s.o" -MT"src/lpc17xx_i2s.d" -o "src/lpc17xx_i2s.o" "../src/lpc17xx_i2s.c"
arm-none-eabi-gcc -DDEBUG -D__CODE_RED -D__REDLIB__ -I"C:\Users\student\Desktop\basic\lpc17xx_xpr_bb_140609(1)\Lib_CMSISv1p30_LPC17xx\inc" -I"C:\Users\student\Desktop\basic\lpc17xx_xpr_bb_140609(1)\Lib_MCU\inc" -O0 -g3 -gdwarf-4 -Wall -c -fmessage-length=0 -fno-builtin -ffunction-sections -fmerge-constants -fmacro-prefix-map="../src/"= -mcpu=cortex-m3 -mthumb -D__REDLIB__ -fstack-usage -specs=redlib.specs -MMD -MP -MF"src/lpc17xx_mcpwm.d" -MT"src/lpc17xx_mcpwm.o" -MT"src/lpc17xx_mcpwm.d" -o "src/lpc17xx_mcpwm.o" "../src/lpc17xx_mcpwm.c"
arm-none-eabi-gcc -DDEBUG -D__CODE_RED -D__REDLIB__ -I"C:\Users\student\Desktop\basic\lpc17xx_xpr_bb_140609(1)\Lib_CMSISv1p30_LPC17xx\inc" -I"C:\Users\student\Desktop\basic\lpc17xx_xpr_bb_140609(1)\Lib_MCU\inc" -O0 -g3 -gdwarf-4 -Wall -c -fmessage-length=0 -fno-builtin -ffunction-sections -fmerge-constants -fmacro-prefix-map="../src/"= -mcpu=cortex-m3 -mthumb -D__REDLIB__ -fstack-usage -specs=redlib.specs -MMD -MP -MF"src/lpc17xx_nvic.d" -MT"src/lpc17xx_nvic.o" -MT"src/lpc17xx_nvic.d" -o "src/lpc17xx_nvic.o" "../src/lpc17xx_nvic.c"
Building file: ../src/lpc17xx_qei.c
Invoking: MCU C Compiler
arm-none-eabi-gcc -DDEBUG -D__CODE_RED -D__REDLIB__ -I"C:\Users\student\Desktop\basic\lpc17xx_xpr_bb_140609(1)\Lib_CMSISv1p30_LPC17xx\inc" -I"C:\Users\student\Desktop\basic\lpc17xx_xpr_bb_140609(1)\Lib_MCU\inc" -O0 -g3 -gdwarf-4 -Wall -c -fmessage-length=0 -fno-builtin -ffunction-sections -fmerge-constants -fmacro-prefix-map="../src/"= -mcpu=cortex-m3 -mthumb -D__REDLIB__ -fstack-usage -specs=redlib.specs -MMD -MP -MF"src/lpc17xx_pinsel.d" -MT"src/lpc17xx_pinsel.o" -MT"src/lpc17xx_pinsel.d" -o "src/lpc17xx_pinsel.o" "../src/lpc17xx_pinsel.c"
Invoking: MCU C Compiler
Invoking: MCU C Compiler
arm-none-eabi-gcc -DDEBUG -D__CODE_RED -D__REDLIB__ -I"C:\Users\student\Desktop\basic\lpc17xx_xpr_bb_140609(1)\Lib_CMSISv1p30_LPC17xx\inc" -I"C:\Users\student\Desktop\basic\lpc17xx_xpr_bb_140609(1)\Lib_MCU\inc" -O0 -g3 -gdwarf-4 -Wall -c -fmessage-length=0 -fno-builtin -ffunction-sections -fmerge-constants -fmacro-prefix-map="../src/"= -mcpu=cortex-m3 -mthumb -D__REDLIB__ -fstack-usage -specs=redlib.specs -MMD -MP -MF"src/lpc17xx_qei.d" -MT"src/lpc17xx_qei.o" -MT"src/lpc17xx_qei.d" -o "src/lpc17xx_qei.o" "../src/lpc17xx_qei.c"
arm-none-eabi-gcc -DDEBUG -D__CODE_RED -D__REDLIB__ -I"C:\Users\student\Desktop\basic\lpc17xx_xpr_bb_140609(1)\Lib_CMSISv1p30_LPC17xx\inc" -I"C:\Users\student\Desktop\basic\lpc17xx_xpr_bb_140609(1)\Lib_MCU\inc" -O0 -g3 -gdwarf-4 -Wall -c -fmessage-length=0 -fno-builtin -ffunction-sections -fmerge-constants -fmacro-prefix-map="../src/"= -mcpu=cortex-m3 -mthumb -D__REDLIB__ -fstack-usage -specs=redlib.specs -MMD -MP -MF"src/lpc17xx_pwm.d" -MT"src/lpc17xx_pwm.o" -MT"src/lpc17xx_pwm.d" -o "src/lpc17xx_pwm.o" "../src/lpc17xx_pwm.c"
Finished building: ../src/lpc17xx_dac.c
 
Finished building: ../src/lpc17xx_clkpwr.c
Building file: ../src/lpc17xx_rit.c
Finished building: ../src/lpc17xx_adc.c
 
 
Building file: ../src/lpc17xx_spi.c
Building file: ../src/lpc17xx_rtc.c
Invoking: MCU C Compiler
Invoking: MCU C Compiler
arm-none-eabi-gcc -DDEBUG -D__CODE_RED -D__REDLIB__ -I"C:\Users\student\Desktop\basic\lpc17xx_xpr_bb_140609(1)\Lib_CMSISv1p30_LPC17xx\inc" -I"C:\Users\student\Desktop\basic\lpc17xx_xpr_bb_140609(1)\Lib_MCU\inc" -O0 -g3 -gdwarf-4 -Wall -c -fmessage-length=0 -fno-builtin -ffunction-sections -fmerge-constants -fmacro-prefix-map="../src/"= -mcpu=cortex-m3 -mthumb -D__REDLIB__ -fstack-usage -specs=redlib.specs -MMD -MP -MF"src/lpc17xx_spi.d" -MT"src/lpc17xx_spi.o" -MT"src/lpc17xx_spi.d" -o "src/lpc17xx_spi.o" "../src/lpc17xx_spi.c"
Finished building: ../src/lpc17xx_mcpwm.c
arm-none-eabi-gcc -DDEBUG -D__CODE_RED -D__REDLIB__ -I"C:\Users\student\Desktop\basic\lpc17xx_xpr_bb_140609(1)\Lib_CMSISv1p30_LPC17xx\inc" -I"C:\Users\student\Desktop\basic\lpc17xx_xpr_bb_140609(1)\Lib_MCU\inc" -O0 -g3 -gdwarf-4 -Wall -c -fmessage-length=0 -fno-builtin -ffunction-sections -fmerge-constants -fmacro-prefix-map="../src/"= -mcpu=cortex-m3 -mthumb -D__REDLIB__ -fstack-usage -specs=redlib.specs -MMD -MP -MF"src/lpc17xx_rit.d" -MT"src/lpc17xx_rit.o" -MT"src/lpc17xx_rit.d" -o "src/lpc17xx_rit.o" "../src/lpc17xx_rit.c"
Finished building: ../src/lpc17xx_can.c
Invoking: MCU C Compiler
Finished building: ../src/lpc17xx_gpdma.c
arm-none-eabi-gcc -DDEBUG -D__CODE_RED -D__REDLIB__ -I"C:\Users\student\Desktop\basic\lpc17xx_xpr_bb_140609(1)\Lib_CMSISv1p30_LPC17xx\inc" -I"C:\Users\student\Desktop\basic\lpc17xx_xpr_bb_140609(1)\Lib_MCU\inc" -O0 -g3 -gdwarf-4 -Wall -c -fmessage-length=0 -fno-builtin -ffunction-sections -fmerge-constants -fmacro-prefix-map="../src/"= -mcpu=cortex-m3 -mthumb -D__REDLIB__ -fstack-usage -specs=redlib.specs -MMD -MP -MF"src/lpc17xx_rtc.d" -MT"src/lpc17xx_rtc.o" -MT"src/lpc17xx_rtc.d" -o "src/lpc17xx_rtc.o" "../src/lpc17xx_rtc.c"
Finished building: ../src/lpc17xx_i2s.c
 
Finished building: ../src/lpc17xx_pwm.c
Finished building: ../src/lpc17xx_exti.c
Finished building: ../src/lpc17xx_gpio.c
Finished building: ../src/lpc17xx_i2c.c
 
 
Finished building: ../src/lpc17xx_emac.c
 
Finished building: ../src/lpc17xx_pinsel.c
 
 
 
 
 
Building file: ../src/lpc17xx_ssp.c
Finished building: ../src/lpc17xx_nvic.c
Finished building: ../src/lpc17xx_libcfg_default.c
 
Building file: ../src/lpc17xx_systick.c
Invoking: MCU C Compiler
 
arm-none-eabi-gcc -DDEBUG -D__CODE_RED -D__REDLIB__ -I"C:\Users\student\Desktop\basic\lpc17xx_xpr_bb_140609(1)\Lib_CMSISv1p30_LPC17xx\inc" -I"C:\Users\student\Desktop\basic\lpc17xx_xpr_bb_140609(1)\Lib_MCU\inc" -O0 -g3 -gdwarf-4 -Wall -c -fmessage-length=0 -fno-builtin -ffunction-sections -fmerge-constants -fmacro-prefix-map="../src/"= -mcpu=cortex-m3 -mthumb -D__REDLIB__ -fstack-usage -specs=redlib.specs -MMD -MP -MF"src/lpc17xx_ssp.d" -MT"src/lpc17xx_ssp.o" -MT"src/lpc17xx_ssp.d" -o "src/lpc17xx_ssp.o" "../src/lpc17xx_ssp.c"
Finished building: ../src/lpc17xx_qei.c
 
Invoking: MCU C Compiler
arm-none-eabi-gcc -DDEBUG -D__CODE_RED -D__REDLIB__ -I"C:\Users\student\Desktop\basic\lpc17xx_xpr_bb_140609(1)\Lib_CMSISv1p30_LPC17xx\inc" -I"C:\Users\student\Desktop\basic\lpc17xx_xpr_bb_140609(1)\Lib_MCU\inc" -O0 -g3 -gdwarf-4 -Wall -c -fmessage-length=0 -fno-builtin -ffunction-sections -fmerge-constants -fmacro-prefix-map="../src/"= -mcpu=cortex-m3 -mthumb -D__REDLIB__ -fstack-usage -specs=redlib.specs -MMD -MP -MF"src/lpc17xx_systick.d" -MT"src/lpc17xx_systick.o" -MT"src/lpc17xx_systick.d" -o "src/lpc17xx_systick.o" "../src/lpc17xx_systick.c"
 
Building file: ../src/lpc17xx_timer.c
Building file: ../src/lpc17xx_uart.c
Invoking: MCU C Compiler
Building file: ../src/lpc17xx_wdt.c
arm-none-eabi-gcc -DDEBUG -D__CODE_RED -D__REDLIB__ -I"C:\Users\student\Desktop\basic\lpc17xx_xpr_bb_140609(1)\Lib_CMSISv1p30_LPC17xx\inc" -I"C:\Users\student\Desktop\basic\lpc17xx_xpr_bb_140609(1)\Lib_MCU\inc" -O0 -g3 -gdwarf-4 -Wall -c -fmessage-length=0 -fno-builtin -ffunction-sections -fmerge-constants -fmacro-prefix-map="../src/"= -mcpu=cortex-m3 -mthumb -D__REDLIB__ -fstack-usage -specs=redlib.specs -MMD -MP -MF"src/lpc17xx_timer.d" -MT"src/lpc17xx_timer.o" -MT"src/lpc17xx_timer.d" -o "src/lpc17xx_timer.o" "../src/lpc17xx_timer.c"
Invoking: MCU C Compiler
arm-none-eabi-gcc -DDEBUG -D__CODE_RED -D__REDLIB__ -I"C:\Users\student\Desktop\basic\lpc17xx_xpr_bb_140609(1)\Lib_CMSISv1p30_LPC17xx\inc" -I"C:\Users\student\Desktop\basic\lpc17xx_xpr_bb_140609(1)\Lib_MCU\inc" -O0 -g3 -gdwarf-4 -Wall -c -fmessage-length=0 -fno-builtin -ffunction-sections -fmerge-constants -fmacro-prefix-map="../src/"= -mcpu=cortex-m3 -mthumb -D__REDLIB__ -fstack-usage -specs=redlib.specs -MMD -MP -MF"src/lpc17xx_uart.d" -MT"src/lpc17xx_uart.o" -MT"src/lpc17xx_uart.d" -o "src/lpc17xx_uart.o" "../src/lpc17xx_uart.c"
Invoking: MCU C Compiler
arm-none-eabi-gcc -DDEBUG -D__CODE_RED -D__REDLIB__ -I"C:\Users\student\Desktop\basic\lpc17xx_xpr_bb_140609(1)\Lib_CMSISv1p30_LPC17xx\inc" -I"C:\Users\student\Desktop\basic\lpc17xx_xpr_bb_140609(1)\Lib_MCU\inc" -O0 -g3 -gdwarf-4 -Wall -c -fmessage-length=0 -fno-builtin -ffunction-sections -fmerge-constants -fmacro-prefix-map="../src/"= -mcpu=cortex-m3 -mthumb -D__REDLIB__ -fstack-usage -specs=redlib.specs -MMD -MP -MF"src/lpc17xx_wdt.d" -MT"src/lpc17xx_wdt.o" -MT"src/lpc17xx_wdt.d" -o "src/lpc17xx_wdt.o" "../src/lpc17xx_wdt.c"
Finished building: ../src/lpc17xx_rit.c
 
Finished building: ../src/lpc17xx_spi.c
../src/lpc17xx_timer.c: In function 'Timer0_Wait':
../src/lpc17xx_timer.c:624:9: warning: this 'while' clause does not guard... [-Wmisleading-indentation]
 
  624 |         while ( !(TIM_GetIntStatus(LPC_TIM0,0)));
      |         ^~~~~
../src/lpc17xx_timer.c:625:17: note: ...this statement, but the latter is misleadingly indented as if it were guarded by the 'while'
  625 |                 TIM_ClearIntPending(LPC_TIM0,0);
      |                 ^~~~~~~~~~~~~~~~~~~
../src/lpc17xx_timer.c: In function 'Timer0_us_Wait':
../src/lpc17xx_timer.c:654:9: warning: this 'while' clause does not guard... [-Wmisleading-indentation]
  654 |         while ( !(TIM_GetIntStatus(LPC_TIM0,0)));
      |         ^~~~~
../src/lpc17xx_timer.c:655:17: note: ...this statement, but the latter is misleadingly indented as if it were guarded by the 'while'
  655 |                 TIM_ClearIntPending(LPC_TIM0,0);
      |                 ^~~~~~~~~~~~~~~~~~~
Finished building: ../src/lpc17xx_rtc.c
../src/lpc17xx_uart.c: In function 'UART_SendString':
../src/lpc17xx_uart.c:1382:38: warning: implicit declaration of function 'strlen' [-Wimplicit-function-declaration]
 1382 |         return UART_Send(UARTx, str, strlen(str), BLOCKING);
      |                                      ^~~~~~
../src/lpc17xx_uart.c:44:1: note: 'strlen' is defined in header '<string.h>'; did you forget to '#include <string.h>'?
   43 | #include "lpc17xx_libcfg_default.h"
  +++ |+#include <string.h>
   44 | #endif /* __BUILD_WITH_EXAMPLE__ */
Finished building: ../src/lpc17xx_systick.c
 
 
Finished building: ../src/lpc17xx_ssp.c
Finished building: ../src/lpc17xx_wdt.c
 
 
Finished building: ../src/lpc17xx_timer.c
 
Finished building: ../src/lpc17xx_uart.c
 
Building target: libLib_MCU.a
Invoking: MCU Archiver
arm-none-eabi-ar -r  "libLib_MCU.a" ./src/lpc17xx_adc.o ./src/lpc17xx_can.o ./src/lpc17xx_clkpwr.o ./src/lpc17xx_dac.o ./src/lpc17xx_emac.o ./src/lpc17xx_exti.o ./src/lpc17xx_gpdma.o ./src/lpc17xx_gpio.o ./src/lpc17xx_i2c.o ./src/lpc17xx_i2s.o ./src/lpc17xx_libcfg_default.o ./src/lpc17xx_mcpwm.o ./src/lpc17xx_nvic.o ./src/lpc17xx_pinsel.o ./src/lpc17xx_pwm.o ./src/lpc17xx_qei.o ./src/lpc17xx_rit.o ./src/lpc17xx_rtc.o ./src/lpc17xx_spi.o ./src/lpc17xx_ssp.o ./src/lpc17xx_systick.o ./src/lpc17xx_timer.o ./src/lpc17xx_uart.o ./src/lpc17xx_wdt.o   
arm-none-eabi-ar: creating libLib_MCU.a
Finished building target: libLib_MCU.a
 
Performing post-build steps
arm-none-eabi-size libLib_MCU.a ; # arm-none-eabi-objdump -h -S libLib_MCU.a >libLib_MCU.lss
   text	   data	    bss	    dec	    hex	filename
   1250	      0	      0	   1250	    4e2	lpc17xx_adc.o (ex libLib_MCU.a)
  11102	      0	     12	  11114	   2b6a	lpc17xx_can.o (ex libLib_MCU.a)
    550	      0	      0	    550	    226	lpc17xx_clkpwr.o (ex libLib_MCU.a)
    374	      0	      0	    374	    176	lpc17xx_dac.o (ex libLib_MCU.a)
   2655	      0	  10852	  13507	   34c3	lpc17xx_emac.o (ex libLib_MCU.a)
    352	      0	      0	    352	    160	lpc17xx_exti.o (ex libLib_MCU.a)
   1552	     32	      0	   1584	    630	lpc17xx_gpdma.o (ex libLib_MCU.a)
   2114	      0	      0	   2114	    842	lpc17xx_gpio.o (ex libLib_MCU.a)
   5000	      0	     52	   5052	   13bc	lpc17xx_i2c.o (ex libLib_MCU.a)
   2748	      0	      0	   2748	    abc	lpc17xx_i2s.o (ex libLib_MCU.a)
     14	      0	      0	     14	      e	lpc17xx_libcfg_default.o (ex libLib_MCU.a)
   1808	      0	      0	   1808	    710	lpc17xx_mcpwm.o (ex libLib_MCU.a)
    232	      0	      0	    232	     e8	lpc17xx_nvic.o (ex libLib_MCU.a)
    550	      0	      0	    550	    226	lpc17xx_pinsel.o (ex libLib_MCU.a)
   2770	      0	      0	   2770	    ad2	lpc17xx_pwm.o (ex libLib_MCU.a)
   2212	      0	      0	   2212	    8a4	lpc17xx_qei.o (ex libLib_MCU.a)
    550	      0	      0	    550	    226	lpc17xx_rit.o (ex libLib_MCU.a)
   3898	      0	      0	   3898	    f3a	lpc17xx_rtc.o (ex libLib_MCU.a)
   1352	      0	      0	   1352	    548	lpc17xx_spi.o (ex libLib_MCU.a)
   2596	      0	      0	   2596	    a24	lpc17xx_ssp.o (ex libLib_MCU.a)
    494	      0	      0	    494	    1ee	lpc17xx_systick.o (ex libLib_MCU.a)
   2794	      0	      0	   2794	    aea	lpc17xx_timer.o (ex libLib_MCU.a)
   5553	      0	      0	   5553	   15b1	lpc17xx_uart.o (ex libLib_MCU.a)
    732	      0	      0	    732	    2dc	lpc17xx_wdt.o (ex libLib_MCU.a)
 
14:57:14 **** Clean-only build of configuration Debug for project Lib_EaBaseBoard ****
make -r -j16 clean 
rm -rf ./src/acc.d ./src/acc.o ./src/eeprom.d ./src/eeprom.o ./src/flash.d ./src/flash.o ./src/font5x7.d ./src/font5x7.o ./src/joystick.d ./src/joystick.o ./src/led7seg.d ./src/led7seg.o ./src/light.d ./src/light.o ./src/oled.d ./src/oled.o ./src/pca9532.d ./src/pca9532.o ./src/rgb.d ./src/rgb.o ./src/rotary.d ./src/rotary.o ./src/temp.d ./src/temp.o ./src/uart2.d ./src/uart2.o
rm -rf libLib_EaBaseBoard.a
 
14:57:15 **** Build of configuration Debug for project Lib_EaBaseBoard ****
make -r -j16 all 
Building file: ../src/acc.c
Building file: ../src/eeprom.c
Building file: ../src/flash.c
Building file: ../src/font5x7.c
Invoking: MCU C Compiler
Invoking: MCU C Compiler
Invoking: MCU C Compiler
arm-none-eabi-gcc -DDEBUG -D__CODE_RED -D__REDLIB__ -I"C:\Users\student\Desktop\basic\lpc17xx_xpr_bb_140609(1)\Lib_CMSISv1p30_LPC17xx\inc" -I"C:\Users\student\Desktop\basic\lpc17xx_xpr_bb_140609(1)\Lib_EaBaseBoard\inc" -I"C:\Users\student\Desktop\basic\lpc17xx_xpr_bb_140609(1)\Lib_MCU\inc" -O0 -g3 -gdwarf-4 -Wall -c -fmessage-length=0 -fno-builtin -ffunction-sections -fmerge-constants -fmacro-prefix-map="../src/"= -mcpu=cortex-m3 -mthumb -D__REDLIB__ -fstack-usage -specs=redlib.specs -MMD -MP -MF"src/acc.d" -MT"src/acc.o" -MT"src/acc.d" -o "src/acc.o" "../src/acc.c"
Invoking: MCU C Compiler
arm-none-eabi-gcc -DDEBUG -D__CODE_RED -D__REDLIB__ -I"C:\Users\student\Desktop\basic\lpc17xx_xpr_bb_140609(1)\Lib_CMSISv1p30_LPC17xx\inc" -I"C:\Users\student\Desktop\basic\lpc17xx_xpr_bb_140609(1)\Lib_EaBaseBoard\inc" -I"C:\Users\student\Desktop\basic\lpc17xx_xpr_bb_140609(1)\Lib_MCU\inc" -O0 -g3 -gdwarf-4 -Wall -c -fmessage-length=0 -fno-builtin -ffunction-sections -fmerge-constants -fmacro-prefix-map="../src/"= -mcpu=cortex-m3 -mthumb -D__REDLIB__ -fstack-usage -specs=redlib.specs -MMD -MP -MF"src/eeprom.d" -MT"src/eeprom.o" -MT"src/eeprom.d" -o "src/eeprom.o" "../src/eeprom.c"
Building file: ../src/joystick.c
arm-none-eabi-gcc -DDEBUG -D__CODE_RED -D__REDLIB__ -I"C:\Users\student\Desktop\basic\lpc17xx_xpr_bb_140609(1)\Lib_CMSISv1p30_LPC17xx\inc" -I"C:\Users\student\Desktop\basic\lpc17xx_xpr_bb_140609(1)\Lib_EaBaseBoard\inc" -I"C:\Users\student\Desktop\basic\lpc17xx_xpr_bb_140609(1)\Lib_MCU\inc" -O0 -g3 -gdwarf-4 -Wall -c -fmessage-length=0 -fno-builtin -ffunction-sections -fmerge-constants -fmacro-prefix-map="../src/"= -mcpu=cortex-m3 -mthumb -D__REDLIB__ -fstack-usage -specs=redlib.specs -MMD -MP -MF"src/flash.d" -MT"src/flash.o" -MT"src/flash.d" -o "src/flash.o" "../src/flash.c"
arm-none-eabi-gcc -DDEBUG -D__CODE_RED -D__REDLIB__ -I"C:\Users\student\Desktop\basic\lpc17xx_xpr_bb_140609(1)\Lib_CMSISv1p30_LPC17xx\inc" -I"C:\Users\student\Desktop\basic\lpc17xx_xpr_bb_140609(1)\Lib_EaBaseBoard\inc" -I"C:\Users\student\Desktop\basic\lpc17xx_xpr_bb_140609(1)\Lib_MCU\inc" -O0 -g3 -gdwarf-4 -Wall -c -fmessage-length=0 -fno-builtin -ffunction-sections -fmerge-constants -fmacro-prefix-map="../src/"= -mcpu=cortex-m3 -mthumb -D__REDLIB__ -fstack-usage -specs=redlib.specs -MMD -MP -MF"src/font5x7.d" -MT"src/font5x7.o" -MT"src/font5x7.d" -o "src/font5x7.o" "../src/font5x7.c"
Building file: ../src/led7seg.c
Building file: ../src/oled.c
Invoking: MCU C Compiler
Building file: ../src/light.c
arm-none-eabi-gcc -DDEBUG -D__CODE_RED -D__REDLIB__ -I"C:\Users\student\Desktop\basic\lpc17xx_xpr_bb_140609(1)\Lib_CMSISv1p30_LPC17xx\inc" -I"C:\Users\student\Desktop\basic\lpc17xx_xpr_bb_140609(1)\Lib_EaBaseBoard\inc" -I"C:\Users\student\Desktop\basic\lpc17xx_xpr_bb_140609(1)\Lib_MCU\inc" -O0 -g3 -gdwarf-4 -Wall -c -fmessage-length=0 -fno-builtin -ffunction-sections -fmerge-constants -fmacro-prefix-map="../src/"= -mcpu=cortex-m3 -mthumb -D__REDLIB__ -fstack-usage -specs=redlib.specs -MMD -MP -MF"src/joystick.d" -MT"src/joystick.o" -MT"src/joystick.d" -o "src/joystick.o" "../src/joystick.c"
Building file: ../src/pca9532.c
Invoking: MCU C Compiler
Invoking: MCU C Compiler
arm-none-eabi-gcc -DDEBUG -D__CODE_RED -D__REDLIB__ -I"C:\Users\student\Desktop\basic\lpc17xx_xpr_bb_140609(1)\Lib_CMSISv1p30_LPC17xx\inc" -I"C:\Users\student\Desktop\basic\lpc17xx_xpr_bb_140609(1)\Lib_EaBaseBoard\inc" -I"C:\Users\student\Desktop\basic\lpc17xx_xpr_bb_140609(1)\Lib_MCU\inc" -O0 -g3 -gdwarf-4 -Wall -c -fmessage-length=0 -fno-builtin -ffunction-sections -fmerge-constants -fmacro-prefix-map="../src/"= -mcpu=cortex-m3 -mthumb -D__REDLIB__ -fstack-usage -specs=redlib.specs -MMD -MP -MF"src/led7seg.d" -MT"src/led7seg.o" -MT"src/led7seg.d" -o "src/led7seg.o" "../src/led7seg.c"
Invoking: MCU C Compiler
arm-none-eabi-gcc -DDEBUG -D__CODE_RED -D__REDLIB__ -I"C:\Users\student\Desktop\basic\lpc17xx_xpr_bb_140609(1)\Lib_CMSISv1p30_LPC17xx\inc" -I"C:\Users\student\Desktop\basic\lpc17xx_xpr_bb_140609(1)\Lib_EaBaseBoard\inc" -I"C:\Users\student\Desktop\basic\lpc17xx_xpr_bb_140609(1)\Lib_MCU\inc" -O0 -g3 -gdwarf-4 -Wall -c -fmessage-length=0 -fno-builtin -ffunction-sections -fmerge-constants -fmacro-prefix-map="../src/"= -mcpu=cortex-m3 -mthumb -D__REDLIB__ -fstack-usage -specs=redlib.specs -MMD -MP -MF"src/light.d" -MT"src/light.o" -MT"src/light.d" -o "src/light.o" "../src/light.c"
Invoking: MCU C Compiler
Building file: ../src/rotary.c
Building file: ../src/rgb.c
arm-none-eabi-gcc -DDEBUG -D__CODE_RED -D__REDLIB__ -I"C:\Users\student\Desktop\basic\lpc17xx_xpr_bb_140609(1)\Lib_CMSISv1p30_LPC17xx\inc" -I"C:\Users\student\Desktop\basic\lpc17xx_xpr_bb_140609(1)\Lib_EaBaseBoard\inc" -I"C:\Users\student\Desktop\basic\lpc17xx_xpr_bb_140609(1)\Lib_MCU\inc" -O0 -g3 -gdwarf-4 -Wall -c -fmessage-length=0 -fno-builtin -ffunction-sections -fmerge-constants -fmacro-prefix-map="../src/"= -mcpu=cortex-m3 -mthumb -D__REDLIB__ -fstack-usage -specs=redlib.specs -MMD -MP -MF"src/oled.d" -MT"src/oled.o" -MT"src/oled.d" -o "src/oled.o" "../src/oled.c"
arm-none-eabi-gcc -DDEBUG -D__CODE_RED -D__REDLIB__ -I"C:\Users\student\Desktop\basic\lpc17xx_xpr_bb_140609(1)\Lib_CMSISv1p30_LPC17xx\inc" -I"C:\Users\student\Desktop\basic\lpc17xx_xpr_bb_140609(1)\Lib_EaBaseBoard\inc" -I"C:\Users\student\Desktop\basic\lpc17xx_xpr_bb_140609(1)\Lib_MCU\inc" -O0 -g3 -gdwarf-4 -Wall -c -fmessage-length=0 -fno-builtin -ffunction-sections -fmerge-constants -fmacro-prefix-map="../src/"= -mcpu=cortex-m3 -mthumb -D__REDLIB__ -fstack-usage -specs=redlib.specs -MMD -MP -MF"src/pca9532.d" -MT"src/pca9532.o" -MT"src/pca9532.d" -o "src/pca9532.o" "../src/pca9532.c"
Invoking: MCU C Compiler
arm-none-eabi-gcc -DDEBUG -D__CODE_RED -D__REDLIB__ -I"C:\Users\student\Desktop\basic\lpc17xx_xpr_bb_140609(1)\Lib_CMSISv1p30_LPC17xx\inc" -I"C:\Users\student\Desktop\basic\lpc17xx_xpr_bb_140609(1)\Lib_EaBaseBoard\inc" -I"C:\Users\student\Desktop\basic\lpc17xx_xpr_bb_140609(1)\Lib_MCU\inc" -O0 -g3 -gdwarf-4 -Wall -c -fmessage-length=0 -fno-builtin -ffunction-sections -fmerge-constants -fmacro-prefix-map="../src/"= -mcpu=cortex-m3 -mthumb -D__REDLIB__ -fstack-usage -specs=redlib.specs -MMD -MP -MF"src/rotary.d" -MT"src/rotary.o" -MT"src/rotary.d" -o "src/rotary.o" "../src/rotary.c"
Building file: ../src/temp.c
Building file: ../src/uart2.c
Invoking: MCU C Compiler
arm-none-eabi-gcc -DDEBUG -D__CODE_RED -D__REDLIB__ -I"C:\Users\student\Desktop\basic\lpc17xx_xpr_bb_140609(1)\Lib_CMSISv1p30_LPC17xx\inc" -I"C:\Users\student\Desktop\basic\lpc17xx_xpr_bb_140609(1)\Lib_EaBaseBoard\inc" -I"C:\Users\student\Desktop\basic\lpc17xx_xpr_bb_140609(1)\Lib_MCU\inc" -O0 -g3 -gdwarf-4 -Wall -c -fmessage-length=0 -fno-builtin -ffunction-sections -fmerge-constants -fmacro-prefix-map="../src/"= -mcpu=cortex-m3 -mthumb -D__REDLIB__ -fstack-usage -specs=redlib.specs -MMD -MP -MF"src/rgb.d" -MT"src/rgb.o" -MT"src/rgb.d" -o "src/rgb.o" "../src/rgb.c"
Invoking: MCU C Compiler
arm-none-eabi-gcc -DDEBUG -D__CODE_RED -D__REDLIB__ -I"C:\Users\student\Desktop\basic\lpc17xx_xpr_bb_140609(1)\Lib_CMSISv1p30_LPC17xx\inc" -I"C:\Users\student\Desktop\basic\lpc17xx_xpr_bb_140609(1)\Lib_EaBaseBoard\inc" -I"C:\Users\student\Desktop\basic\lpc17xx_xpr_bb_140609(1)\Lib_MCU\inc" -O0 -g3 -gdwarf-4 -Wall -c -fmessage-length=0 -fno-builtin -ffunction-sections -fmerge-constants -fmacro-prefix-map="../src/"= -mcpu=cortex-m3 -mthumb -D__REDLIB__ -fstack-usage -specs=redlib.specs -MMD -MP -MF"src/temp.d" -MT"src/temp.o" -MT"src/temp.d" -o "src/temp.o" "../src/temp.c"
Invoking: MCU C Compiler
arm-none-eabi-gcc -DDEBUG -D__CODE_RED -D__REDLIB__ -I"C:\Users\student\Desktop\basic\lpc17xx_xpr_bb_140609(1)\Lib_CMSISv1p30_LPC17xx\inc" -I"C:\Users\student\Desktop\basic\lpc17xx_xpr_bb_140609(1)\Lib_EaBaseBoard\inc" -I"C:\Users\student\Desktop\basic\lpc17xx_xpr_bb_140609(1)\Lib_MCU\inc" -O0 -g3 -gdwarf-4 -Wall -c -fmessage-length=0 -fno-builtin -ffunction-sections -fmerge-constants -fmacro-prefix-map="../src/"= -mcpu=cortex-m3 -mthumb -D__REDLIB__ -fstack-usage -specs=redlib.specs -MMD -MP -MF"src/uart2.d" -MT"src/uart2.o" -MT"src/uart2.d" -o "src/uart2.o" "../src/uart2.c"
Finished building: ../src/acc.c
 
Finished building: ../src/font5x7.c
 
Finished building: ../src/flash.c
Finished building: ../src/eeprom.c
 
Finished building: ../src/joystick.c
Finished building: ../src/led7seg.c
 
 
 
Finished building: ../src/rotary.c
Finished building: ../src/oled.c
Finished building: ../src/pca9532.c
 
 
 
Finished building: ../src/temp.c
Finished building: ../src/light.c
Finished building: ../src/uart2.c
 
Finished building: ../src/rgb.c
 
 
 
Building target: libLib_EaBaseBoard.a
Invoking: MCU Archiver
arm-none-eabi-ar -r  "libLib_EaBaseBoard.a" ./src/acc.o ./src/eeprom.o ./src/flash.o ./src/font5x7.o ./src/joystick.o ./src/led7seg.o ./src/light.o ./src/oled.o ./src/pca9532.o ./src/rgb.o ./src/rotary.o ./src/temp.o ./src/uart2.o   
arm-none-eabi-ar: creating libLib_EaBaseBoard.a
Finished building target: libLib_EaBaseBoard.a
 
Performing post-build steps
arm-none-eabi-size libLib_EaBaseBoard.a ; # arm-none-eabi-objdump -h -S libLib_EaBaseBoard.a >libLib_EaBaseBoard.lss
   text	   data	    bss	    dec	    hex	filename
    574	      0	      0	    574	    23e	acc.o (ex libLib_EaBaseBoard.a)
    590	      0	      0	    590	    24e	eeprom.o (ex libLib_EaBaseBoard.a)
   1359	     80	     12	   1451	    5ab	flash.o (ex libLib_EaBaseBoard.a)
    768	      0	      0	    768	    300	font5x7.o (ex libLib_EaBaseBoard.a)
    164	      0	      0	    164	     a4	joystick.o (ex libLib_EaBaseBoard.a)
    142	     80	      0	    222	     de	led7seg.o (ex libLib_EaBaseBoard.a)
   1170	      8	      0	   1178	    49a	light.o (ex libLib_EaBaseBoard.a)
   3020	      0	    768	   3788	    ecc	oled.o (ex libLib_EaBaseBoard.a)
   1042	      0	      6	   1048	    418	pca9532.o (ex libLib_EaBaseBoard.a)
    146	      0	      0	    146	     92	rgb.o (ex libLib_EaBaseBoard.a)
    232	      0	      0	    232	     e8	rotary.o (ex libLib_EaBaseBoard.a)
    276	      0	      4	    280	    118	temp.o (ex libLib_EaBaseBoard.a)
    840	      0	      1	    841	    349	uart2.o (ex libLib_EaBaseBoard.a)
 
14:57:16 **** Clean-only build of configuration Debug for project oled_periph ****
make -r -j16 clean 
rm -rf ./src/JoystickHandler.d ./src/JoystickHandler.o ./src/cr_startup_lpc17.d ./src/cr_startup_lpc17.o ./src/main.d ./src/main.o ./src/myRtc.d ./src/myRtc.o
rm -rf oled_periph.axf
 
14:57:17 **** Build of configuration Debug for project oled_periph ****
make -r -j16 all 
Building file: ../src/JoystickHandler.c
Building file: ../src/cr_startup_lpc17.c
Building file: ../src/main.c
Building file: ../src/myRtc.c
Invoking: MCU C Compiler
arm-none-eabi-gcc -DDEBUG -D__USE_CMSIS=CMSISv1p30_LPC17xx -D__CODE_RED -D__NEWLIB__ -I"C:\Users\student\Desktop\basic\lpc17xx_xpr_bb_140609(1)\Lib_CMSISv1p30_LPC17xx\inc" -I"C:\Users\student\Desktop\basic\lpc17xx_xpr_bb_140609(1)\Lib_EaBaseBoard\inc" -I"C:\Users\student\Desktop\basic\lpc17xx_xpr_bb_140609(1)\Lib_MCU\inc" -O0 -g3 -gdwarf-4 -Wall -c -fmessage-length=0 -fno-builtin -ffunction-sections -fmerge-constants -fmacro-prefix-map="../src/"= -mcpu=cortex-m3 -mthumb -D__NEWLIB__ -fstack-usage -MMD -MP -MF"src/JoystickHandler.d" -MT"src/JoystickHandler.o" -MT"src/JoystickHandler.d" -o "src/JoystickHandler.o" "../src/JoystickHandler.c"
Invoking: MCU C Compiler
Invoking: MCU C Compiler
arm-none-eabi-gcc -DDEBUG -D__USE_CMSIS=CMSISv1p30_LPC17xx -D__CODE_RED -D__NEWLIB__ -I"C:\Users\student\Desktop\basic\lpc17xx_xpr_bb_140609(1)\Lib_CMSISv1p30_LPC17xx\inc" -I"C:\Users\student\Desktop\basic\lpc17xx_xpr_bb_140609(1)\Lib_EaBaseBoard\inc" -I"C:\Users\student\Desktop\basic\lpc17xx_xpr_bb_140609(1)\Lib_MCU\inc" -O0 -g3 -gdwarf-4 -Wall -c -fmessage-length=0 -fno-builtin -ffunction-sections -fmerge-constants -fmacro-prefix-map="../src/"= -mcpu=cortex-m3 -mthumb -D__NEWLIB__ -fstack-usage -MMD -MP -MF"src/cr_startup_lpc17.d" -MT"src/cr_startup_lpc17.o" -MT"src/cr_startup_lpc17.d" -o "src/cr_startup_lpc17.o" "../src/cr_startup_lpc17.c"
Invoking: MCU C Compiler
arm-none-eabi-gcc -DDEBUG -D__USE_CMSIS=CMSISv1p30_LPC17xx -D__CODE_RED -D__NEWLIB__ -I"C:\Users\student\Desktop\basic\lpc17xx_xpr_bb_140609(1)\Lib_CMSISv1p30_LPC17xx\inc" -I"C:\Users\student\Desktop\basic\lpc17xx_xpr_bb_140609(1)\Lib_EaBaseBoard\inc" -I"C:\Users\student\Desktop\basic\lpc17xx_xpr_bb_140609(1)\Lib_MCU\inc" -O0 -g3 -gdwarf-4 -Wall -c -fmessage-length=0 -fno-builtin -ffunction-sections -fmerge-constants -fmacro-prefix-map="../src/"= -mcpu=cortex-m3 -mthumb -D__NEWLIB__ -fstack-usage -MMD -MP -MF"src/main.d" -MT"src/main.o" -MT"src/main.d" -o "src/main.o" "../src/main.c"
arm-none-eabi-gcc -DDEBUG -D__USE_CMSIS=CMSISv1p30_LPC17xx -D__CODE_RED -D__NEWLIB__ -I"C:\Users\student\Desktop\basic\lpc17xx_xpr_bb_140609(1)\Lib_CMSISv1p30_LPC17xx\inc" -I"C:\Users\student\Desktop\basic\lpc17xx_xpr_bb_140609(1)\Lib_EaBaseBoard\inc" -I"C:\Users\student\Desktop\basic\lpc17xx_xpr_bb_140609(1)\Lib_MCU\inc" -O0 -g3 -gdwarf-4 -Wall -c -fmessage-length=0 -fno-builtin -ffunction-sections -fmerge-constants -fmacro-prefix-map="../src/"= -mcpu=cortex-m3 -mthumb -D__NEWLIB__ -fstack-usage -MMD -MP -MF"src/myRtc.d" -MT"src/myRtc.o" -MT"src/myRtc.d" -o "src/myRtc.o" "../src/myRtc.c"
../src/JoystickHandler.c:12: warning: "JOYSTICK_UP" redefined
   12 | #define JOYSTICK_UP (1 << 23)
      | 
In file included from ../src/JoystickHandler.h:12,
                 from ../src/JoystickHandler.c:7:
C:\Users\student\Desktop\basic\lpc17xx_xpr_bb_140609(1)\Lib_EaBaseBoard\inc/joystick.h:13: note: this is the location of the previous definition
   13 | #define JOYSTICK_UP     0x02
      | 
../src/JoystickHandler.c:13: warning: "JOYSTICK_DOWN" redefined
   13 | #define JOYSTICK_DOWN (1 << 25)
      | 
C:\Users\student\Desktop\basic\lpc17xx_xpr_bb_140609(1)\Lib_EaBaseBoard\inc/joystick.h:14: note: this is the location of the previous definition
   14 | #define JOYSTICK_DOWN   0x04
      | 
../src/JoystickHandler.c:14: warning: "JOYSTICK_LEFT" redefined
   14 | #define JOYSTICK_LEFT (1 << 26)
      | 
C:\Users\student\Desktop\basic\lpc17xx_xpr_bb_140609(1)\Lib_EaBaseBoard\inc/joystick.h:15: note: this is the location of the previous definition
   15 | #define JOYSTICK_LEFT   0x08
      | 
../src/JoystickHandler.c:15: warning: "JOYSTICK_RIGHT" redefined
   15 | #define JOYSTICK_RIGHT (1 << 27)
      | 
C:\Users\student\Desktop\basic\lpc17xx_xpr_bb_140609(1)\Lib_EaBaseBoard\inc/joystick.h:16: note: this is the location of the previous definition
   16 | #define JOYSTICK_RIGHT  0x10
      | 
../src/JoystickHandler.c:16: warning: "JOYSTICK_CENTER" redefined
   16 | #define JOYSTICK_CENTER (1 << 24)
      | 
C:\Users\student\Desktop\basic\lpc17xx_xpr_bb_140609(1)\Lib_EaBaseBoard\inc/joystick.h:12: note: this is the location of the previous definition
   12 | #define JOYSTICK_CENTER 0x01
      | 
../src/JoystickHandler.c: In function 'joystick_checkAlarm':
../src/JoystickHandler.c:42:9: warning: implicit declaration of function 'rtc_get_time'; did you mean 'RTC_GetTime'? [-Wimplicit-function-declaration]
   42 |         rtc_get_time(&time);
      |         ^~~~~~~~~~~~
      |         RTC_GetTime
../src/main.c: In function 'main':
../src/main.c:131:17: warning: implicit declaration of function 'sprintf' [-Wimplicit-function-declaration]
  131 |                 sprintf(buf, "%02d.%d C", t / 10, t % 10);
      |                 ^~~~~~~
../src/main.c:27:1: note: 'sprintf' is defined in header '<stdio.h>'; did you forget to '#include <stdio.h>'?
   26 | #include "./JoystickHandler.h"
  +++ |+#include <stdio.h>
   27 | 
../src/main.c:83:17: warning: unused variable 'joy' [-Wunused-variable]
   83 |         uint8_t joy = 0;
      |                 ^~~
Finished building: ../src/cr_startup_lpc17.c
Finished building: ../src/JoystickHandler.c
Finished building: ../src/myRtc.c
 
Finished building: ../src/main.c
 
 
 
Building target: oled_periph.axf
Invoking: MCU Linker
arm-none-eabi-gcc -nostdlib -L"C:\Users\student\Desktop\basic\lpc17xx_xpr_bb_140609(1)\Lib_CMSISv1p30_LPC17xx\Debug" -L"C:\Users\student\Desktop\basic\lpc17xx_xpr_bb_140609(1)\Lib_EaBaseBoard\Debug" -L"C:\Users\student\Desktop\basic\lpc17xx_xpr_bb_140609(1)\Lib_MCU\Debug" -Xlinker --gc-sections -Xlinker -Map=oled_periph.map -mcpu=cortex-m3 -mthumb -T oled_periph_Debug.ld -o "oled_periph.axf" ./src/JoystickHandler.o ./src/cr_startup_lpc17.o ./src/main.o ./src/myRtc.o    -lCMSISv1p30_LPC17xx -lLib_EaBaseBoard -lLib_MCU
Finished building target: oled_periph.axf
 
Performing post-build steps
arm-none-eabi-size oled_periph.axf; # arm-none-eabi-objdump -h -S oled_periph.axf >oled_periph.lss
   text	   data	    bss	    dec	    hex	filename
  42432	   1720	   1288	  45440	   b180	oled_periph.axf
 
14:57:18 **** Incremental Build of configuration Debug for project oled_periph ****
make -r -j16 all 
make[1]: Nothing to be done for 'main-build'.
Performing post-build steps
arm-none-eabi-size oled_periph.axf; # arm-none-eabi-objdump -h -S oled_periph.axf >oled_periph.lss
   text	   data	    bss	    dec	    hex	filename
  42432	   1720	   1288	  45440	   b180	oled_periph.axf
 
14:58:19 **** Incremental Build of configuration Debug for project Lib_CMSISv1p30_LPC17xx ****
make -r -j16 all 
make[1]: Nothing to be done for 'main-build'.
Performing post-build steps
arm-none-eabi-size libCMSISv1p30_LPC17xx.a ; # arm-none-eabi-objdump -h -S libCMSISv1p30_LPC17xx.a >libCMSISv1p30_LPC17xx.lss
   text	   data	    bss	    dec	    hex	filename
    590	      0	      0	    590	    24e	core_cm3.o (ex libCMSISv1p30_LPC17xx.a)
   1064	      4	      0	   1068	    42c	system_LPC17xx.o (ex libCMSISv1p30_LPC17xx.a)
 
14:58:20 **** Incremental Build of configuration Debug for project Lib_MCU ****
make -r -j16 all 
make[1]: Nothing to be done for 'main-build'.
Performing post-build steps
arm-none-eabi-size libLib_MCU.a ; # arm-none-eabi-objdump -h -S libLib_MCU.a >libLib_MCU.lss
   text	   data	    bss	    dec	    hex	filename
   1250	      0	      0	   1250	    4e2	lpc17xx_adc.o (ex libLib_MCU.a)
  11102	      0	     12	  11114	   2b6a	lpc17xx_can.o (ex libLib_MCU.a)
    550	      0	      0	    550	    226	lpc17xx_clkpwr.o (ex libLib_MCU.a)
    374	      0	      0	    374	    176	lpc17xx_dac.o (ex libLib_MCU.a)
   2655	      0	  10852	  13507	   34c3	lpc17xx_emac.o (ex libLib_MCU.a)
    352	      0	      0	    352	    160	lpc17xx_exti.o (ex libLib_MCU.a)
   1552	     32	      0	   1584	    630	lpc17xx_gpdma.o (ex libLib_MCU.a)
   2114	      0	      0	   2114	    842	lpc17xx_gpio.o (ex libLib_MCU.a)
   5000	      0	     52	   5052	   13bc	lpc17xx_i2c.o (ex libLib_MCU.a)
   2748	      0	      0	   2748	    abc	lpc17xx_i2s.o (ex libLib_MCU.a)
     14	      0	      0	     14	      e	lpc17xx_libcfg_default.o (ex libLib_MCU.a)
   1808	      0	      0	   1808	    710	lpc17xx_mcpwm.o (ex libLib_MCU.a)
    232	      0	      0	    232	     e8	lpc17xx_nvic.o (ex libLib_MCU.a)
    550	      0	      0	    550	    226	lpc17xx_pinsel.o (ex libLib_MCU.a)
   2770	      0	      0	   2770	    ad2	lpc17xx_pwm.o (ex libLib_MCU.a)
   2212	      0	      0	   2212	    8a4	lpc17xx_qei.o (ex libLib_MCU.a)
    550	      0	      0	    550	    226	lpc17xx_rit.o (ex libLib_MCU.a)
   3898	      0	      0	   3898	    f3a	lpc17xx_rtc.o (ex libLib_MCU.a)
   1352	      0	      0	   1352	    548	lpc17xx_spi.o (ex libLib_MCU.a)
   2596	      0	      0	   2596	    a24	lpc17xx_ssp.o (ex libLib_MCU.a)
    494	      0	      0	    494	    1ee	lpc17xx_systick.o (ex libLib_MCU.a)
   2794	      0	      0	   2794	    aea	lpc17xx_timer.o (ex libLib_MCU.a)
   5553	      0	      0	   5553	   15b1	lpc17xx_uart.o (ex libLib_MCU.a)
    732	      0	      0	    732	    2dc	lpc17xx_wdt.o (ex libLib_MCU.a)
 
14:58:20 **** Incremental Build of configuration Debug for project Lib_EaBaseBoard ****
make -r -j16 all 
make[1]: Nothing to be done for 'main-build'.
Performing post-build steps
arm-none-eabi-size libLib_EaBaseBoard.a ; # arm-none-eabi-objdump -h -S libLib_EaBaseBoard.a >libLib_EaBaseBoard.lss
   text	   data	    bss	    dec	    hex	filename
    574	      0	      0	    574	    23e	acc.o (ex libLib_EaBaseBoard.a)
    590	      0	      0	    590	    24e	eeprom.o (ex libLib_EaBaseBoard.a)
   1359	     80	     12	   1451	    5ab	flash.o (ex libLib_EaBaseBoard.a)
    768	      0	      0	    768	    300	font5x7.o (ex libLib_EaBaseBoard.a)
    164	      0	      0	    164	     a4	joystick.o (ex libLib_EaBaseBoard.a)
    142	     80	      0	    222	     de	led7seg.o (ex libLib_EaBaseBoard.a)
   1170	      8	      0	   1178	    49a	light.o (ex libLib_EaBaseBoard.a)
   3020	      0	    768	   3788	    ecc	oled.o (ex libLib_EaBaseBoard.a)
   1042	      0	      6	   1048	    418	pca9532.o (ex libLib_EaBaseBoard.a)
    146	      0	      0	    146	     92	rgb.o (ex libLib_EaBaseBoard.a)
    232	      0	      0	    232	     e8	rotary.o (ex libLib_EaBaseBoard.a)
    276	      0	      4	    280	    118	temp.o (ex libLib_EaBaseBoard.a)
    840	      0	      1	    841	    349	uart2.o (ex libLib_EaBaseBoard.a)
 
14:58:20 **** Incremental Build of configuration Debug for project oled_periph ****
make -r -j16 all 
make[1]: Nothing to be done for 'main-build'.
Performing post-build steps
arm-none-eabi-size oled_periph.axf; # arm-none-eabi-objdump -h -S oled_periph.axf >oled_periph.lss
   text	   data	    bss	    dec	    hex	filename
  42432	   1720	   1288	  45440	   b180	oled_periph.axf
 
14:58:21 **** Incremental Build of configuration Debug for project oled_periph ****
make -r -j16 all 
make[1]: Nothing to be done for 'main-build'.
Performing post-build steps
arm-none-eabi-size oled_periph.axf; # arm-none-eabi-objdump -h -S oled_periph.axf >oled_periph.lss
   text	   data	    bss	    dec	    hex	filename
  42432	   1720	   1288	  45440	   b180	oled_periph.axf
 
15:04:53 **** Incremental Build of configuration Debug for project Lib_CMSISv1p30_LPC17xx ****
make -r -j16 all 
make[1]: Nothing to be done for 'main-build'.
Performing post-build steps
arm-none-eabi-size libCMSISv1p30_LPC17xx.a ; # arm-none-eabi-objdump -h -S libCMSISv1p30_LPC17xx.a >libCMSISv1p30_LPC17xx.lss
   text	   data	    bss	    dec	    hex	filename
    590	      0	      0	    590	    24e	core_cm3.o (ex libCMSISv1p30_LPC17xx.a)
   1064	      4	      0	   1068	    42c	system_LPC17xx.o (ex libCMSISv1p30_LPC17xx.a)
 
15:04:53 **** Incremental Build of configuration Debug for project Lib_MCU ****
make -r -j16 all 
make[1]: Nothing to be done for 'main-build'.
Performing post-build steps
arm-none-eabi-size libLib_MCU.a ; # arm-none-eabi-objdump -h -S libLib_MCU.a >libLib_MCU.lss
   text	   data	    bss	    dec	    hex	filename
   1250	      0	      0	   1250	    4e2	lpc17xx_adc.o (ex libLib_MCU.a)
  11102	      0	     12	  11114	   2b6a	lpc17xx_can.o (ex libLib_MCU.a)
    550	      0	      0	    550	    226	lpc17xx_clkpwr.o (ex libLib_MCU.a)
    374	      0	      0	    374	    176	lpc17xx_dac.o (ex libLib_MCU.a)
   2655	      0	  10852	  13507	   34c3	lpc17xx_emac.o (ex libLib_MCU.a)
    352	      0	      0	    352	    160	lpc17xx_exti.o (ex libLib_MCU.a)
   1552	     32	      0	   1584	    630	lpc17xx_gpdma.o (ex libLib_MCU.a)
   2114	      0	      0	   2114	    842	lpc17xx_gpio.o (ex libLib_MCU.a)
   5000	      0	     52	   5052	   13bc	lpc17xx_i2c.o (ex libLib_MCU.a)
   2748	      0	      0	   2748	    abc	lpc17xx_i2s.o (ex libLib_MCU.a)
     14	      0	      0	     14	      e	lpc17xx_libcfg_default.o (ex libLib_MCU.a)
   1808	      0	      0	   1808	    710	lpc17xx_mcpwm.o (ex libLib_MCU.a)
    232	      0	      0	    232	     e8	lpc17xx_nvic.o (ex libLib_MCU.a)
    550	      0	      0	    550	    226	lpc17xx_pinsel.o (ex libLib_MCU.a)
   2770	      0	      0	   2770	    ad2	lpc17xx_pwm.o (ex libLib_MCU.a)
   2212	      0	      0	   2212	    8a4	lpc17xx_qei.o (ex libLib_MCU.a)
    550	      0	      0	    550	    226	lpc17xx_rit.o (ex libLib_MCU.a)
   3898	      0	      0	   3898	    f3a	lpc17xx_rtc.o (ex libLib_MCU.a)
   1352	      0	      0	   1352	    548	lpc17xx_spi.o (ex libLib_MCU.a)
   2596	      0	      0	   2596	    a24	lpc17xx_ssp.o (ex libLib_MCU.a)
    494	      0	      0	    494	    1ee	lpc17xx_systick.o (ex libLib_MCU.a)
   2794	      0	      0	   2794	    aea	lpc17xx_timer.o (ex libLib_MCU.a)
   5553	      0	      0	   5553	   15b1	lpc17xx_uart.o (ex libLib_MCU.a)
    732	      0	      0	    732	    2dc	lpc17xx_wdt.o (ex libLib_MCU.a)
 
15:04:53 **** Incremental Build of configuration Debug for project Lib_EaBaseBoard ****
make -r -j16 all 
make[1]: Nothing to be done for 'main-build'.
Performing post-build steps
arm-none-eabi-size libLib_EaBaseBoard.a ; # arm-none-eabi-objdump -h -S libLib_EaBaseBoard.a >libLib_EaBaseBoard.lss
   text	   data	    bss	    dec	    hex	filename
    574	      0	      0	    574	    23e	acc.o (ex libLib_EaBaseBoard.a)
    590	      0	      0	    590	    24e	eeprom.o (ex libLib_EaBaseBoard.a)
   1359	     80	     12	   1451	    5ab	flash.o (ex libLib_EaBaseBoard.a)
    768	      0	      0	    768	    300	font5x7.o (ex libLib_EaBaseBoard.a)
    164	      0	      0	    164	     a4	joystick.o (ex libLib_EaBaseBoard.a)
    142	     80	      0	    222	     de	led7seg.o (ex libLib_EaBaseBoard.a)
   1170	      8	      0	   1178	    49a	light.o (ex libLib_EaBaseBoard.a)
   3020	      0	    768	   3788	    ecc	oled.o (ex libLib_EaBaseBoard.a)
   1042	      0	      6	   1048	    418	pca9532.o (ex libLib_EaBaseBoard.a)
    146	      0	      0	    146	     92	rgb.o (ex libLib_EaBaseBoard.a)
    232	      0	      0	    232	     e8	rotary.o (ex libLib_EaBaseBoard.a)
    276	      0	      4	    280	    118	temp.o (ex libLib_EaBaseBoard.a)
    840	      0	      1	    841	    349	uart2.o (ex libLib_EaBaseBoard.a)
 
15:04:54 **** Incremental Build of configuration Debug for project oled_periph ****
make -r -j16 all 
Building target: oled_periph.axf
Invoking: MCU Linker
arm-none-eabi-gcc -nostdlib -L"C:\Users\student\Desktop\basic\lpc17xx_xpr_bb_140609(1)\Lib_CMSISv1p30_LPC17xx\Debug" -L"C:\Users\student\Desktop\basic\lpc17xx_xpr_bb_140609(1)\Lib_EaBaseBoard\Debug" -L"C:\Users\student\Desktop\basic\lpc17xx_xpr_bb_140609(1)\Lib_MCU\Debug" -Xlinker --gc-sections -Xlinker -Map=oled_periph.map -mcpu=cortex-m3 -mthumb -T oled_periph_Debug.ld -o "oled_periph.axf" ./src/JoystickHandler.o ./src/cr_startup_lpc17.o ./src/main.o ./src/myRtc.o    -lCMSISv1p30_LPC17xx -lLib_EaBaseBoard -lLib_MCU
Finished building target: oled_periph.axf
 
Performing post-build steps
arm-none-eabi-size oled_periph.axf; # arm-none-eabi-objdump -h -S oled_periph.axf >oled_periph.lss
   text	   data	    bss	    dec	    hex	filename
  42432	   1720	   1288	  45440	   b180	oled_periph.axf
 
15:04:55 **** Incremental Build of configuration Debug for project oled_periph ****
make -r -j16 all 
make[1]: Nothing to be done for 'main-build'.
Performing post-build steps
arm-none-eabi-size oled_periph.axf; # arm-none-eabi-objdump -h -S oled_periph.axf >oled_periph.lss
   text	   data	    bss	    dec	    hex	filename
  42432	   1720	   1288	  45440	   b180	oled_periph.axf
 
15:05:20 **** Clean-only build of configuration Debug for project Lib_CMSISv1p30_LPC17xx ****
make -r -j16 clean 
rm -rf ./src/core_cm3.d ./src/core_cm3.o ./src/system_LPC17xx.d ./src/system_LPC17xx.o
rm -rf libCMSISv1p30_LPC17xx.a
 
15:05:20 **** Clean-only build of configuration Debug for project Lib_MCU ****
make -r -j16 clean 
rm -rf ./src/lpc17xx_adc.d ./src/lpc17xx_adc.o ./src/lpc17xx_can.d ./src/lpc17xx_can.o ./src/lpc17xx_clkpwr.d ./src/lpc17xx_clkpwr.o ./src/lpc17xx_dac.d ./src/lpc17xx_dac.o ./src/lpc17xx_emac.d ./src/lpc17xx_emac.o ./src/lpc17xx_exti.d ./src/lpc17xx_exti.o ./src/lpc17xx_gpdma.d ./src/lpc17xx_gpdma.o ./src/lpc17xx_gpio.d ./src/lpc17xx_gpio.o ./src/lpc17xx_i2c.d ./src/lpc17xx_i2c.o ./src/lpc17xx_i2s.d ./src/lpc17xx_i2s.o ./src/lpc17xx_libcfg_default.d ./src/lpc17xx_libcfg_default.o ./src/lpc17xx_mcpwm.d ./src/lpc17xx_mcpwm.o ./src/lpc17xx_nvic.d ./src/lpc17xx_nvic.o ./src/lpc17xx_pinsel.d ./src/lpc17xx_pinsel.o ./src/lpc17xx_pwm.d ./src/lpc17xx_pwm.o ./src/lpc17xx_qei.d ./src/lpc17xx_qei.o ./src/lpc17xx_rit.d ./src/lpc17xx_rit.o ./src/lpc17xx_rtc.d ./src/lpc17xx_rtc.o ./src/lpc17xx_spi.d ./src/lpc17xx_spi.o ./src/lpc17xx_ssp.d ./src/lpc17xx_ssp.o ./src/lpc17xx_systick.d ./src/lpc17xx_systick.o ./src/lpc17xx_timer.d ./src/lpc17xx_timer.o ./src/lpc17xx_uart.d ./src/lpc17xx_uart.o ./src/lpc17xx_wdt.d ./src/lpc17xx_wdt.o
rm -rf libLib_MCU.a
 
15:05:20 **** Clean-only build of configuration Debug for project Lib_EaBaseBoard ****
make -r -j16 clean 
rm -rf ./src/acc.d ./src/acc.o ./src/eeprom.d ./src/eeprom.o ./src/flash.d ./src/flash.o ./src/font5x7.d ./src/font5x7.o ./src/joystick.d ./src/joystick.o ./src/led7seg.d ./src/led7seg.o ./src/light.d ./src/light.o ./src/oled.d ./src/oled.o ./src/pca9532.d ./src/pca9532.o ./src/rgb.d ./src/rgb.o ./src/rotary.d ./src/rotary.o ./src/temp.d ./src/temp.o ./src/uart2.d ./src/uart2.o
rm -rf libLib_EaBaseBoard.a
 
15:05:21 **** Clean-only build of configuration Debug for project oled_periph ****
make -r -j16 clean 
rm -rf ./src/JoystickHandler.d ./src/JoystickHandler.o ./src/cr_startup_lpc17.d ./src/cr_startup_lpc17.o ./src/main.d ./src/main.o ./src/myRtc.d ./src/myRtc.o
rm -rf oled_periph.axf
 
15:05:26 **** Build of configuration Debug for project Lib_CMSISv1p30_LPC17xx ****
make -r -j16 all 
Building file: ../src/core_cm3.c
Building file: ../src/system_LPC17xx.c
Invoking: MCU C Compiler
Invoking: MCU C Compiler
arm-none-eabi-gcc -DDEBUG -D__CODE_RED -D__REDLIB__ -I"C:\Users\student\Desktop\basic\lpc17xx_xpr_bb_140609(1)\Lib_CMSISv1p30_LPC17xx\inc" -O0 -g3 -gdwarf-4 -Wall -c -fmessage-length=0 -fno-builtin -ffunction-sections -fmerge-constants -fmacro-prefix-map="../src/"= -mcpu=cortex-m3 -mthumb -D__REDLIB__ -fstack-usage -specs=redlib.specs -MMD -MP -MF"src/core_cm3.d" -MT"src/core_cm3.o" -MT"src/core_cm3.d" -o "src/core_cm3.o" "../src/core_cm3.c"
arm-none-eabi-gcc -DDEBUG -D__CODE_RED -D__REDLIB__ -I"C:\Users\student\Desktop\basic\lpc17xx_xpr_bb_140609(1)\Lib_CMSISv1p30_LPC17xx\inc" -O0 -g3 -gdwarf-4 -Wall -c -fmessage-length=0 -fno-builtin -ffunction-sections -fmerge-constants -fmacro-prefix-map="../src/"= -mcpu=cortex-m3 -mthumb -D__REDLIB__ -fstack-usage -specs=redlib.specs -MMD -MP -MF"src/system_LPC17xx.d" -MT"src/system_LPC17xx.o" -MT"src/system_LPC17xx.d" -o "src/system_LPC17xx.o" "../src/system_LPC17xx.c"
Finished building: ../src/core_cm3.c
Finished building: ../src/system_LPC17xx.c
 
 
Building target: libCMSISv1p30_LPC17xx.a
Invoking: MCU Archiver
arm-none-eabi-ar -r  "libCMSISv1p30_LPC17xx.a" ./src/core_cm3.o ./src/system_LPC17xx.o   
arm-none-eabi-ar: creating libCMSISv1p30_LPC17xx.a
Finished building target: libCMSISv1p30_LPC17xx.a
 
Performing post-build steps
arm-none-eabi-size libCMSISv1p30_LPC17xx.a ; # arm-none-eabi-objdump -h -S libCMSISv1p30_LPC17xx.a >libCMSISv1p30_LPC17xx.lss
   text	   data	    bss	    dec	    hex	filename
    590	      0	      0	    590	    24e	core_cm3.o (ex libCMSISv1p30_LPC17xx.a)
   1064	      4	      0	   1068	    42c	system_LPC17xx.o (ex libCMSISv1p30_LPC17xx.a)
 
15:05:26 **** Build of configuration Debug for project Lib_MCU ****
make -r -j16 all 
Building file: ../src/lpc17xx_adc.c
Building file: ../src/lpc17xx_can.c
Building file: ../src/lpc17xx_clkpwr.c
Invoking: MCU C Compiler
arm-none-eabi-gcc -DDEBUG -D__CODE_RED -D__REDLIB__ -I"C:\Users\student\Desktop\basic\lpc17xx_xpr_bb_140609(1)\Lib_CMSISv1p30_LPC17xx\inc" -I"C:\Users\student\Desktop\basic\lpc17xx_xpr_bb_140609(1)\Lib_MCU\inc" -O0 -g3 -gdwarf-4 -Wall -c -fmessage-length=0 -fno-builtin -ffunction-sections -fmerge-constants -fmacro-prefix-map="../src/"= -mcpu=cortex-m3 -mthumb -D__REDLIB__ -fstack-usage -specs=redlib.specs -MMD -MP -MF"src/lpc17xx_adc.d" -MT"src/lpc17xx_adc.o" -MT"src/lpc17xx_adc.d" -o "src/lpc17xx_adc.o" "../src/lpc17xx_adc.c"
Building file: ../src/lpc17xx_dac.c
Invoking: MCU C Compiler
Invoking: MCU C Compiler
arm-none-eabi-gcc -DDEBUG -D__CODE_RED -D__REDLIB__ -I"C:\Users\student\Desktop\basic\lpc17xx_xpr_bb_140609(1)\Lib_CMSISv1p30_LPC17xx\inc" -I"C:\Users\student\Desktop\basic\lpc17xx_xpr_bb_140609(1)\Lib_MCU\inc" -O0 -g3 -gdwarf-4 -Wall -c -fmessage-length=0 -fno-builtin -ffunction-sections -fmerge-constants -fmacro-prefix-map="../src/"= -mcpu=cortex-m3 -mthumb -D__REDLIB__ -fstack-usage -specs=redlib.specs -MMD -MP -MF"src/lpc17xx_can.d" -MT"src/lpc17xx_can.o" -MT"src/lpc17xx_can.d" -o "src/lpc17xx_can.o" "../src/lpc17xx_can.c"
arm-none-eabi-gcc -DDEBUG -D__CODE_RED -D__REDLIB__ -I"C:\Users\student\Desktop\basic\lpc17xx_xpr_bb_140609(1)\Lib_CMSISv1p30_LPC17xx\inc" -I"C:\Users\student\Desktop\basic\lpc17xx_xpr_bb_140609(1)\Lib_MCU\inc" -O0 -g3 -gdwarf-4 -Wall -c -fmessage-length=0 -fno-builtin -ffunction-sections -fmerge-constants -fmacro-prefix-map="../src/"= -mcpu=cortex-m3 -mthumb -D__REDLIB__ -fstack-usage -specs=redlib.specs -MMD -MP -MF"src/lpc17xx_clkpwr.d" -MT"src/lpc17xx_clkpwr.o" -MT"src/lpc17xx_clkpwr.d" -o "src/lpc17xx_clkpwr.o" "../src/lpc17xx_clkpwr.c"
Invoking: MCU C Compiler
arm-none-eabi-gcc -DDEBUG -D__CODE_RED -D__REDLIB__ -I"C:\Users\student\Desktop\basic\lpc17xx_xpr_bb_140609(1)\Lib_CMSISv1p30_LPC17xx\inc" -I"C:\Users\student\Desktop\basic\lpc17xx_xpr_bb_140609(1)\Lib_MCU\inc" -O0 -g3 -gdwarf-4 -Wall -c -fmessage-length=0 -fno-builtin -ffunction-sections -fmerge-constants -fmacro-prefix-map="../src/"= -mcpu=cortex-m3 -mthumb -D__REDLIB__ -fstack-usage -specs=redlib.specs -MMD -MP -MF"src/lpc17xx_dac.d" -MT"src/lpc17xx_dac.o" -MT"src/lpc17xx_dac.d" -o "src/lpc17xx_dac.o" "../src/lpc17xx_dac.c"
Building file: ../src/lpc17xx_emac.c
Building file: ../src/lpc17xx_exti.c
Building file: ../src/lpc17xx_gpdma.c
Invoking: MCU C Compiler
Building file: ../src/lpc17xx_gpio.c
arm-none-eabi-gcc -DDEBUG -D__CODE_RED -D__REDLIB__ -I"C:\Users\student\Desktop\basic\lpc17xx_xpr_bb_140609(1)\Lib_CMSISv1p30_LPC17xx\inc" -I"C:\Users\student\Desktop\basic\lpc17xx_xpr_bb_140609(1)\Lib_MCU\inc" -O0 -g3 -gdwarf-4 -Wall -c -fmessage-length=0 -fno-builtin -ffunction-sections -fmerge-constants -fmacro-prefix-map="../src/"= -mcpu=cortex-m3 -mthumb -D__REDLIB__ -fstack-usage -specs=redlib.specs -MMD -MP -MF"src/lpc17xx_emac.d" -MT"src/lpc17xx_emac.o" -MT"src/lpc17xx_emac.d" -o "src/lpc17xx_emac.o" "../src/lpc17xx_emac.c"
Invoking: MCU C Compiler
Invoking: MCU C Compiler
arm-none-eabi-gcc -DDEBUG -D__CODE_RED -D__REDLIB__ -I"C:\Users\student\Desktop\basic\lpc17xx_xpr_bb_140609(1)\Lib_CMSISv1p30_LPC17xx\inc" -I"C:\Users\student\Desktop\basic\lpc17xx_xpr_bb_140609(1)\Lib_MCU\inc" -O0 -g3 -gdwarf-4 -Wall -c -fmessage-length=0 -fno-builtin -ffunction-sections -fmerge-constants -fmacro-prefix-map="../src/"= -mcpu=cortex-m3 -mthumb -D__REDLIB__ -fstack-usage -specs=redlib.specs -MMD -MP -MF"src/lpc17xx_exti.d" -MT"src/lpc17xx_exti.o" -MT"src/lpc17xx_exti.d" -o "src/lpc17xx_exti.o" "../src/lpc17xx_exti.c"
arm-none-eabi-gcc -DDEBUG -D__CODE_RED -D__REDLIB__ -I"C:\Users\student\Desktop\basic\lpc17xx_xpr_bb_140609(1)\Lib_CMSISv1p30_LPC17xx\inc" -I"C:\Users\student\Desktop\basic\lpc17xx_xpr_bb_140609(1)\Lib_MCU\inc" -O0 -g3 -gdwarf-4 -Wall -c -fmessage-length=0 -fno-builtin -ffunction-sections -fmerge-constants -fmacro-prefix-map="../src/"= -mcpu=cortex-m3 -mthumb -D__REDLIB__ -fstack-usage -specs=redlib.specs -MMD -MP -MF"src/lpc17xx_gpdma.d" -MT"src/lpc17xx_gpdma.o" -MT"src/lpc17xx_gpdma.d" -o "src/lpc17xx_gpdma.o" "../src/lpc17xx_gpdma.c"
Invoking: MCU C Compiler
arm-none-eabi-gcc -DDEBUG -D__CODE_RED -D__REDLIB__ -I"C:\Users\student\Desktop\basic\lpc17xx_xpr_bb_140609(1)\Lib_CMSISv1p30_LPC17xx\inc" -I"C:\Users\student\Desktop\basic\lpc17xx_xpr_bb_140609(1)\Lib_MCU\inc" -O0 -g3 -gdwarf-4 -Wall -c -fmessage-length=0 -fno-builtin -ffunction-sections -fmerge-constants -fmacro-prefix-map="../src/"= -mcpu=cortex-m3 -mthumb -D__REDLIB__ -fstack-usage -specs=redlib.specs -MMD -MP -MF"src/lpc17xx_gpio.d" -MT"src/lpc17xx_gpio.o" -MT"src/lpc17xx_gpio.d" -o "src/lpc17xx_gpio.o" "../src/lpc17xx_gpio.c"
../src/lpc17xx_can.c: In function 'CAN_Init':
../src/lpc17xx_can.c:144:18: warning: variable 'temp' set but not used [-Wunused-but-set-variable]
  144 |         uint32_t temp;
      |                  ^~~~
../src/lpc17xx_can.c: In function 'CAN_LoadFullCANEntry':
../src/lpc17xx_can.c:712:18: warning: variable 'abc' set but not used [-Wunused-but-set-variable]
  712 |         uint32_t abc;
      |                  ^~~
Building file: ../src/lpc17xx_i2c.c
Building file: ../src/lpc17xx_i2s.c
Building file: ../src/lpc17xx_libcfg_default.c
Building file: ../src/lpc17xx_mcpwm.c
Invoking: MCU C Compiler
Building file: ../src/lpc17xx_nvic.c
arm-none-eabi-gcc -DDEBUG -D__CODE_RED -D__REDLIB__ -I"C:\Users\student\Desktop\basic\lpc17xx_xpr_bb_140609(1)\Lib_CMSISv1p30_LPC17xx\inc" -I"C:\Users\student\Desktop\basic\lpc17xx_xpr_bb_140609(1)\Lib_MCU\inc" -O0 -g3 -gdwarf-4 -Wall -c -fmessage-length=0 -fno-builtin -ffunction-sections -fmerge-constants -fmacro-prefix-map="../src/"= -mcpu=cortex-m3 -mthumb -D__REDLIB__ -fstack-usage -specs=redlib.specs -MMD -MP -MF"src/lpc17xx_i2c.d" -MT"src/lpc17xx_i2c.o" -MT"src/lpc17xx_i2c.d" -o "src/lpc17xx_i2c.o" "../src/lpc17xx_i2c.c"
Invoking: MCU C Compiler
Invoking: MCU C Compiler
Invoking: MCU C Compiler
arm-none-eabi-gcc -DDEBUG -D__CODE_RED -D__REDLIB__ -I"C:\Users\student\Desktop\basic\lpc17xx_xpr_bb_140609(1)\Lib_CMSISv1p30_LPC17xx\inc" -I"C:\Users\student\Desktop\basic\lpc17xx_xpr_bb_140609(1)\Lib_MCU\inc" -O0 -g3 -gdwarf-4 -Wall -c -fmessage-length=0 -fno-builtin -ffunction-sections -fmerge-constants -fmacro-prefix-map="../src/"= -mcpu=cortex-m3 -mthumb -D__REDLIB__ -fstack-usage -specs=redlib.specs -MMD -MP -MF"src/lpc17xx_i2s.d" -MT"src/lpc17xx_i2s.o" -MT"src/lpc17xx_i2s.d" -o "src/lpc17xx_i2s.o" "../src/lpc17xx_i2s.c"
arm-none-eabi-gcc -DDEBUG -D__CODE_RED -D__REDLIB__ -I"C:\Users\student\Desktop\basic\lpc17xx_xpr_bb_140609(1)\Lib_CMSISv1p30_LPC17xx\inc" -I"C:\Users\student\Desktop\basic\lpc17xx_xpr_bb_140609(1)\Lib_MCU\inc" -O0 -g3 -gdwarf-4 -Wall -c -fmessage-length=0 -fno-builtin -ffunction-sections -fmerge-constants -fmacro-prefix-map="../src/"= -mcpu=cortex-m3 -mthumb -D__REDLIB__ -fstack-usage -specs=redlib.specs -MMD -MP -MF"src/lpc17xx_libcfg_default.d" -MT"src/lpc17xx_libcfg_default.o" -MT"src/lpc17xx_libcfg_default.d" -o "src/lpc17xx_libcfg_default.o" "../src/lpc17xx_libcfg_default.c"
Invoking: MCU C Compiler
arm-none-eabi-gcc -DDEBUG -D__CODE_RED -D__REDLIB__ -I"C:\Users\student\Desktop\basic\lpc17xx_xpr_bb_140609(1)\Lib_CMSISv1p30_LPC17xx\inc" -I"C:\Users\student\Desktop\basic\lpc17xx_xpr_bb_140609(1)\Lib_MCU\inc" -O0 -g3 -gdwarf-4 -Wall -c -fmessage-length=0 -fno-builtin -ffunction-sections -fmerge-constants -fmacro-prefix-map="../src/"= -mcpu=cortex-m3 -mthumb -D__REDLIB__ -fstack-usage -specs=redlib.specs -MMD -MP -MF"src/lpc17xx_mcpwm.d" -MT"src/lpc17xx_mcpwm.o" -MT"src/lpc17xx_mcpwm.d" -o "src/lpc17xx_mcpwm.o" "../src/lpc17xx_mcpwm.c"
arm-none-eabi-gcc -DDEBUG -D__CODE_RED -D__REDLIB__ -I"C:\Users\student\Desktop\basic\lpc17xx_xpr_bb_140609(1)\Lib_CMSISv1p30_LPC17xx\inc" -I"C:\Users\student\Desktop\basic\lpc17xx_xpr_bb_140609(1)\Lib_MCU\inc" -O0 -g3 -gdwarf-4 -Wall -c -fmessage-length=0 -fno-builtin -ffunction-sections -fmerge-constants -fmacro-prefix-map="../src/"= -mcpu=cortex-m3 -mthumb -D__REDLIB__ -fstack-usage -specs=redlib.specs -MMD -MP -MF"src/lpc17xx_nvic.d" -MT"src/lpc17xx_nvic.o" -MT"src/lpc17xx_nvic.d" -o "src/lpc17xx_nvic.o" "../src/lpc17xx_nvic.c"
Building file: ../src/lpc17xx_pinsel.c
Building file: ../src/lpc17xx_pwm.c
Building file: ../src/lpc17xx_qei.c
Invoking: MCU C Compiler
arm-none-eabi-gcc -DDEBUG -D__CODE_RED -D__REDLIB__ -I"C:\Users\student\Desktop\basic\lpc17xx_xpr_bb_140609(1)\Lib_CMSISv1p30_LPC17xx\inc" -I"C:\Users\student\Desktop\basic\lpc17xx_xpr_bb_140609(1)\Lib_MCU\inc" -O0 -g3 -gdwarf-4 -Wall -c -fmessage-length=0 -fno-builtin -ffunction-sections -fmerge-constants -fmacro-prefix-map="../src/"= -mcpu=cortex-m3 -mthumb -D__REDLIB__ -fstack-usage -specs=redlib.specs -MMD -MP -MF"src/lpc17xx_pinsel.d" -MT"src/lpc17xx_pinsel.o" -MT"src/lpc17xx_pinsel.d" -o "src/lpc17xx_pinsel.o" "../src/lpc17xx_pinsel.c"
Finished building: ../src/lpc17xx_dac.c
Invoking: MCU C Compiler
Finished building: ../src/lpc17xx_clkpwr.c
arm-none-eabi-gcc -DDEBUG -D__CODE_RED -D__REDLIB__ -I"C:\Users\student\Desktop\basic\lpc17xx_xpr_bb_140609(1)\Lib_CMSISv1p30_LPC17xx\inc" -I"C:\Users\student\Desktop\basic\lpc17xx_xpr_bb_140609(1)\Lib_MCU\inc" -O0 -g3 -gdwarf-4 -Wall -c -fmessage-length=0 -fno-builtin -ffunction-sections -fmerge-constants -fmacro-prefix-map="../src/"= -mcpu=cortex-m3 -mthumb -D__REDLIB__ -fstack-usage -specs=redlib.specs -MMD -MP -MF"src/lpc17xx_qei.d" -MT"src/lpc17xx_qei.o" -MT"src/lpc17xx_qei.d" -o "src/lpc17xx_qei.o" "../src/lpc17xx_qei.c"
Invoking: MCU C Compiler
 
arm-none-eabi-gcc -DDEBUG -D__CODE_RED -D__REDLIB__ -I"C:\Users\student\Desktop\basic\lpc17xx_xpr_bb_140609(1)\Lib_CMSISv1p30_LPC17xx\inc" -I"C:\Users\student\Desktop\basic\lpc17xx_xpr_bb_140609(1)\Lib_MCU\inc" -O0 -g3 -gdwarf-4 -Wall -c -fmessage-length=0 -fno-builtin -ffunction-sections -fmerge-constants -fmacro-prefix-map="../src/"= -mcpu=cortex-m3 -mthumb -D__REDLIB__ -fstack-usage -specs=redlib.specs -MMD -MP -MF"src/lpc17xx_pwm.d" -MT"src/lpc17xx_pwm.o" -MT"src/lpc17xx_pwm.d" -o "src/lpc17xx_pwm.o" "../src/lpc17xx_pwm.c"
 
Finished building: ../src/lpc17xx_adc.c
Building file: ../src/lpc17xx_rit.c
Invoking: MCU C Compiler
Building file: ../src/lpc17xx_rtc.c
arm-none-eabi-gcc -DDEBUG -D__CODE_RED -D__REDLIB__ -I"C:\Users\student\Desktop\basic\lpc17xx_xpr_bb_140609(1)\Lib_CMSISv1p30_LPC17xx\inc" -I"C:\Users\student\Desktop\basic\lpc17xx_xpr_bb_140609(1)\Lib_MCU\inc" -O0 -g3 -gdwarf-4 -Wall -c -fmessage-length=0 -fno-builtin -ffunction-sections -fmerge-constants -fmacro-prefix-map="../src/"= -mcpu=cortex-m3 -mthumb -D__REDLIB__ -fstack-usage -specs=redlib.specs -MMD -MP -MF"src/lpc17xx_rit.d" -MT"src/lpc17xx_rit.o" -MT"src/lpc17xx_rit.d" -o "src/lpc17xx_rit.o" "../src/lpc17xx_rit.c"
 
Finished building: ../src/lpc17xx_exti.c
Finished building: ../src/lpc17xx_gpdma.c
Invoking: MCU C Compiler
arm-none-eabi-gcc -DDEBUG -D__CODE_RED -D__REDLIB__ -I"C:\Users\student\Desktop\basic\lpc17xx_xpr_bb_140609(1)\Lib_CMSISv1p30_LPC17xx\inc" -I"C:\Users\student\Desktop\basic\lpc17xx_xpr_bb_140609(1)\Lib_MCU\inc" -O0 -g3 -gdwarf-4 -Wall -c -fmessage-length=0 -fno-builtin -ffunction-sections -fmerge-constants -fmacro-prefix-map="../src/"= -mcpu=cortex-m3 -mthumb -D__REDLIB__ -fstack-usage -specs=redlib.specs -MMD -MP -MF"src/lpc17xx_rtc.d" -MT"src/lpc17xx_rtc.o" -MT"src/lpc17xx_rtc.d" -o "src/lpc17xx_rtc.o" "../src/lpc17xx_rtc.c"
Building file: ../src/lpc17xx_spi.c
 
 
Invoking: MCU C Compiler
arm-none-eabi-gcc -DDEBUG -D__CODE_RED -D__REDLIB__ -I"C:\Users\student\Desktop\basic\lpc17xx_xpr_bb_140609(1)\Lib_CMSISv1p30_LPC17xx\inc" -I"C:\Users\student\Desktop\basic\lpc17xx_xpr_bb_140609(1)\Lib_MCU\inc" -O0 -g3 -gdwarf-4 -Wall -c -fmessage-length=0 -fno-builtin -ffunction-sections -fmerge-constants -fmacro-prefix-map="../src/"= -mcpu=cortex-m3 -mthumb -D__REDLIB__ -fstack-usage -specs=redlib.specs -MMD -MP -MF"src/lpc17xx_spi.d" -MT"src/lpc17xx_spi.o" -MT"src/lpc17xx_spi.d" -o "src/lpc17xx_spi.o" "../src/lpc17xx_spi.c"
Building file: ../src/lpc17xx_ssp.c
Finished building: ../src/lpc17xx_emac.c
Finished building: ../src/lpc17xx_libcfg_default.c
Building file: ../src/lpc17xx_systick.c
Invoking: MCU C Compiler
 
Finished building: ../src/lpc17xx_mcpwm.c
Invoking: MCU C Compiler
arm-none-eabi-gcc -DDEBUG -D__CODE_RED -D__REDLIB__ -I"C:\Users\student\Desktop\basic\lpc17xx_xpr_bb_140609(1)\Lib_CMSISv1p30_LPC17xx\inc" -I"C:\Users\student\Desktop\basic\lpc17xx_xpr_bb_140609(1)\Lib_MCU\inc" -O0 -g3 -gdwarf-4 -Wall -c -fmessage-length=0 -fno-builtin -ffunction-sections -fmerge-constants -fmacro-prefix-map="../src/"= -mcpu=cortex-m3 -mthumb -D__REDLIB__ -fstack-usage -specs=redlib.specs -MMD -MP -MF"src/lpc17xx_ssp.d" -MT"src/lpc17xx_ssp.o" -MT"src/lpc17xx_ssp.d" -o "src/lpc17xx_ssp.o" "../src/lpc17xx_ssp.c"
 
 
arm-none-eabi-gcc -DDEBUG -D__CODE_RED -D__REDLIB__ -I"C:\Users\student\Desktop\basic\lpc17xx_xpr_bb_140609(1)\Lib_CMSISv1p30_LPC17xx\inc" -I"C:\Users\student\Desktop\basic\lpc17xx_xpr_bb_140609(1)\Lib_MCU\inc" -O0 -g3 -gdwarf-4 -Wall -c -fmessage-length=0 -fno-builtin -ffunction-sections -fmerge-constants -fmacro-prefix-map="../src/"= -mcpu=cortex-m3 -mthumb -D__REDLIB__ -fstack-usage -specs=redlib.specs -MMD -MP -MF"src/lpc17xx_systick.d" -MT"src/lpc17xx_systick.o" -MT"src/lpc17xx_systick.d" -o "src/lpc17xx_systick.o" "../src/lpc17xx_systick.c"
Finished building: ../src/lpc17xx_pinsel.c
Building file: ../src/lpc17xx_timer.c
Building file: ../src/lpc17xx_uart.c
Building file: ../src/lpc17xx_wdt.c
 
Finished building: ../src/lpc17xx_i2s.c
Finished building: ../src/lpc17xx_can.c
Invoking: MCU C Compiler
arm-none-eabi-gcc -DDEBUG -D__CODE_RED -D__REDLIB__ -I"C:\Users\student\Desktop\basic\lpc17xx_xpr_bb_140609(1)\Lib_CMSISv1p30_LPC17xx\inc" -I"C:\Users\student\Desktop\basic\lpc17xx_xpr_bb_140609(1)\Lib_MCU\inc" -O0 -g3 -gdwarf-4 -Wall -c -fmessage-length=0 -fno-builtin -ffunction-sections -fmerge-constants -fmacro-prefix-map="../src/"= -mcpu=cortex-m3 -mthumb -D__REDLIB__ -fstack-usage -specs=redlib.specs -MMD -MP -MF"src/lpc17xx_uart.d" -MT"src/lpc17xx_uart.o" -MT"src/lpc17xx_uart.d" -o "src/lpc17xx_uart.o" "../src/lpc17xx_uart.c"
Invoking: MCU C Compiler
 
Invoking: MCU C Compiler
Finished building: ../src/lpc17xx_gpio.c
Finished building: ../src/lpc17xx_i2c.c
Finished building: ../src/lpc17xx_nvic.c
arm-none-eabi-gcc -DDEBUG -D__CODE_RED -D__REDLIB__ -I"C:\Users\student\Desktop\basic\lpc17xx_xpr_bb_140609(1)\Lib_CMSISv1p30_LPC17xx\inc" -I"C:\Users\student\Desktop\basic\lpc17xx_xpr_bb_140609(1)\Lib_MCU\inc" -O0 -g3 -gdwarf-4 -Wall -c -fmessage-length=0 -fno-builtin -ffunction-sections -fmerge-constants -fmacro-prefix-map="../src/"= -mcpu=cortex-m3 -mthumb -D__REDLIB__ -fstack-usage -specs=redlib.specs -MMD -MP -MF"src/lpc17xx_timer.d" -MT"src/lpc17xx_timer.o" -MT"src/lpc17xx_timer.d" -o "src/lpc17xx_timer.o" "../src/lpc17xx_timer.c"
arm-none-eabi-gcc -DDEBUG -D__CODE_RED -D__REDLIB__ -I"C:\Users\student\Desktop\basic\lpc17xx_xpr_bb_140609(1)\Lib_CMSISv1p30_LPC17xx\inc" -I"C:\Users\student\Desktop\basic\lpc17xx_xpr_bb_140609(1)\Lib_MCU\inc" -O0 -g3 -gdwarf-4 -Wall -c -fmessage-length=0 -fno-builtin -ffunction-sections -fmerge-constants -fmacro-prefix-map="../src/"= -mcpu=cortex-m3 -mthumb -D__REDLIB__ -fstack-usage -specs=redlib.specs -MMD -MP -MF"src/lpc17xx_wdt.d" -MT"src/lpc17xx_wdt.o" -MT"src/lpc17xx_wdt.d" -o "src/lpc17xx_wdt.o" "../src/lpc17xx_wdt.c"
Finished building: ../src/lpc17xx_rit.c
 
 
 
 
Finished building: ../src/lpc17xx_qei.c
 
Finished building: ../src/lpc17xx_pwm.c
 
 
../src/lpc17xx_uart.c: In function 'UART_SendString':
../src/lpc17xx_uart.c:1382:38: warning: implicit declaration of function 'strlen' [-Wimplicit-function-declaration]
 1382 |         return UART_Send(UARTx, str, strlen(str), BLOCKING);
Finished building: ../src/lpc17xx_spi.c
      |                                      ^~~~~~
../src/lpc17xx_uart.c:44:1: note: 'strlen' is defined in header '<string.h>'; did you forget to '#include <string.h>'?
   43 | #include "lpc17xx_libcfg_default.h"
  +++ |+#include <string.h>
   44 | #endif /* __BUILD_WITH_EXAMPLE__ */
 
Finished building: ../src/lpc17xx_rtc.c
../src/lpc17xx_timer.c: In function 'Timer0_Wait':
../src/lpc17xx_timer.c:624:9: warning: this 'while' clause does not guard... [-Wmisleading-indentation]
  624 |         while ( !(TIM_GetIntStatus(LPC_TIM0,0)));
      |         ^~~~~
../src/lpc17xx_timer.c:625:17: note: ...this statement, but the latter is misleadingly indented as if it were guarded by the 'while'
  625 |                 TIM_ClearIntPending(LPC_TIM0,0);
      |                 ^~~~~~~~~~~~~~~~~~~
../src/lpc17xx_timer.c: In function 'Timer0_us_Wait':
../src/lpc17xx_timer.c:654:9: warning: this 'while' clause does not guard... [-Wmisleading-indentation]
  654 |         while ( !(TIM_GetIntStatus(LPC_TIM0,0)));
      |         ^~~~~
../src/lpc17xx_timer.c:655:17: note: ...this statement, but the latter is misleadingly indented as if it were guarded by the 'while'
 
  655 |                 TIM_ClearIntPending(LPC_TIM0,0);
      |                 ^~~~~~~~~~~~~~~~~~~
Finished building: ../src/lpc17xx_ssp.c
Finished building: ../src/lpc17xx_systick.c
 
 
Finished building: ../src/lpc17xx_wdt.c
 
Finished building: ../src/lpc17xx_timer.c
Finished building: ../src/lpc17xx_uart.c
 
 
Building target: libLib_MCU.a
Invoking: MCU Archiver
arm-none-eabi-ar -r  "libLib_MCU.a" ./src/lpc17xx_adc.o ./src/lpc17xx_can.o ./src/lpc17xx_clkpwr.o ./src/lpc17xx_dac.o ./src/lpc17xx_emac.o ./src/lpc17xx_exti.o ./src/lpc17xx_gpdma.o ./src/lpc17xx_gpio.o ./src/lpc17xx_i2c.o ./src/lpc17xx_i2s.o ./src/lpc17xx_libcfg_default.o ./src/lpc17xx_mcpwm.o ./src/lpc17xx_nvic.o ./src/lpc17xx_pinsel.o ./src/lpc17xx_pwm.o ./src/lpc17xx_qei.o ./src/lpc17xx_rit.o ./src/lpc17xx_rtc.o ./src/lpc17xx_spi.o ./src/lpc17xx_ssp.o ./src/lpc17xx_systick.o ./src/lpc17xx_timer.o ./src/lpc17xx_uart.o ./src/lpc17xx_wdt.o   
arm-none-eabi-ar: creating libLib_MCU.a
Finished building target: libLib_MCU.a
 
Performing post-build steps
arm-none-eabi-size libLib_MCU.a ; # arm-none-eabi-objdump -h -S libLib_MCU.a >libLib_MCU.lss
   text	   data	    bss	    dec	    hex	filename
   1250	      0	      0	   1250	    4e2	lpc17xx_adc.o (ex libLib_MCU.a)
  11102	      0	     12	  11114	   2b6a	lpc17xx_can.o (ex libLib_MCU.a)
    550	      0	      0	    550	    226	lpc17xx_clkpwr.o (ex libLib_MCU.a)
    374	      0	      0	    374	    176	lpc17xx_dac.o (ex libLib_MCU.a)
   2655	      0	  10852	  13507	   34c3	lpc17xx_emac.o (ex libLib_MCU.a)
    352	      0	      0	    352	    160	lpc17xx_exti.o (ex libLib_MCU.a)
   1552	     32	      0	   1584	    630	lpc17xx_gpdma.o (ex libLib_MCU.a)
   2114	      0	      0	   2114	    842	lpc17xx_gpio.o (ex libLib_MCU.a)
   5000	      0	     52	   5052	   13bc	lpc17xx_i2c.o (ex libLib_MCU.a)
   2748	      0	      0	   2748	    abc	lpc17xx_i2s.o (ex libLib_MCU.a)
     14	      0	      0	     14	      e	lpc17xx_libcfg_default.o (ex libLib_MCU.a)
   1808	      0	      0	   1808	    710	lpc17xx_mcpwm.o (ex libLib_MCU.a)
    232	      0	      0	    232	     e8	lpc17xx_nvic.o (ex libLib_MCU.a)
    550	      0	      0	    550	    226	lpc17xx_pinsel.o (ex libLib_MCU.a)
   2770	      0	      0	   2770	    ad2	lpc17xx_pwm.o (ex libLib_MCU.a)
   2212	      0	      0	   2212	    8a4	lpc17xx_qei.o (ex libLib_MCU.a)
    550	      0	      0	    550	    226	lpc17xx_rit.o (ex libLib_MCU.a)
   3898	      0	      0	   3898	    f3a	lpc17xx_rtc.o (ex libLib_MCU.a)
   1352	      0	      0	   1352	    548	lpc17xx_spi.o (ex libLib_MCU.a)
   2596	      0	      0	   2596	    a24	lpc17xx_ssp.o (ex libLib_MCU.a)
    494	      0	      0	    494	    1ee	lpc17xx_systick.o (ex libLib_MCU.a)
   2794	      0	      0	   2794	    aea	lpc17xx_timer.o (ex libLib_MCU.a)
   5553	      0	      0	   5553	   15b1	lpc17xx_uart.o (ex libLib_MCU.a)
    732	      0	      0	    732	    2dc	lpc17xx_wdt.o (ex libLib_MCU.a)
 
15:05:28 **** Build of configuration Debug for project Lib_EaBaseBoard ****
make -r -j16 all 
Building file: ../src/acc.c
Building file: ../src/eeprom.c
Building file: ../src/flash.c
Building file: ../src/font5x7.c
Invoking: MCU C Compiler
Invoking: MCU C Compiler
Invoking: MCU C Compiler
arm-none-eabi-gcc -DDEBUG -D__CODE_RED -D__REDLIB__ -I"C:\Users\student\Desktop\basic\lpc17xx_xpr_bb_140609(1)\Lib_CMSISv1p30_LPC17xx\inc" -I"C:\Users\student\Desktop\basic\lpc17xx_xpr_bb_140609(1)\Lib_EaBaseBoard\inc" -I"C:\Users\student\Desktop\basic\lpc17xx_xpr_bb_140609(1)\Lib_MCU\inc" -O0 -g3 -gdwarf-4 -Wall -c -fmessage-length=0 -fno-builtin -ffunction-sections -fmerge-constants -fmacro-prefix-map="../src/"= -mcpu=cortex-m3 -mthumb -D__REDLIB__ -fstack-usage -specs=redlib.specs -MMD -MP -MF"src/acc.d" -MT"src/acc.o" -MT"src/acc.d" -o "src/acc.o" "../src/acc.c"
Invoking: MCU C Compiler
arm-none-eabi-gcc -DDEBUG -D__CODE_RED -D__REDLIB__ -I"C:\Users\student\Desktop\basic\lpc17xx_xpr_bb_140609(1)\Lib_CMSISv1p30_LPC17xx\inc" -I"C:\Users\student\Desktop\basic\lpc17xx_xpr_bb_140609(1)\Lib_EaBaseBoard\inc" -I"C:\Users\student\Desktop\basic\lpc17xx_xpr_bb_140609(1)\Lib_MCU\inc" -O0 -g3 -gdwarf-4 -Wall -c -fmessage-length=0 -fno-builtin -ffunction-sections -fmerge-constants -fmacro-prefix-map="../src/"= -mcpu=cortex-m3 -mthumb -D__REDLIB__ -fstack-usage -specs=redlib.specs -MMD -MP -MF"src/eeprom.d" -MT"src/eeprom.o" -MT"src/eeprom.d" -o "src/eeprom.o" "../src/eeprom.c"
Building file: ../src/joystick.c
arm-none-eabi-gcc -DDEBUG -D__CODE_RED -D__REDLIB__ -I"C:\Users\student\Desktop\basic\lpc17xx_xpr_bb_140609(1)\Lib_CMSISv1p30_LPC17xx\inc" -I"C:\Users\student\Desktop\basic\lpc17xx_xpr_bb_140609(1)\Lib_EaBaseBoard\inc" -I"C:\Users\student\Desktop\basic\lpc17xx_xpr_bb_140609(1)\Lib_MCU\inc" -O0 -g3 -gdwarf-4 -Wall -c -fmessage-length=0 -fno-builtin -ffunction-sections -fmerge-constants -fmacro-prefix-map="../src/"= -mcpu=cortex-m3 -mthumb -D__REDLIB__ -fstack-usage -specs=redlib.specs -MMD -MP -MF"src/flash.d" -MT"src/flash.o" -MT"src/flash.d" -o "src/flash.o" "../src/flash.c"
arm-none-eabi-gcc -DDEBUG -D__CODE_RED -D__REDLIB__ -I"C:\Users\student\Desktop\basic\lpc17xx_xpr_bb_140609(1)\Lib_CMSISv1p30_LPC17xx\inc" -I"C:\Users\student\Desktop\basic\lpc17xx_xpr_bb_140609(1)\Lib_EaBaseBoard\inc" -I"C:\Users\student\Desktop\basic\lpc17xx_xpr_bb_140609(1)\Lib_MCU\inc" -O0 -g3 -gdwarf-4 -Wall -c -fmessage-length=0 -fno-builtin -ffunction-sections -fmerge-constants -fmacro-prefix-map="../src/"= -mcpu=cortex-m3 -mthumb -D__REDLIB__ -fstack-usage -specs=redlib.specs -MMD -MP -MF"src/font5x7.d" -MT"src/font5x7.o" -MT"src/font5x7.d" -o "src/font5x7.o" "../src/font5x7.c"
Invoking: MCU C Compiler
arm-none-eabi-gcc -DDEBUG -D__CODE_RED -D__REDLIB__ -I"C:\Users\student\Desktop\basic\lpc17xx_xpr_bb_140609(1)\Lib_CMSISv1p30_LPC17xx\inc" -I"C:\Users\student\Desktop\basic\lpc17xx_xpr_bb_140609(1)\Lib_EaBaseBoard\inc" -I"C:\Users\student\Desktop\basic\lpc17xx_xpr_bb_140609(1)\Lib_MCU\inc" -O0 -g3 -gdwarf-4 -Wall -c -fmessage-length=0 -fno-builtin -ffunction-sections -fmerge-constants -fmacro-prefix-map="../src/"= -mcpu=cortex-m3 -mthumb -D__REDLIB__ -fstack-usage -specs=redlib.specs -MMD -MP -MF"src/joystick.d" -MT"src/joystick.o" -MT"src/joystick.d" -o "src/joystick.o" "../src/joystick.c"
Building file: ../src/led7seg.c
Building file: ../src/light.c
Building file: ../src/oled.c
Invoking: MCU C Compiler
Invoking: MCU C Compiler
arm-none-eabi-gcc -DDEBUG -D__CODE_RED -D__REDLIB__ -I"C:\Users\student\Desktop\basic\lpc17xx_xpr_bb_140609(1)\Lib_CMSISv1p30_LPC17xx\inc" -I"C:\Users\student\Desktop\basic\lpc17xx_xpr_bb_140609(1)\Lib_EaBaseBoard\inc" -I"C:\Users\student\Desktop\basic\lpc17xx_xpr_bb_140609(1)\Lib_MCU\inc" -O0 -g3 -gdwarf-4 -Wall -c -fmessage-length=0 -fno-builtin -ffunction-sections -fmerge-constants -fmacro-prefix-map="../src/"= -mcpu=cortex-m3 -mthumb -D__REDLIB__ -fstack-usage -specs=redlib.specs -MMD -MP -MF"src/led7seg.d" -MT"src/led7seg.o" -MT"src/led7seg.d" -o "src/led7seg.o" "../src/led7seg.c"
Building file: ../src/pca9532.c
[...]
 
 
Finished building: ../src/lpc17xx_ssp.c
 
Finished building: ../src/lpc17xx_wdt.c
Finished building: ../src/lpc17xx_timer.c
 
 
Finished building: ../src/lpc17xx_uart.c
 
Building target: libLib_MCU.a
Invoking: MCU Archiver
arm-none-eabi-ar -r  "libLib_MCU.a" ./src/lpc17xx_adc.o ./src/lpc17xx_can.o ./src/lpc17xx_clkpwr.o ./src/lpc17xx_dac.o ./src/lpc17xx_emac.o ./src/lpc17xx_exti.o ./src/lpc17xx_gpdma.o ./src/lpc17xx_gpio.o ./src/lpc17xx_i2c.o ./src/lpc17xx_i2s.o ./src/lpc17xx_libcfg_default.o ./src/lpc17xx_mcpwm.o ./src/lpc17xx_nvic.o ./src/lpc17xx_pinsel.o ./src/lpc17xx_pwm.o ./src/lpc17xx_qei.o ./src/lpc17xx_rit.o ./src/lpc17xx_rtc.o ./src/lpc17xx_spi.o ./src/lpc17xx_ssp.o ./src/lpc17xx_systick.o ./src/lpc17xx_timer.o ./src/lpc17xx_uart.o ./src/lpc17xx_wdt.o   
arm-none-eabi-ar: creating libLib_MCU.a
Finished building target: libLib_MCU.a
 
Performing post-build steps
arm-none-eabi-size libLib_MCU.a ; # arm-none-eabi-objdump -h -S libLib_MCU.a >libLib_MCU.lss
   text	   data	    bss	    dec	    hex	filename
   1250	      0	      0	   1250	    4e2	lpc17xx_adc.o (ex libLib_MCU.a)
  11102	      0	     12	  11114	   2b6a	lpc17xx_can.o (ex libLib_MCU.a)
    550	      0	      0	    550	    226	lpc17xx_clkpwr.o (ex libLib_MCU.a)
    374	      0	      0	    374	    176	lpc17xx_dac.o (ex libLib_MCU.a)
   2655	      0	  10852	  13507	   34c3	lpc17xx_emac.o (ex libLib_MCU.a)
    352	      0	      0	    352	    160	lpc17xx_exti.o (ex libLib_MCU.a)
   1552	     32	      0	   1584	    630	lpc17xx_gpdma.o (ex libLib_MCU.a)
   2114	      0	      0	   2114	    842	lpc17xx_gpio.o (ex libLib_MCU.a)
   5000	      0	     52	   5052	   13bc	lpc17xx_i2c.o (ex libLib_MCU.a)
   2748	      0	      0	   2748	    abc	lpc17xx_i2s.o (ex libLib_MCU.a)
     14	      0	      0	     14	      e	lpc17xx_libcfg_default.o (ex libLib_MCU.a)
   1808	      0	      0	   1808	    710	lpc17xx_mcpwm.o (ex libLib_MCU.a)
    232	      0	      0	    232	     e8	lpc17xx_nvic.o (ex libLib_MCU.a)
    550	      0	      0	    550	    226	lpc17xx_pinsel.o (ex libLib_MCU.a)
   2770	      0	      0	   2770	    ad2	lpc17xx_pwm.o (ex libLib_MCU.a)
   2212	      0	      0	   2212	    8a4	lpc17xx_qei.o (ex libLib_MCU.a)
    550	      0	      0	    550	    226	lpc17xx_rit.o (ex libLib_MCU.a)
   3898	      0	      0	   3898	    f3a	lpc17xx_rtc.o (ex libLib_MCU.a)
   1352	      0	      0	   1352	    548	lpc17xx_spi.o (ex libLib_MCU.a)
   2596	      0	      0	   2596	    a24	lpc17xx_ssp.o (ex libLib_MCU.a)
    494	      0	      0	    494	    1ee	lpc17xx_systick.o (ex libLib_MCU.a)
   2794	      0	      0	   2794	    aea	lpc17xx_timer.o (ex libLib_MCU.a)
   5553	      0	      0	   5553	   15b1	lpc17xx_uart.o (ex libLib_MCU.a)
    732	      0	      0	    732	    2dc	lpc17xx_wdt.o (ex libLib_MCU.a)
 
15:16:55 **** Incremental Build of configuration Debug for project Lib_EaBaseBoard ****
make -r -j16 all 
Building file: ../src/acc.c
Building file: ../src/eeprom.c
Building file: ../src/flash.c
Building file: ../src/font5x7.c
Invoking: MCU C Compiler
Invoking: MCU C Compiler
Invoking: MCU C Compiler
arm-none-eabi-gcc -DDEBUG -D__CODE_RED -D__REDLIB__ -I"C:\Users\student\Desktop\basic\lpc17xx_xpr_bb_140609(1)\Lib_CMSISv1p30_LPC17xx\inc" -I"C:\Users\student\Desktop\basic\lpc17xx_xpr_bb_140609(1)\Lib_EaBaseBoard\inc" -I"C:\Users\student\Desktop\basic\lpc17xx_xpr_bb_140609(1)\Lib_MCU\inc" -O0 -g3 -gdwarf-4 -Wall -c -fmessage-length=0 -fno-builtin -ffunction-sections -fmerge-constants -fmacro-prefix-map="../src/"= -mcpu=cortex-m3 -mthumb -D__REDLIB__ -fstack-usage -specs=redlib.specs -MMD -MP -MF"src/acc.d" -MT"src/acc.o" -MT"src/acc.d" -o "src/acc.o" "../src/acc.c"
Invoking: MCU C Compiler
arm-none-eabi-gcc -DDEBUG -D__CODE_RED -D__REDLIB__ -I"C:\Users\student\Desktop\basic\lpc17xx_xpr_bb_140609(1)\Lib_CMSISv1p30_LPC17xx\inc" -I"C:\Users\student\Desktop\basic\lpc17xx_xpr_bb_140609(1)\Lib_EaBaseBoard\inc" -I"C:\Users\student\Desktop\basic\lpc17xx_xpr_bb_140609(1)\Lib_MCU\inc" -O0 -g3 -gdwarf-4 -Wall -c -fmessage-length=0 -fno-builtin -ffunction-sections -fmerge-constants -fmacro-prefix-map="../src/"= -mcpu=cortex-m3 -mthumb -D__REDLIB__ -fstack-usage -specs=redlib.specs -MMD -MP -MF"src/eeprom.d" -MT"src/eeprom.o" -MT"src/eeprom.d" -o "src/eeprom.o" "../src/eeprom.c"
Building file: ../src/joystick.c
arm-none-eabi-gcc -DDEBUG -D__CODE_RED -D__REDLIB__ -I"C:\Users\student\Desktop\basic\lpc17xx_xpr_bb_140609(1)\Lib_CMSISv1p30_LPC17xx\inc" -I"C:\Users\student\Desktop\basic\lpc17xx_xpr_bb_140609(1)\Lib_EaBaseBoard\inc" -I"C:\Users\student\Desktop\basic\lpc17xx_xpr_bb_140609(1)\Lib_MCU\inc" -O0 -g3 -gdwarf-4 -Wall -c -fmessage-length=0 -fno-builtin -ffunction-sections -fmerge-constants -fmacro-prefix-map="../src/"= -mcpu=cortex-m3 -mthumb -D__REDLIB__ -fstack-usage -specs=redlib.specs -MMD -MP -MF"src/flash.d" -MT"src/flash.o" -MT"src/flash.d" -o "src/flash.o" "../src/flash.c"
arm-none-eabi-gcc -DDEBUG -D__CODE_RED -D__REDLIB__ -I"C:\Users\student\Desktop\basic\lpc17xx_xpr_bb_140609(1)\Lib_CMSISv1p30_LPC17xx\inc" -I"C:\Users\student\Desktop\basic\lpc17xx_xpr_bb_140609(1)\Lib_EaBaseBoard\inc" -I"C:\Users\student\Desktop\basic\lpc17xx_xpr_bb_140609(1)\Lib_MCU\inc" -O0 -g3 -gdwarf-4 -Wall -c -fmessage-length=0 -fno-builtin -ffunction-sections -fmerge-constants -fmacro-prefix-map="../src/"= -mcpu=cortex-m3 -mthumb -D__REDLIB__ -fstack-usage -specs=redlib.specs -MMD -MP -MF"src/font5x7.d" -MT"src/font5x7.o" -MT"src/font5x7.d" -o "src/font5x7.o" "../src/font5x7.c"
Invoking: MCU C Compiler
Building file: ../src/led7seg.c
arm-none-eabi-gcc -DDEBUG -D__CODE_RED -D__REDLIB__ -I"C:\Users\student\Desktop\basic\lpc17xx_xpr_bb_140609(1)\Lib_CMSISv1p30_LPC17xx\inc" -I"C:\Users\student\Desktop\basic\lpc17xx_xpr_bb_140609(1)\Lib_EaBaseBoard\inc" -I"C:\Users\student\Desktop\basic\lpc17xx_xpr_bb_140609(1)\Lib_MCU\inc" -O0 -g3 -gdwarf-4 -Wall -c -fmessage-length=0 -fno-builtin -ffunction-sections -fmerge-constants -fmacro-prefix-map="../src/"= -mcpu=cortex-m3 -mthumb -D__REDLIB__ -fstack-usage -specs=redlib.specs -MMD -MP -MF"src/joystick.d" -MT"src/joystick.o" -MT"src/joystick.d" -o "src/joystick.o" "../src/joystick.c"
Building file: ../src/light.c
Building file: ../src/oled.c
Invoking: MCU C Compiler
Invoking: MCU C Compiler
Building file: ../src/pca9532.c
arm-none-eabi-gcc -DDEBUG -D__CODE_RED -D__REDLIB__ -I"C:\Users\student\Desktop\basic\lpc17xx_xpr_bb_140609(1)\Lib_CMSISv1p30_LPC17xx\inc" -I"C:\Users\student\Desktop\basic\lpc17xx_xpr_bb_140609(1)\Lib_EaBaseBoard\inc" -I"C:\Users\student\Desktop\basic\lpc17xx_xpr_bb_140609(1)\Lib_MCU\inc" -O0 -g3 -gdwarf-4 -Wall -c -fmessage-length=0 -fno-builtin -ffunction-sections -fmerge-constants -fmacro-prefix-map="../src/"= -mcpu=cortex-m3 -mthumb -D__REDLIB__ -fstack-usage -specs=redlib.specs -MMD -MP -MF"src/led7seg.d" -MT"src/led7seg.o" -MT"src/led7seg.d" -o "src/led7seg.o" "../src/led7seg.c"
Invoking: MCU C Compiler
arm-none-eabi-gcc -DDEBUG -D__CODE_RED -D__REDLIB__ -I"C:\Users\student\Desktop\basic\lpc17xx_xpr_bb_140609(1)\Lib_CMSISv1p30_LPC17xx\inc" -I"C:\Users\student\Desktop\basic\lpc17xx_xpr_bb_140609(1)\Lib_EaBaseBoard\inc" -I"C:\Users\student\Desktop\basic\lpc17xx_xpr_bb_140609(1)\Lib_MCU\inc" -O0 -g3 -gdwarf-4 -Wall -c -fmessage-length=0 -fno-builtin -ffunction-sections -fmerge-constants -fmacro-prefix-map="../src/"= -mcpu=cortex-m3 -mthumb -D__REDLIB__ -fstack-usage -specs=redlib.specs -MMD -MP -MF"src/light.d" -MT"src/light.o" -MT"src/light.d" -o "src/light.o" "../src/light.c"
Building file: ../src/rgb.c
arm-none-eabi-gcc -DDEBUG -D__CODE_RED -D__REDLIB__ -I"C:\Users\student\Desktop\basic\lpc17xx_xpr_bb_140609(1)\Lib_CMSISv1p30_LPC17xx\inc" -I"C:\Users\student\Desktop\basic\lpc17xx_xpr_bb_140609(1)\Lib_EaBaseBoard\inc" -I"C:\Users\student\Desktop\basic\lpc17xx_xpr_bb_140609(1)\Lib_MCU\inc" -O0 -g3 -gdwarf-4 -Wall -c -fmessage-length=0 -fno-builtin -ffunction-sections -fmerge-constants -fmacro-prefix-map="../src/"= -mcpu=cortex-m3 -mthumb -D__REDLIB__ -fstack-usage -specs=redlib.specs -MMD -MP -MF"src/oled.d" -MT"src/oled.o" -MT"src/oled.d" -o "src/oled.o" "../src/oled.c"
Invoking: MCU C Compiler
arm-none-eabi-gcc -DDEBUG -D__CODE_RED -D__REDLIB__ -I"C:\Users\student\Desktop\basic\lpc17xx_xpr_bb_140609(1)\Lib_CMSISv1p30_LPC17xx\inc" -I"C:\Users\student\Desktop\basic\lpc17xx_xpr_bb_140609(1)\Lib_EaBaseBoard\inc" -I"C:\Users\student\Desktop\basic\lpc17xx_xpr_bb_140609(1)\Lib_MCU\inc" -O0 -g3 -gdwarf-4 -Wall -c -fmessage-length=0 -fno-builtin -ffunction-sections -fmerge-constants -fmacro-prefix-map="../src/"= -mcpu=cortex-m3 -mthumb -D__REDLIB__ -fstack-usage -specs=redlib.specs -MMD -MP -MF"src/pca9532.d" -MT"src/pca9532.o" -MT"src/pca9532.d" -o "src/pca9532.o" "../src/pca9532.c"
Invoking: MCU C Compiler
Building file: ../src/rotary.c
Building file: ../src/temp.c
arm-none-eabi-gcc -DDEBUG -D__CODE_RED -D__REDLIB__ -I"C:\Users\student\Desktop\basic\lpc17xx_xpr_bb_140609(1)\Lib_CMSISv1p30_LPC17xx\inc" -I"C:\Users\student\Desktop\basic\lpc17xx_xpr_bb_140609(1)\Lib_EaBaseBoard\inc" -I"C:\Users\student\Desktop\basic\lpc17xx_xpr_bb_140609(1)\Lib_MCU\inc" -O0 -g3 -gdwarf-4 -Wall -c -fmessage-length=0 -fno-builtin -ffunction-sections -fmerge-constants -fmacro-prefix-map="../src/"= -mcpu=cortex-m3 -mthumb -D__REDLIB__ -fstack-usage -specs=redlib.specs -MMD -MP -MF"src/rgb.d" -MT"src/rgb.o" -MT"src/rgb.d" -o "src/rgb.o" "../src/rgb.c"
Building file: ../src/uart2.c
Invoking: MCU C Compiler
Invoking: MCU C Compiler
arm-none-eabi-gcc -DDEBUG -D__CODE_RED -D__REDLIB__ -I"C:\Users\student\Desktop\basic\lpc17xx_xpr_bb_140609(1)\Lib_CMSISv1p30_LPC17xx\inc" -I"C:\Users\student\Desktop\basic\lpc17xx_xpr_bb_140609(1)\Lib_EaBaseBoard\inc" -I"C:\Users\student\Desktop\basic\lpc17xx_xpr_bb_140609(1)\Lib_MCU\inc" -O0 -g3 -gdwarf-4 -Wall -c -fmessage-length=0 -fno-builtin -ffunction-sections -fmerge-constants -fmacro-prefix-map="../src/"= -mcpu=cortex-m3 -mthumb -D__REDLIB__ -fstack-usage -specs=redlib.specs -MMD -MP -MF"src/rotary.d" -MT"src/rotary.o" -MT"src/rotary.d" -o "src/rotary.o" "../src/rotary.c"
Invoking: MCU C Compiler
arm-none-eabi-gcc -DDEBUG -D__CODE_RED -D__REDLIB__ -I"C:\Users\student\Desktop\basic\lpc17xx_xpr_bb_140609(1)\Lib_CMSISv1p30_LPC17xx\inc" -I"C:\Users\student\Desktop\basic\lpc17xx_xpr_bb_140609(1)\Lib_EaBaseBoard\inc" -I"C:\Users\student\Desktop\basic\lpc17xx_xpr_bb_140609(1)\Lib_MCU\inc" -O0 -g3 -gdwarf-4 -Wall -c -fmessage-length=0 -fno-builtin -ffunction-sections -fmerge-constants -fmacro-prefix-map="../src/"= -mcpu=cortex-m3 -mthumb -D__REDLIB__ -fstack-usage -specs=redlib.specs -MMD -MP -MF"src/temp.d" -MT"src/temp.o" -MT"src/temp.d" -o "src/temp.o" "../src/temp.c"
arm-none-eabi-gcc -DDEBUG -D__CODE_RED -D__REDLIB__ -I"C:\Users\student\Desktop\basic\lpc17xx_xpr_bb_140609(1)\Lib_CMSISv1p30_LPC17xx\inc" -I"C:\Users\student\Desktop\basic\lpc17xx_xpr_bb_140609(1)\Lib_EaBaseBoard\inc" -I"C:\Users\student\Desktop\basic\lpc17xx_xpr_bb_140609(1)\Lib_MCU\inc" -O0 -g3 -gdwarf-4 -Wall -c -fmessage-length=0 -fno-builtin -ffunction-sections -fmerge-constants -fmacro-prefix-map="../src/"= -mcpu=cortex-m3 -mthumb -D__REDLIB__ -fstack-usage -specs=redlib.specs -MMD -MP -MF"src/uart2.d" -MT"src/uart2.o" -MT"src/uart2.d" -o "src/uart2.o" "../src/uart2.c"
Finished building: ../src/font5x7.c
Finished building: ../src/acc.c
 
 
Finished building: ../src/flash.c
Finished building: ../src/joystick.c
 
 
Finished building: ../src/eeprom.c
Finished building: ../src/led7seg.c
 
Finished building: ../src/rgb.c
Finished building: ../src/light.c
Finished building: ../src/oled.c
 
Finished building: ../src/rotary.c
Finished building: ../src/pca9532.c
Finished building: ../src/temp.c
 
 
 
 
 
 
Finished building: ../src/uart2.c
 
Building target: libLib_EaBaseBoard.a
Invoking: MCU Archiver
arm-none-eabi-ar -r  "libLib_EaBaseBoard.a" ./src/acc.o ./src/eeprom.o ./src/flash.o ./src/font5x7.o ./src/joystick.o ./src/led7seg.o ./src/light.o ./src/oled.o ./src/pca9532.o ./src/rgb.o ./src/rotary.o ./src/temp.o ./src/uart2.o   
arm-none-eabi-ar: creating libLib_EaBaseBoard.a
Finished building target: libLib_EaBaseBoard.a
 
Performing post-build steps
arm-none-eabi-size libLib_EaBaseBoard.a ; # arm-none-eabi-objdump -h -S libLib_EaBaseBoard.a >libLib_EaBaseBoard.lss
   text	   data	    bss	    dec	    hex	filename
    574	      0	      0	    574	    23e	acc.o (ex libLib_EaBaseBoard.a)
    590	      0	      0	    590	    24e	eeprom.o (ex libLib_EaBaseBoard.a)
   1359	     80	     12	   1451	    5ab	flash.o (ex libLib_EaBaseBoard.a)
    768	      0	      0	    768	    300	font5x7.o (ex libLib_EaBaseBoard.a)
    164	      0	      0	    164	     a4	joystick.o (ex libLib_EaBaseBoard.a)
    142	     80	      0	    222	     de	led7seg.o (ex libLib_EaBaseBoard.a)
   1170	      8	      0	   1178	    49a	light.o (ex libLib_EaBaseBoard.a)
   3020	      0	    768	   3788	    ecc	oled.o (ex libLib_EaBaseBoard.a)
   1042	      0	      6	   1048	    418	pca9532.o (ex libLib_EaBaseBoard.a)
    146	      0	      0	    146	     92	rgb.o (ex libLib_EaBaseBoard.a)
    232	      0	      0	    232	     e8	rotary.o (ex libLib_EaBaseBoard.a)
    276	      0	      4	    280	    118	temp.o (ex libLib_EaBaseBoard.a)
    840	      0	      1	    841	    349	uart2.o (ex libLib_EaBaseBoard.a)
 
15:16:56 **** Incremental Build of configuration Debug for project oled_periph ****
make -r -j16 all 
Building file: ../src/JoystickHandler.c
Building file: ../src/cr_startup_lpc17.c
Building file: ../src/main.c
Building file: ../src/myRtc.c
Invoking: MCU C Compiler
arm-none-eabi-gcc -DDEBUG -D__USE_CMSIS=CMSISv1p30_LPC17xx -D__CODE_RED -D__NEWLIB__ -I"C:\Users\student\Desktop\basic\lpc17xx_xpr_bb_140609(1)\Lib_CMSISv1p30_LPC17xx\inc" -I"C:\Users\student\Desktop\basic\lpc17xx_xpr_bb_140609(1)\Lib_EaBaseBoard\inc" -I"C:\Users\student\Desktop\basic\lpc17xx_xpr_bb_140609(1)\Lib_MCU\inc" -O0 -g3 -gdwarf-4 -Wall -c -fmessage-length=0 -fno-builtin -ffunction-sections -fmerge-constants -fmacro-prefix-map="../src/"= -mcpu=cortex-m3 -mthumb -D__NEWLIB__ -fstack-usage -MMD -MP -Invoking: MCU C Compiler
MF"src/JoystickHandler.d" -MT"src/JoystickHandler.o" -MT"src/JoystickHandler.d" -o "src/JoystickHandler.o" "../src/JoystickHandler.c"
Invoking: MCU C Compiler
arm-none-eabi-gcc -DDEBUG -D__USE_CMSIS=CMSISv1p30_LPC17xx -D__CODE_RED -D__NEWLIB__ -I"C:\Users\student\Desktop\basic\lpc17xx_xpr_bb_140609(1)\Lib_CMSISv1p30_LPC17xx\inc" -I"C:\Users\student\Desktop\basic\lpc17xx_xpr_bb_140609(1)\Lib_EaBaseBoard\inc" -I"C:\Users\student\Desktop\basic\lpc17xx_xpr_bb_140609(1)\Lib_MCU\inc" -O0 -g3 -gdwarf-4 -Wall -c -fmessage-length=0 -fno-builtin -ffunction-sections -fmerge-constants -fmacro-prefix-map="../src/"= -mcpu=cortex-m3 -mthumb -D__NEWLIB__ -fstack-usage -MMD -MP -MF"src/cr_startup_lpc17.d" -MT"src/cr_startup_lpc17.o" -MT"src/cr_startup_lpc17.d" -o "src/cr_startup_lpc17.o" "../src/cr_startup_lpc17.c"
Invoking: MCU C Compiler
arm-none-eabi-gcc -DDEBUG -D__USE_CMSIS=CMSISv1p30_LPC17xx -D__CODE_RED -D__NEWLIB__ -I"C:\Users\student\Desktop\basic\lpc17xx_xpr_bb_140609(1)\Lib_CMSISv1p30_LPC17xx\inc" -I"C:\Users\student\Desktop\basic\lpc17xx_xpr_bb_140609(1)\Lib_EaBaseBoard\inc" -I"C:\Users\student\Desktop\basic\lpc17xx_xpr_bb_140609(1)\Lib_MCU\inc" -O0 -g3 -gdwarf-4 -Wall -c -fmessage-length=0 -fno-builtin -ffunction-sections -fmerge-constants -fmacro-prefix-map="../src/"= -mcpu=cortex-m3 -mthumb -D__NEWLIB__ -fstack-usage -MMD -MP -MF"src/main.d" -MT"src/main.o" -MT"src/main.d" -o "src/main.o" "../src/main.c"
arm-none-eabi-gcc -DDEBUG -D__USE_CMSIS=CMSISv1p30_LPC17xx -D__CODE_RED -D__NEWLIB__ -I"C:\Users\student\Desktop\basic\lpc17xx_xpr_bb_140609(1)\Lib_CMSISv1p30_LPC17xx\inc" -I"C:\Users\student\Desktop\basic\lpc17xx_xpr_bb_140609(1)\Lib_EaBaseBoard\inc" -I"C:\Users\student\Desktop\basic\lpc17xx_xpr_bb_140609(1)\Lib_MCU\inc" -O0 -g3 -gdwarf-4 -Wall -c -fmessage-length=0 -fno-builtin -ffunction-sections -fmerge-constants -fmacro-prefix-map="../src/"= -mcpu=cortex-m3 -mthumb -D__NEWLIB__ -fstack-usage -MMD -MP -MF"src/myRtc.d" -MT"src/myRtc.o" -MT"src/myRtc.d" -o "src/myRtc.o" "../src/myRtc.c"
../src/JoystickHandler.c:12: warning: "JOYSTICK_UP" redefined
   12 | #define JOYSTICK_UP (1 << 23)
      | 
In file included from ../src/JoystickHandler.h:12,
                 from ../src/JoystickHandler.c:7:
C:\Users\student\Desktop\basic\lpc17xx_xpr_bb_140609(1)\Lib_EaBaseBoard\inc/joystick.h:13: note: this is the location of the previous definition
   13 | #define JOYSTICK_UP     0x02
      | 
../src/JoystickHandler.c:13: warning: "JOYSTICK_DOWN" redefined
   13 | #define JOYSTICK_DOWN (1 << 25)
      | 
C:\Users\student\Desktop\basic\lpc17xx_xpr_bb_140609(1)\Lib_EaBaseBoard\inc/joystick.h:14: note: this is the location of the previous definition
   14 | #define JOYSTICK_DOWN   0x04
      | 
../src/JoystickHandler.c:14: warning: "JOYSTICK_LEFT" redefined
   14 | #define JOYSTICK_LEFT (1 << 26)
      | 
C:\Users\student\Desktop\basic\lpc17xx_xpr_bb_140609(1)\Lib_EaBaseBoard\inc/joystick.h:15: note: this is the location of the previous definition
   15 | #define JOYSTICK_LEFT   0x08
      | 
../src/JoystickHandler.c:15: warning: "JOYSTICK_RIGHT" redefined
   15 | #define JOYSTICK_RIGHT (1 << 27)
      | 
C:\Users\student\Desktop\basic\lpc17xx_xpr_bb_140609(1)\Lib_EaBaseBoard\inc/joystick.h:16: note: this is the location of the previous definition
   16 | #define JOYSTICK_RIGHT  0x10
      | 
../src/JoystickHandler.c:16: warning: "JOYSTICK_CENTER" redefined
   16 | #define JOYSTICK_CENTER (1 << 24)
      | 
C:\Users\student\Desktop\basic\lpc17xx_xpr_bb_140609(1)\Lib_EaBaseBoard\inc/joystick.h:12: note: this is the location of the previous definition
   12 | #define JOYSTICK_CENTER 0x01
      | 
../src/JoystickHandler.c: In function 'joystick_checkAlarm':
../src/JoystickHandler.c:42:9: warning: implicit declaration of function 'rtc_get_time'; did you mean 'RTC_GetTime'? [-Wimplicit-function-declaration]
   42 |         rtc_get_time(&time);
      |         ^~~~~~~~~~~~
      |         RTC_GetTime
../src/main.c: In function 'main':
../src/main.c:133:17: warning: implicit declaration of function 'sprintf' [-Wimplicit-function-declaration]
  133 |                 sprintf(buf, "%02d.%d C", t / 10, t % 10);
      |                 ^~~~~~~
../src/main.c:27:1: note: 'sprintf' is defined in header '<stdio.h>'; did you forget to '#include <stdio.h>'?
   26 | #include "./JoystickHandler.h"
  +++ |+#include <stdio.h>
   27 | 
../src/main.c:83:17: warning: unused variable 'joy' [-Wunused-variable]
   83 |         uint8_t joy = 0;
      |                 ^~~
Finished building: ../src/cr_startup_lpc17.c
 
Finished building: ../src/myRtc.c
Finished building: ../src/JoystickHandler.c
 
Finished building: ../src/main.c
 
 
Building target: oled_periph.axf
Invoking: MCU Linker
arm-none-eabi-gcc -nostdlib -L"C:\Users\student\Desktop\basic\lpc17xx_xpr_bb_140609(1)\Lib_CMSISv1p30_LPC17xx\Debug" -L"C:\Users\student\Desktop\basic\lpc17xx_xpr_bb_140609(1)\Lib_EaBaseBoard\Debug" -L"C:\Users\student\Desktop\basic\lpc17xx_xpr_bb_140609(1)\Lib_MCU\Debug" -Xlinker --gc-sections -Xlinker -Map=oled_periph.map -mcpu=cortex-m3 -mthumb -T oled_periph_Debug.ld -o "oled_periph.axf" ./src/JoystickHandler.o ./src/cr_startup_lpc17.o ./src/main.o ./src/myRtc.o    -lCMSISv1p30_LPC17xx -lLib_EaBaseBoard -lLib_MCU
Finished building target: oled_periph.axf
 
Performing post-build steps
arm-none-eabi-size oled_periph.axf; # arm-none-eabi-objdump -h -S oled_periph.axf >oled_periph.lss
   text	   data	    bss	    dec	    hex	filename
  42432	   1720	   1288	  45440	   b180	oled_periph.axf
 
15:16:57 **** Incremental Build of configuration Debug for project oled_periph ****
make -r -j16 all 
make[1]: Nothing to be done for 'main-build'.
Performing post-build steps
arm-none-eabi-size oled_periph.axf; # arm-none-eabi-objdump -h -S oled_periph.axf >oled_periph.lss
   text	   data	    bss	    dec	    hex	filename
  42432	   1720	   1288	  45440	   b180	oled_periph.axf
 
