17:35:33 **** Build of configuration Debug for project Lib_MCU ****
make -r -j16 all 
Building file: ../src/lpc17xx_adc.c
Building file: ../src/lpc17xx_can.c
Building file: ../src/lpc17xx_clkpwr.c
Building file: ../src/lpc17xx_dac.c
Invoking: MCU C Compiler
Invoking: MCU C Compiler
Invoking: MCU C Compiler
arm-none-eabi-gcc -DDEBUG -D__CODE_RED -D__REDLIB__ -I"C:\Users\student\Desktop\basic\lpc17xx_xpr_bb_140609(1)\Lib_CMSISv1p30_LPC17xx\inc" -I"C:\Users\student\Desktop\basic\lpc17xx_xpr_bb_140609(1)\Lib_MCU\inc" -O0 -g3 -gdwarf-4 -Wall -c -fmessage-length=0 -fno-builtin -ffunction-sections -fmerge-constants -fmacro-prefix-map="../src/"= -mcpu=cortex-m3 -mthumb -D__REDLIB__ -fstack-usage -specs=redlib.specs -MMD -MP -MF"src/lpc17xx_adc.d" -MT"src/lpc17xx_adc.o" -MT"src/lpc17xx_adc.d" -o "src/lpc17xx_adc.o" "../src/lpc17xx_adc.c"
Building file: ../src/lpc17xx_emac.c
arm-none-eabi-gcc -DDEBUG -D__CODE_RED -D__REDLIB__ -I"C:\Users\student\Desktop\basic\lpc17xx_xpr_bb_140609(1)\Lib_CMSISv1p30_LPC17xx\inc" -I"C:\Users\student\Desktop\basic\lpc17xx_xpr_bb_140609(1)\Lib_MCU\inc" -O0 -g3 -gdwarf-4 -Wall -c -fmessage-length=0 -fno-builtin -ffunction-sections -fmerge-constants -fmacro-prefix-map="../src/"= -mcpu=cortex-m3 -mthumb -D__REDLIB__ -fstack-usage -specs=redlib.specs -MMD -MP -MF"src/lpc17xx_can.d" -MT"src/lpc17xx_can.o" -MT"src/lpc17xx_can.d" -o "src/lpc17xx_can.o" "../src/lpc17xx_can.c"
Invoking: MCU C Compiler
arm-none-eabi-gcc -DDEBUG -D__CODE_RED -D__REDLIB__ -I"C:\Users\student\Desktop\basic\lpc17xx_xpr_bb_140609(1)\Lib_CMSISv1p30_LPC17xx\inc" -I"C:\Users\student\Desktop\basic\lpc17xx_xpr_bb_140609(1)\Lib_MCU\inc" -O0 -g3 -gdwarf-4 -Wall -c -fmessage-length=0 -fno-builtin -ffunction-sections -fmerge-constants -fmacro-prefix-map="../src/"= -mcpu=cortex-m3 -mthumb -D__REDLIB__ -fstack-usage -specs=redlib.specs -MMD -MP -MF"src/lpc17xx_clkpwr.d" -MT"src/lpc17xx_clkpwr.o" -MT"src/lpc17xx_clkpwr.d" -o "src/lpc17xx_clkpwr.o" "../src/lpc17xx_clkpwr.c"
arm-none-eabi-gcc -DDEBUG -D__CODE_RED -D__REDLIB__ -I"C:\Users\student\Desktop\basic\lpc17xx_xpr_bb_140609(1)\Lib_CMSISv1p30_LPC17xx\inc" -I"C:\Users\student\Desktop\basic\lpc17xx_xpr_bb_140609(1)\Lib_MCU\inc" -O0 -g3 -gdwarf-4 -Wall -c -fmessage-length=0 -fno-builtin -ffunction-sections -fmerge-constants -fmacro-prefix-map="../src/"= -mcpu=cortex-m3 -mthumb -D__REDLIB__ -fstack-usage -specs=redlib.specs -MMD -MP -MF"src/lpc17xx_dac.d" -MT"src/lpc17xx_dac.o" -MT"src/lpc17xx_dac.d" -o "src/lpc17xx_dac.o" "../src/lpc17xx_dac.c"
Invoking: MCU C Compiler
arm-none-eabi-gcc -DDEBUG -D__CODE_RED -D__REDLIB__ -I"C:\Users\student\Desktop\basic\lpc17xx_xpr_bb_140609(1)\Lib_CMSISv1p30_LPC17xx\inc" -I"C:\Users\student\Desktop\basic\lpc17xx_xpr_bb_140609(1)\Lib_MCU\inc" -O0 -g3 -gdwarf-4 -Wall -c -fmessage-length=0 -fno-builtin -ffunction-sections -fmerge-constants -fmacro-prefix-map="../src/"= -mcpu=cortex-m3 -mthumb -D__REDLIB__ -fstack-usage -specs=redlib.specs -MMD -MP -MF"src/lpc17xx_emac.d" -MT"src/lpc17xx_emac.o" -MT"src/lpc17xx_emac.d" -o "src/lpc17xx_emac.o" "../src/lpc17xx_emac.c"
Building file: ../src/lpc17xx_exti.c
Building file: ../src/lpc17xx_gpdma.c
Invoking: MCU C Compiler
Building file: ../src/lpc17xx_gpio.c
arm-none-eabi-gcc -DDEBUG -D__CODE_RED -D__REDLIB__ -I"C:\Users\student\Desktop\basic\lpc17xx_xpr_bb_140609(1)\Lib_CMSISv1p30_LPC17xx\inc" -I"C:\Users\student\Desktop\basic\lpc17xx_xpr_bb_140609(1)\Lib_MCU\inc" -O0 -g3 -gdwarf-4 -Wall -c -fmessage-length=0 -fno-builtin -ffunction-sections -fmerge-constants -fmacro-prefix-map="../src/"= -mcpu=cortex-m3 -mthumb -D__REDLIB__ -fstack-usage -specs=redlib.specs -MMD -MP -MF"src/lpc17xx_exti.d" -MT"src/lpc17xx_exti.o" -MT"src/lpc17xx_exti.d" -o "src/lpc17xx_exti.o" "../src/lpc17xx_exti.c"
Invoking: MCU C Compiler
Building file: ../src/lpc17xx_i2c.c
arm-none-eabi-gcc -DDEBUG -D__CODE_RED -D__REDLIB__ -I"C:\Users\student\Desktop\basic\lpc17xx_xpr_bb_140609(1)\Lib_CMSISv1p30_LPC17xx\inc" -I"C:\Users\student\Desktop\basic\lpc17xx_xpr_bb_140609(1)\Lib_MCU\inc" -O0 -g3 -gdwarf-4 -Wall -c -fmessage-length=0 -fno-builtin -ffunction-sections -fmerge-constants -fmacro-prefix-map="../src/"= -mcpu=cortex-m3 -mthumb -D__REDLIB__ -fstack-usage -specs=redlib.specs -MMD -MP -MF"src/lpc17xx_gpdma.d" -MT"src/lpc17xx_gpdma.o" -MT"src/lpc17xx_gpdma.d" -o "src/lpc17xx_gpdma.o" "../src/lpc17xx_gpdma.c"
Invoking: MCU C Compiler
arm-none-eabi-gcc -DDEBUG -D__CODE_RED -D__REDLIB__ -I"C:\Users\student\Desktop\basic\lpc17xx_xpr_bb_140609(1)\Lib_CMSISv1p30_LPC17xx\inc" -I"C:\Users\student\Desktop\basic\lpc17xx_xpr_bb_140609(1)\Lib_MCU\inc" -O0 -g3 -gdwarf-4 -Wall -c -fmessage-length=0 -fno-builtin -ffunction-sections -fmerge-constants -fmacro-prefix-map="../src/"= -mcpu=cortex-m3 -mthumb -D__REDLIB__ -fstack-usage -specs=redlib.specs -MMD -MP -MF"src/lpc17xx_gpio.d" -MT"src/lpc17xx_gpio.o" -MT"src/lpc17xx_gpio.d" -o "src/lpc17xx_gpio.o" "../src/lpc17xx_gpio.c"
Invoking: MCU C Compiler
arm-none-eabi-gcc -DDEBUG -D__CODE_RED -D__REDLIB__ -I"C:\Users\student\Desktop\basic\lpc17xx_xpr_bb_140609(1)\Lib_CMSISv1p30_LPC17xx\inc" -I"C:\Users\student\Desktop\basic\lpc17xx_xpr_bb_140609(1)\Lib_MCU\inc" -O0 -g3 -gdwarf-4 -Wall -c -fmessage-length=0 -fno-builtin -ffunction-sections -fmerge-constants -fmacro-prefix-map="../src/"= -mcpu=cortex-m3 -mthumb -D__REDLIB__ -fstack-usage -specs=redlib.specs -MMD -MP -MF"src/lpc17xx_i2c.d" -MT"src/lpc17xx_i2c.o" -MT"src/lpc17xx_i2c.d" -o "src/lpc17xx_i2c.o" "../src/lpc17xx_i2c.c"
Building file: ../src/lpc17xx_i2s.c
../src/lpc17xx_can.c: In function 'CAN_Init':
../src/lpc17xx_can.c:144:18: warning: variable 'temp' set but not used [-Wunused-but-set-variable]
  144 |         uint32_t temp;
      |                  ^~~~
../src/lpc17xx_can.c: In function 'CAN_LoadFullCANEntry':
../src/lpc17xx_can.c:712:18: warning: variable 'abc' set but not used [-Wunused-but-set-variable]
  712 |         uint32_t abc;
      |                  ^~~
Invoking: MCU C Compiler
Building file: ../src/lpc17xx_libcfg_default.c
arm-none-eabi-gcc -DDEBUG -D__CODE_RED -D__REDLIB__ -I"C:\Users\student\Desktop\basic\lpc17xx_xpr_bb_140609(1)\Lib_CMSISv1p30_LPC17xx\inc" -I"C:\Users\student\Desktop\basic\lpc17xx_xpr_bb_140609(1)\Lib_MCU\inc" -O0 -g3 -gdwarf-4 -Wall -c -fmessage-length=0 -fno-builtin -ffunction-sections -fmerge-constants -fmacro-prefix-map="../src/"= -mcpu=cortex-m3 -mthumb -D__REDLIB__ -fstack-usage -specs=redlib.specs -MMD -MP -MF"src/lpc17xx_i2s.d" -MT"src/lpc17xx_i2s.o" -MT"src/lpc17xx_i2s.d" -o "src/lpc17xx_i2s.o" "../src/lpc17xx_i2s.c"
Building file: ../src/lpc17xx_mcpwm.c
Building file: ../src/lpc17xx_nvic.c
Invoking: MCU C Compiler
Building file: ../src/lpc17xx_pinsel.c
arm-none-eabi-gcc -DDEBUG -D__CODE_RED -D__REDLIB__ -I"C:\Users\student\Desktop\basic\lpc17xx_xpr_bb_140609(1)\Lib_CMSISv1p30_LPC17xx\inc" -I"C:\Users\student\Desktop\basic\lpc17xx_xpr_bb_140609(1)\Lib_MCU\inc" -O0 -g3 -gdwarf-4 -Wall -c -fmessage-length=0 -fno-builtin -ffunction-sections -fmerge-constants -fmacro-prefix-map="../src/"= -mcpu=cortex-m3 -mthumb -D__REDLIB__ -fstack-usage -specs=redlib.specs -MMD -MP -MF"src/lpc17xx_libcfg_default.d" -MT"src/lpc17xx_libcfg_default.o" -MT"src/lpc17xx_libcfg_default.d" -o "src/lpc17xx_libcfg_default.o" "../src/lpc17xx_libcfg_default.c"
Invoking: MCU C Compiler
arm-none-eabi-gcc -DDEBUG -D__CODE_RED -D__REDLIB__ -I"C:\Users\student\Desktop\basic\lpc17xx_xpr_bb_140609(1)\Lib_CMSISv1p30_LPC17xx\inc" -I"C:\Users\student\Desktop\basic\lpc17xx_xpr_bb_140609(1)\Lib_MCU\inc" -O0 -g3 -gdwarf-4 -Wall -c -fmessage-length=0 -fno-builtin -ffunction-sections -fmerge-constants -fmacro-prefix-map="../src/"= -mcpu=cortex-m3 -mthumb -D__REDLIB__ -fstack-usage -specs=redlib.specs -MMD -MP -MF"src/lpc17xx_nvic.d" -MT"src/lpc17xx_nvic.o" -MT"src/lpc17xx_nvic.d" -o "src/lpc17xx_nvic.o" "../src/lpc17xx_nvic.c"
Invoking: MCU C Compiler
arm-none-eabi-gcc -DDEBUG -D__CODE_RED -D__REDLIB__ -I"C:\Users\student\Desktop\basic\lpc17xx_xpr_bb_140609(1)\Lib_CMSISv1p30_LPC17xx\inc" -I"C:\Users\student\Desktop\basic\lpc17xx_xpr_bb_140609(1)\Lib_MCU\inc" -O0 -g3 -gdwarf-4 -Wall -c -fmessage-length=0 -fno-builtin -ffunction-sections -fmerge-constants -fmacro-prefix-map="../src/"= -mcpu=cortex-m3 -mthumb -D__REDLIB__ -fstack-usage -specs=redlib.specs -MMD -MP -MF"src/lpc17xx_mcpwm.d" -MT"src/lpc17xx_mcpwm.o" -MT"src/lpc17xx_mcpwm.d" -o "src/lpc17xx_mcpwm.o" "../src/lpc17xx_mcpwm.c"
Building file: ../src/lpc17xx_pwm.c
Invoking: MCU C Compiler
arm-none-eabi-gcc -DDEBUG -D__CODE_RED -D__REDLIB__ -I"C:\Users\student\Desktop\basic\lpc17xx_xpr_bb_140609(1)\Lib_CMSISv1p30_LPC17xx\inc" -I"C:\Users\student\Desktop\basic\lpc17xx_xpr_bb_140609(1)\Lib_MCU\inc" -O0 -g3 -gdwarf-4 -Wall -c -fmessage-length=0 -fno-builtin -ffunction-sections -fmerge-constants -fmacro-prefix-map="../src/"= -mcpu=cortex-m3 -mthumb -D__REDLIB__ -fstack-usage -specs=redlib.specs -MMD -MP -MF"src/lpc17xx_pinsel.d" -MT"src/lpc17xx_pinsel.o" -MT"src/lpc17xx_pinsel.d" -o "src/lpc17xx_pinsel.o" "../src/lpc17xx_pinsel.c"
Invoking: MCU C Compiler
arm-none-eabi-gcc -DDEBUG -D__CODE_RED -D__REDLIB__ -I"C:\Users\student\Desktop\basic\lpc17xx_xpr_bb_140609(1)\Lib_CMSISv1p30_LPC17xx\inc" -I"C:\Users\student\Desktop\basic\lpc17xx_xpr_bb_140609(1)\Lib_MCU\inc" -O0 -g3 -gdwarf-4 -Wall -c -fmessage-length=0 -fno-builtin -ffunction-sections -fmerge-constants -fmacro-prefix-map="../src/"= -mcpu=cortex-m3 -mthumb -D__REDLIB__ -fstack-usage -specs=redlib.specs -MMD -MP -MF"src/lpc17xx_pwm.d" -MT"src/lpc17xx_pwm.o" -MT"src/lpc17xx_pwm.d" -o "src/lpc17xx_pwm.o" "../src/lpc17xx_pwm.c"
Building file: ../src/lpc17xx_qei.c
Invoking: MCU C Compiler
arm-none-eabi-gcc -DDEBUG -D__CODE_RED -D__REDLIB__ -I"C:\Users\student\Desktop\basic\lpc17xx_xpr_bb_140609(1)\Lib_CMSISv1p30_LPC17xx\inc" -I"C:\Users\student\Desktop\basic\lpc17xx_xpr_bb_140609(1)\Lib_MCU\inc" -O0 -g3 -gdwarf-4 -Wall -c -fmessage-length=0 -fno-builtin -ffunction-sections -fmerge-constants -fmacro-prefix-map="../src/"= -mcpu=cortex-m3 -mthumb -D__REDLIB__ -fstack-usage -specs=redlib.specs -MMD -MP -MF"src/lpc17xx_qei.d" -MT"src/lpc17xx_qei.o" -MT"src/lpc17xx_qei.d" -o "src/lpc17xx_qei.o" "../src/lpc17xx_qei.c"
Finished building: ../src/lpc17xx_clkpwr.c
Finished building: ../src/lpc17xx_dac.c
 
Finished building: ../src/lpc17xx_adc.c
Building file: ../src/lpc17xx_rit.c
 
 
Finished building: ../src/lpc17xx_gpdma.c
Invoking: MCU C Compiler
arm-none-eabi-gcc -DDEBUG -D__CODE_RED -D__REDLIB__ -I"C:\Users\student\Desktop\basic\lpc17xx_xpr_bb_140609(1)\Lib_CMSISv1p30_LPC17xx\inc" -I"C:\Users\student\Desktop\basic\lpc17xx_xpr_bb_140609(1)\Lib_MCU\inc" -O0 -g3 -gdwarf-4 -Wall -c -fmessage-length=0 -fno-builtin -ffunction-sections -fmerge-constants -fmacro-prefix-map="../src/"= -mcpu=cortex-m3 -mthumb -D__REDLIB__ -fstack-usage -specs=redlib.specs -MMD -MP -MF"src/lpc17xx_rit.d" -MT"src/lpc17xx_rit.o" -MT"src/lpc17xx_rit.d" -o "src/lpc17xx_rit.o" "../src/lpc17xx_rit.c"
Building file: ../src/lpc17xx_rtc.c
Building file: ../src/lpc17xx_spi.c
 
Invoking: MCU C Compiler
arm-none-eabi-gcc -DDEBUG -D__CODE_RED -D__REDLIB__ -I"C:\Users\student\Desktop\basic\lpc17xx_xpr_bb_140609(1)\Lib_CMSISv1p30_LPC17xx\inc" -I"C:\Users\student\Desktop\basic\lpc17xx_xpr_bb_140609(1)\Lib_MCU\inc" -O0 -g3 -gdwarf-4 -Wall -c -fmessage-length=0 -fno-builtin -ffunction-sections -fmerge-constants -fmacro-prefix-map="../src/"= -mcpu=cortex-m3 -mthumb -D__REDLIB__ -fstack-usage -specs=redlib.specs -MMD -MP -MF"src/lpc17xx_spi.d" -MT"src/lpc17xx_spi.o" -MT"src/lpc17xx_spi.d" -o "src/lpc17xx_spi.o" "../src/lpc17xx_spi.c"
Finished building: ../src/lpc17xx_emac.c
Invoking: MCU C Compiler
Finished building: ../src/lpc17xx_i2s.c
 
arm-none-eabi-gcc -DDEBUG -D__CODE_RED -D__REDLIB__ -I"C:\Users\student\Desktop\basic\lpc17xx_xpr_bb_140609(1)\Lib_CMSISv1p30_LPC17xx\inc" -I"C:\Users\student\Desktop\basic\lpc17xx_xpr_bb_140609(1)\Lib_MCU\inc" -O0 -g3 -gdwarf-4 -Wall -c -fmessage-length=0 -fno-builtin -ffunction-sections -fmerge-constants -fmacro-prefix-map="../src/"= -mcpu=cortex-m3 -mthumb -D__REDLIB__ -fstack-usage -specs=redlib.specs -MMD -MP -MF"src/lpc17xx_rtc.d" -MT"src/lpc17xx_rtc.o" -MT"src/lpc17xx_rtc.d" -o "src/lpc17xx_rtc.o" "../src/lpc17xx_rtc.c"
Building file: ../src/lpc17xx_ssp.c
Finished building: ../src/lpc17xx_exti.c
Finished building: ../src/lpc17xx_gpio.c
Finished building: ../src/lpc17xx_libcfg_default.c
Finished building: ../src/lpc17xx_can.c
Finished building: ../src/lpc17xx_mcpwm.c
 
Invoking: MCU C Compiler
Building file: ../src/lpc17xx_systick.c
arm-none-eabi-gcc -DDEBUG -D__CODE_RED -D__REDLIB__ -I"C:\Users\student\Desktop\basic\lpc17xx_xpr_bb_140609(1)\Lib_CMSISv1p30_LPC17xx\inc" -I"C:\Users\student\Desktop\basic\lpc17xx_xpr_bb_140609(1)\Lib_MCU\inc" -O0 -g3 -gdwarf-4 -Wall -c -fmessage-length=0 -fno-builtin -ffunction-sections -fmerge-constants -fmacro-prefix-map="../src/"= -mcpu=cortex-m3 -mthumb -D__REDLIB__ -fstack-usage -specs=redlib.specs -MMD -MP -MF"src/lpc17xx_ssp.d" -MT"src/lpc17xx_ssp.o" -MT"src/lpc17xx_ssp.d" -o "src/lpc17xx_ssp.o" "../src/lpc17xx_ssp.c"
 
 
 
 
Finished building: ../src/lpc17xx_i2c.c
Finished building: ../src/lpc17xx_nvic.c
Finished building: ../src/lpc17xx_pinsel.c
Finished building: ../src/lpc17xx_pwm.c
 
Invoking: MCU C Compiler
 
 
 
 
arm-none-eabi-gcc -DDEBUG -D__CODE_RED -D__REDLIB__ -I"C:\Users\student\Desktop\basic\lpc17xx_xpr_bb_140609(1)\Lib_CMSISv1p30_LPC17xx\inc" -I"C:\Users\student\Desktop\basic\lpc17xx_xpr_bb_140609(1)\Lib_MCU\inc" -O0 -g3 -gdwarf-4 -Wall -c -fmessage-length=0 -fno-builtin -ffunction-sections -fmerge-constants -fmacro-prefix-map="../src/"= -mcpu=cortex-m3 -mthumb -D__REDLIB__ -fstack-usage -specs=redlib.specs -MMD -MP -MF"src/lpc17xx_systick.d" -MT"src/lpc17xx_systick.o" -MT"src/lpc17xx_systick.d" -o "src/lpc17xx_systick.o" "../src/lpc17xx_systick.c"
Building file: ../src/lpc17xx_timer.c
Finished building: ../src/lpc17xx_qei.c
Invoking: MCU C Compiler
Building file: ../src/lpc17xx_uart.c
arm-none-eabi-gcc -DDEBUG -D__CODE_RED -D__REDLIB__ -I"C:\Users\student\Desktop\basic\lpc17xx_xpr_bb_140609(1)\Lib_CMSISv1p30_LPC17xx\inc" -I"C:\Users\student\Desktop\basic\lpc17xx_xpr_bb_140609(1)\Lib_MCU\inc" -O0 -g3 -gdwarf-4 -Wall -c -fmessage-length=0 -fno-builtin -ffunction-sections -fmerge-constants -fmacro-prefix-map="../src/"= -mcpu=cortex-m3 -mthumb -D__REDLIB__ -fstack-usage -specs=redlib.specs -MMD -MP -MF"src/lpc17xx_timer.d" -MT"src/lpc17xx_timer.o" -MT"src/lpc17xx_timer.d" -o "src/lpc17xx_timer.o" "../src/lpc17xx_timer.c"
 
Finished building: ../src/lpc17xx_rit.c
Invoking: MCU C Compiler
arm-none-eabi-gcc -DDEBUG -D__CODE_RED -D__REDLIB__ -I"C:\Users\student\Desktop\basic\lpc17xx_xpr_bb_140609(1)\Lib_CMSISv1p30_LPC17xx\inc" -I"C:\Users\student\Desktop\basic\lpc17xx_xpr_bb_140609(1)\Lib_MCU\inc" -O0 -g3 -gdwarf-4 -Wall -c -fmessage-length=0 -fno-builtin -ffunction-sections -fmerge-constants -fmacro-prefix-map="../src/"= -mcpu=cortex-m3 -mthumb -D__REDLIB__ -fstack-usage -specs=redlib.specs -MMD -MP -MF"src/lpc17xx_uart.d" -MT"src/lpc17xx_uart.o" -MT"src/lpc17xx_uart.d" -o "src/lpc17xx_uart.o" "../src/lpc17xx_uart.c"
Building file: ../src/lpc17xx_wdt.c
 
Invoking: MCU C Compiler
arm-none-eabi-gcc -DDEBUG -D__CODE_RED -D__REDLIB__ -I"C:\Users\student\Desktop\basic\lpc17xx_xpr_bb_140609(1)\Lib_CMSISv1p30_LPC17xx\inc" -I"C:\Users\student\Desktop\basic\lpc17xx_xpr_bb_140609(1)\Lib_MCU\inc" -O0 -g3 -gdwarf-4 -Wall -c -fmessage-length=0 -fno-builtin -ffunction-sections -fmerge-constants -fmacro-prefix-map="../src/"= -mcpu=cortex-m3 -mthumb -D__REDLIB__ -fstack-usage -specs=redlib.specs -MMD -MP -MF"src/lpc17xx_wdt.d" -MT"src/lpc17xx_wdt.o" -MT"src/lpc17xx_wdt.d" -o "src/lpc17xx_wdt.o" "../src/lpc17xx_wdt.c"
Finished building: ../src/lpc17xx_spi.c
 
../src/lpc17xx_timer.c: In function 'Timer0_Wait':
../src/lpc17xx_timer.c:624:9: warning: this 'while' clause does not guard... [-Wmisleading-indentation]
  624 |         while ( !(TIM_GetIntStatus(LPC_TIM0,0)));
      |         ^~~~~
../src/lpc17xx_timer.c:625:17: note: ...this statement, but the latter is misleadingly indented as if it were guarded by the 'while'
  625 |                 TIM_ClearIntPending(LPC_TIM0,0);
      |                 ^~~~~~~~~~~~~~~~~~~
../src/lpc17xx_timer.c: In function 'Timer0_us_Wait':
../src/lpc17xx_timer.c:654:9: warning: this 'while' clause does not guard... [-Wmisleading-indentation]
  654 |         while ( !(TIM_GetIntStatus(LPC_TIM0,0)));
      |         ^~~~~
../src/lpc17xx_timer.c:655:17: note: ...this statement, but the latter is misleadingly indented as if it were guarded by the 'while'
  655 |                 TIM_ClearIntPending(LPC_TIM0,0);
      |                 ^~~~~~~~~~~~~~~~~~~
../src/lpc17xx_uart.c: In function 'UART_SendString':
../src/lpc17xx_uart.c:1382:38: warning: implicit declaration of function 'strlen' [-Wimplicit-function-declaration]
 1382 |         return UART_Send(UARTx, str, strlen(str), BLOCKING);
      |                                      ^~~~~~
../src/lpc17xx_uart.c:44:1: note: 'strlen' is defined in header '<string.h>'; did you forget to '#include <string.h>'?
   43 | #include "lpc17xx_libcfg_default.h"
  +++ |+#include <string.h>
   44 | #endif /* __BUILD_WITH_EXAMPLE__ */
Finished building: ../src/lpc17xx_rtc.c
Finished building: ../src/lpc17xx_ssp.c
Finished building: ../src/lpc17xx_systick.c
 
 
 
Finished building: ../src/lpc17xx_timer.c
Finished building: ../src/lpc17xx_wdt.c
 
 
Finished building: ../src/lpc17xx_uart.c
 
Building target: libLib_MCU.a
Invoking: MCU Archiver
arm-none-eabi-ar -r  "libLib_MCU.a" ./src/lpc17xx_adc.o ./src/lpc17xx_can.o ./src/lpc17xx_clkpwr.o ./src/lpc17xx_dac.o ./src/lpc17xx_emac.o ./src/lpc17xx_exti.o ./src/lpc17xx_gpdma.o ./src/lpc17xx_gpio.o ./src/lpc17xx_i2c.o ./src/lpc17xx_i2s.o ./src/lpc17xx_libcfg_default.o ./src/lpc17xx_mcpwm.o ./src/lpc17xx_nvic.o ./src/lpc17xx_pinsel.o ./src/lpc17xx_pwm.o ./src/lpc17xx_qei.o ./src/lpc17xx_rit.o ./src/lpc17xx_rtc.o ./src/lpc17xx_spi.o ./src/lpc17xx_ssp.o ./src/lpc17xx_systick.o ./src/lpc17xx_timer.o ./src/lpc17xx_uart.o ./src/lpc17xx_wdt.o   
arm-none-eabi-ar: creating libLib_MCU.a
Finished building target: libLib_MCU.a
 
Performing post-build steps
arm-none-eabi-size libLib_MCU.a ; # arm-none-eabi-objdump -h -S libLib_MCU.a >libLib_MCU.lss
   text	   data	    bss	    dec	    hex	filename
   1250	      0	      0	   1250	    4e2	lpc17xx_adc.o (ex libLib_MCU.a)
  11102	      0	     12	  11114	   2b6a	lpc17xx_can.o (ex libLib_MCU.a)
    550	      0	      0	    550	    226	lpc17xx_clkpwr.o (ex libLib_MCU.a)
    374	      0	      0	    374	    176	lpc17xx_dac.o (ex libLib_MCU.a)
   2655	      0	  10852	  13507	   34c3	lpc17xx_emac.o (ex libLib_MCU.a)
    352	      0	      0	    352	    160	lpc17xx_exti.o (ex libLib_MCU.a)
   1552	     32	      0	   1584	    630	lpc17xx_gpdma.o (ex libLib_MCU.a)
   2114	      0	      0	   2114	    842	lpc17xx_gpio.o (ex libLib_MCU.a)
   5000	      0	     52	   5052	   13bc	lpc17xx_i2c.o (ex libLib_MCU.a)
   2748	      0	      0	   2748	    abc	lpc17xx_i2s.o (ex libLib_MCU.a)
     14	      0	      0	     14	      e	lpc17xx_libcfg_default.o (ex libLib_MCU.a)
   1808	      0	      0	   1808	    710	lpc17xx_mcpwm.o (ex libLib_MCU.a)
    232	      0	      0	    232	     e8	lpc17xx_nvic.o (ex libLib_MCU.a)
    550	      0	      0	    550	    226	lpc17xx_pinsel.o (ex libLib_MCU.a)
   2770	      0	      0	   2770	    ad2	lpc17xx_pwm.o (ex libLib_MCU.a)
   2212	      0	      0	   2212	    8a4	lpc17xx_qei.o (ex libLib_MCU.a)
    550	      0	      0	    550	    226	lpc17xx_rit.o (ex libLib_MCU.a)
   3898	      0	      0	   3898	    f3a	lpc17xx_rtc.o (ex libLib_MCU.a)
   1352	      0	      0	   1352	    548	lpc17xx_spi.o (ex libLib_MCU.a)
   2596	      0	      0	   2596	    a24	lpc17xx_ssp.o (ex libLib_MCU.a)
    494	      0	      0	    494	    1ee	lpc17xx_systick.o (ex libLib_MCU.a)
   2794	      0	      0	   2794	    aea	lpc17xx_timer.o (ex libLib_MCU.a)
   5553	      0	      0	   5553	   15b1	lpc17xx_uart.o (ex libLib_MCU.a)
    732	      0	      0	    732	    2dc	lpc17xx_wdt.o (ex libLib_MCU.a)
 

17:35:34 Build Finished. 0 errors, 5 warnings. (took 1s.77ms)

