15:16:55 **** Incremental Build of configuration Debug for project Lib_EaBaseBoard ****
make -r -j16 all 
Building file: ../src/acc.c
Building file: ../src/eeprom.c
Building file: ../src/flash.c
Building file: ../src/font5x7.c
Invoking: MCU C Compiler
Invoking: MCU C Compiler
Invoking: MCU C Compiler
arm-none-eabi-gcc -DDEBUG -D__CODE_RED -D__REDLIB__ -I"C:\Users\student\Desktop\basic\lpc17xx_xpr_bb_140609(1)\Lib_CMSISv1p30_LPC17xx\inc" -I"C:\Users\student\Desktop\basic\lpc17xx_xpr_bb_140609(1)\Lib_EaBaseBoard\inc" -I"C:\Users\student\Desktop\basic\lpc17xx_xpr_bb_140609(1)\Lib_MCU\inc" -O0 -g3 -gdwarf-4 -Wall -c -fmessage-length=0 -fno-builtin -ffunction-sections -fmerge-constants -fmacro-prefix-map="../src/"= -mcpu=cortex-m3 -mthumb -D__REDLIB__ -fstack-usage -specs=redlib.specs -MMD -MP -MF"src/acc.d" -MT"src/acc.o" -MT"src/acc.d" -o "src/acc.o" "../src/acc.c"
Invoking: MCU C Compiler
arm-none-eabi-gcc -DDEBUG -D__CODE_RED -D__REDLIB__ -I"C:\Users\student\Desktop\basic\lpc17xx_xpr_bb_140609(1)\Lib_CMSISv1p30_LPC17xx\inc" -I"C:\Users\student\Desktop\basic\lpc17xx_xpr_bb_140609(1)\Lib_EaBaseBoard\inc" -I"C:\Users\student\Desktop\basic\lpc17xx_xpr_bb_140609(1)\Lib_MCU\inc" -O0 -g3 -gdwarf-4 -Wall -c -fmessage-length=0 -fno-builtin -ffunction-sections -fmerge-constants -fmacro-prefix-map="../src/"= -mcpu=cortex-m3 -mthumb -D__REDLIB__ -fstack-usage -specs=redlib.specs -MMD -MP -MF"src/eeprom.d" -MT"src/eeprom.o" -MT"src/eeprom.d" -o "src/eeprom.o" "../src/eeprom.c"
Building file: ../src/joystick.c
arm-none-eabi-gcc -DDEBUG -D__CODE_RED -D__REDLIB__ -I"C:\Users\student\Desktop\basic\lpc17xx_xpr_bb_140609(1)\Lib_CMSISv1p30_LPC17xx\inc" -I"C:\Users\student\Desktop\basic\lpc17xx_xpr_bb_140609(1)\Lib_EaBaseBoard\inc" -I"C:\Users\student\Desktop\basic\lpc17xx_xpr_bb_140609(1)\Lib_MCU\inc" -O0 -g3 -gdwarf-4 -Wall -c -fmessage-length=0 -fno-builtin -ffunction-sections -fmerge-constants -fmacro-prefix-map="../src/"= -mcpu=cortex-m3 -mthumb -D__REDLIB__ -fstack-usage -specs=redlib.specs -MMD -MP -MF"src/flash.d" -MT"src/flash.o" -MT"src/flash.d" -o "src/flash.o" "../src/flash.c"
arm-none-eabi-gcc -DDEBUG -D__CODE_RED -D__REDLIB__ -I"C:\Users\student\Desktop\basic\lpc17xx_xpr_bb_140609(1)\Lib_CMSISv1p30_LPC17xx\inc" -I"C:\Users\student\Desktop\basic\lpc17xx_xpr_bb_140609(1)\Lib_EaBaseBoard\inc" -I"C:\Users\student\Desktop\basic\lpc17xx_xpr_bb_140609(1)\Lib_MCU\inc" -O0 -g3 -gdwarf-4 -Wall -c -fmessage-length=0 -fno-builtin -ffunction-sections -fmerge-constants -fmacro-prefix-map="../src/"= -mcpu=cortex-m3 -mthumb -D__REDLIB__ -fstack-usage -specs=redlib.specs -MMD -MP -MF"src/font5x7.d" -MT"src/font5x7.o" -MT"src/font5x7.d" -o "src/font5x7.o" "../src/font5x7.c"
Invoking: MCU C Compiler
Building file: ../src/led7seg.c
arm-none-eabi-gcc -DDEBUG -D__CODE_RED -D__REDLIB__ -I"C:\Users\student\Desktop\basic\lpc17xx_xpr_bb_140609(1)\Lib_CMSISv1p30_LPC17xx\inc" -I"C:\Users\student\Desktop\basic\lpc17xx_xpr_bb_140609(1)\Lib_EaBaseBoard\inc" -I"C:\Users\student\Desktop\basic\lpc17xx_xpr_bb_140609(1)\Lib_MCU\inc" -O0 -g3 -gdwarf-4 -Wall -c -fmessage-length=0 -fno-builtin -ffunction-sections -fmerge-constants -fmacro-prefix-map="../src/"= -mcpu=cortex-m3 -mthumb -D__REDLIB__ -fstack-usage -specs=redlib.specs -MMD -MP -MF"src/joystick.d" -MT"src/joystick.o" -MT"src/joystick.d" -o "src/joystick.o" "../src/joystick.c"
Building file: ../src/light.c
Building file: ../src/oled.c
Invoking: MCU C Compiler
Invoking: MCU C Compiler
Building file: ../src/pca9532.c
arm-none-eabi-gcc -DDEBUG -D__CODE_RED -D__REDLIB__ -I"C:\Users\student\Desktop\basic\lpc17xx_xpr_bb_140609(1)\Lib_CMSISv1p30_LPC17xx\inc" -I"C:\Users\student\Desktop\basic\lpc17xx_xpr_bb_140609(1)\Lib_EaBaseBoard\inc" -I"C:\Users\student\Desktop\basic\lpc17xx_xpr_bb_140609(1)\Lib_MCU\inc" -O0 -g3 -gdwarf-4 -Wall -c -fmessage-length=0 -fno-builtin -ffunction-sections -fmerge-constants -fmacro-prefix-map="../src/"= -mcpu=cortex-m3 -mthumb -D__REDLIB__ -fstack-usage -specs=redlib.specs -MMD -MP -MF"src/led7seg.d" -MT"src/led7seg.o" -MT"src/led7seg.d" -o "src/led7seg.o" "../src/led7seg.c"
Invoking: MCU C Compiler
arm-none-eabi-gcc -DDEBUG -D__CODE_RED -D__REDLIB__ -I"C:\Users\student\Desktop\basic\lpc17xx_xpr_bb_140609(1)\Lib_CMSISv1p30_LPC17xx\inc" -I"C:\Users\student\Desktop\basic\lpc17xx_xpr_bb_140609(1)\Lib_EaBaseBoard\inc" -I"C:\Users\student\Desktop\basic\lpc17xx_xpr_bb_140609(1)\Lib_MCU\inc" -O0 -g3 -gdwarf-4 -Wall -c -fmessage-length=0 -fno-builtin -ffunction-sections -fmerge-constants -fmacro-prefix-map="../src/"= -mcpu=cortex-m3 -mthumb -D__REDLIB__ -fstack-usage -specs=redlib.specs -MMD -MP -MF"src/light.d" -MT"src/light.o" -MT"src/light.d" -o "src/light.o" "../src/light.c"
Building file: ../src/rgb.c
arm-none-eabi-gcc -DDEBUG -D__CODE_RED -D__REDLIB__ -I"C:\Users\student\Desktop\basic\lpc17xx_xpr_bb_140609(1)\Lib_CMSISv1p30_LPC17xx\inc" -I"C:\Users\student\Desktop\basic\lpc17xx_xpr_bb_140609(1)\Lib_EaBaseBoard\inc" -I"C:\Users\student\Desktop\basic\lpc17xx_xpr_bb_140609(1)\Lib_MCU\inc" -O0 -g3 -gdwarf-4 -Wall -c -fmessage-length=0 -fno-builtin -ffunction-sections -fmerge-constants -fmacro-prefix-map="../src/"= -mcpu=cortex-m3 -mthumb -D__REDLIB__ -fstack-usage -specs=redlib.specs -MMD -MP -MF"src/oled.d" -MT"src/oled.o" -MT"src/oled.d" -o "src/oled.o" "../src/oled.c"
Invoking: MCU C Compiler
arm-none-eabi-gcc -DDEBUG -D__CODE_RED -D__REDLIB__ -I"C:\Users\student\Desktop\basic\lpc17xx_xpr_bb_140609(1)\Lib_CMSISv1p30_LPC17xx\inc" -I"C:\Users\student\Desktop\basic\lpc17xx_xpr_bb_140609(1)\Lib_EaBaseBoard\inc" -I"C:\Users\student\Desktop\basic\lpc17xx_xpr_bb_140609(1)\Lib_MCU\inc" -O0 -g3 -gdwarf-4 -Wall -c -fmessage-length=0 -fno-builtin -ffunction-sections -fmerge-constants -fmacro-prefix-map="../src/"= -mcpu=cortex-m3 -mthumb -D__REDLIB__ -fstack-usage -specs=redlib.specs -MMD -MP -MF"src/pca9532.d" -MT"src/pca9532.o" -MT"src/pca9532.d" -o "src/pca9532.o" "../src/pca9532.c"
Invoking: MCU C Compiler
Building file: ../src/rotary.c
Building file: ../src/temp.c
arm-none-eabi-gcc -DDEBUG -D__CODE_RED -D__REDLIB__ -I"C:\Users\student\Desktop\basic\lpc17xx_xpr_bb_140609(1)\Lib_CMSISv1p30_LPC17xx\inc" -I"C:\Users\student\Desktop\basic\lpc17xx_xpr_bb_140609(1)\Lib_EaBaseBoard\inc" -I"C:\Users\student\Desktop\basic\lpc17xx_xpr_bb_140609(1)\Lib_MCU\inc" -O0 -g3 -gdwarf-4 -Wall -c -fmessage-length=0 -fno-builtin -ffunction-sections -fmerge-constants -fmacro-prefix-map="../src/"= -mcpu=cortex-m3 -mthumb -D__REDLIB__ -fstack-usage -specs=redlib.specs -MMD -MP -MF"src/rgb.d" -MT"src/rgb.o" -MT"src/rgb.d" -o "src/rgb.o" "../src/rgb.c"
Building file: ../src/uart2.c
Invoking: MCU C Compiler
Invoking: MCU C Compiler
arm-none-eabi-gcc -DDEBUG -D__CODE_RED -D__REDLIB__ -I"C:\Users\student\Desktop\basic\lpc17xx_xpr_bb_140609(1)\Lib_CMSISv1p30_LPC17xx\inc" -I"C:\Users\student\Desktop\basic\lpc17xx_xpr_bb_140609(1)\Lib_EaBaseBoard\inc" -I"C:\Users\student\Desktop\basic\lpc17xx_xpr_bb_140609(1)\Lib_MCU\inc" -O0 -g3 -gdwarf-4 -Wall -c -fmessage-length=0 -fno-builtin -ffunction-sections -fmerge-constants -fmacro-prefix-map="../src/"= -mcpu=cortex-m3 -mthumb -D__REDLIB__ -fstack-usage -specs=redlib.specs -MMD -MP -MF"src/rotary.d" -MT"src/rotary.o" -MT"src/rotary.d" -o "src/rotary.o" "../src/rotary.c"
Invoking: MCU C Compiler
arm-none-eabi-gcc -DDEBUG -D__CODE_RED -D__REDLIB__ -I"C:\Users\student\Desktop\basic\lpc17xx_xpr_bb_140609(1)\Lib_CMSISv1p30_LPC17xx\inc" -I"C:\Users\student\Desktop\basic\lpc17xx_xpr_bb_140609(1)\Lib_EaBaseBoard\inc" -I"C:\Users\student\Desktop\basic\lpc17xx_xpr_bb_140609(1)\Lib_MCU\inc" -O0 -g3 -gdwarf-4 -Wall -c -fmessage-length=0 -fno-builtin -ffunction-sections -fmerge-constants -fmacro-prefix-map="../src/"= -mcpu=cortex-m3 -mthumb -D__REDLIB__ -fstack-usage -specs=redlib.specs -MMD -MP -MF"src/temp.d" -MT"src/temp.o" -MT"src/temp.d" -o "src/temp.o" "../src/temp.c"
arm-none-eabi-gcc -DDEBUG -D__CODE_RED -D__REDLIB__ -I"C:\Users\student\Desktop\basic\lpc17xx_xpr_bb_140609(1)\Lib_CMSISv1p30_LPC17xx\inc" -I"C:\Users\student\Desktop\basic\lpc17xx_xpr_bb_140609(1)\Lib_EaBaseBoard\inc" -I"C:\Users\student\Desktop\basic\lpc17xx_xpr_bb_140609(1)\Lib_MCU\inc" -O0 -g3 -gdwarf-4 -Wall -c -fmessage-length=0 -fno-builtin -ffunction-sections -fmerge-constants -fmacro-prefix-map="../src/"= -mcpu=cortex-m3 -mthumb -D__REDLIB__ -fstack-usage -specs=redlib.specs -MMD -MP -MF"src/uart2.d" -MT"src/uart2.o" -MT"src/uart2.d" -o "src/uart2.o" "../src/uart2.c"
Finished building: ../src/font5x7.c
Finished building: ../src/acc.c
 
 
Finished building: ../src/flash.c
Finished building: ../src/joystick.c
 
 
Finished building: ../src/eeprom.c
Finished building: ../src/led7seg.c
 
Finished building: ../src/rgb.c
Finished building: ../src/light.c
Finished building: ../src/oled.c
 
Finished building: ../src/rotary.c
Finished building: ../src/pca9532.c
Finished building: ../src/temp.c
 
 
 
 
 
 
Finished building: ../src/uart2.c
 
Building target: libLib_EaBaseBoard.a
Invoking: MCU Archiver
arm-none-eabi-ar -r  "libLib_EaBaseBoard.a" ./src/acc.o ./src/eeprom.o ./src/flash.o ./src/font5x7.o ./src/joystick.o ./src/led7seg.o ./src/light.o ./src/oled.o ./src/pca9532.o ./src/rgb.o ./src/rotary.o ./src/temp.o ./src/uart2.o   
arm-none-eabi-ar: creating libLib_EaBaseBoard.a
Finished building target: libLib_EaBaseBoard.a
 
Performing post-build steps
arm-none-eabi-size libLib_EaBaseBoard.a ; # arm-none-eabi-objdump -h -S libLib_EaBaseBoard.a >libLib_EaBaseBoard.lss
   text	   data	    bss	    dec	    hex	filename
    574	      0	      0	    574	    23e	acc.o (ex libLib_EaBaseBoard.a)
    590	      0	      0	    590	    24e	eeprom.o (ex libLib_EaBaseBoard.a)
   1359	     80	     12	   1451	    5ab	flash.o (ex libLib_EaBaseBoard.a)
    768	      0	      0	    768	    300	font5x7.o (ex libLib_EaBaseBoard.a)
    164	      0	      0	    164	     a4	joystick.o (ex libLib_EaBaseBoard.a)
    142	     80	      0	    222	     de	led7seg.o (ex libLib_EaBaseBoard.a)
   1170	      8	      0	   1178	    49a	light.o (ex libLib_EaBaseBoard.a)
   3020	      0	    768	   3788	    ecc	oled.o (ex libLib_EaBaseBoard.a)
   1042	      0	      6	   1048	    418	pca9532.o (ex libLib_EaBaseBoard.a)
    146	      0	      0	    146	     92	rgb.o (ex libLib_EaBaseBoard.a)
    232	      0	      0	    232	     e8	rotary.o (ex libLib_EaBaseBoard.a)
    276	      0	      4	    280	    118	temp.o (ex libLib_EaBaseBoard.a)
    840	      0	      1	    841	    349	uart2.o (ex libLib_EaBaseBoard.a)
 

15:16:56 Build Finished. 0 errors, 0 warnings. (took 784ms)

